<?xml version="1.0"?>
<link_info>
   <banner>TI ARM Linker PC v5.2.5</banner>
   <copyright>Copyright (c) 1996-2015 Texas Instruments Incorporated</copyright>
   <link_time>0x563e97f6</link_time>
   <link_errors>0x0</link_errors>
   <output_file>lab2.out</output_file>
   <entry_point>
      <name>_c_int00</name>
      <address>0x3791</address>
   </entry_point>
   <input_file_list>
      <input_file id="fl-2">
         <path>.\</path>
         <kind>object</kind>
         <file>main.obj</file>
         <name>main.obj</name>
      </input_file>
      <input_file id="fl-3">
         <path>.\</path>
         <kind>object</kind>
         <file>tm4c123gh6pm_startup_ccs.obj</file>
         <name>tm4c123gh6pm_startup_ccs.obj</name>
      </input_file>
      <input_file id="fl-9">
         <path>C:\ti\TivaWare_C_Series-2.1.1.71\driverlib\ccs\Debug\</path>
         <kind>archive</kind>
         <file>driverlib.lib</file>
         <name>gpio.obj</name>
      </input_file>
      <input_file id="fl-a">
         <path>C:\ti\TivaWare_C_Series-2.1.1.71\driverlib\ccs\Debug\</path>
         <kind>archive</kind>
         <file>driverlib.lib</file>
         <name>i2c.obj</name>
      </input_file>
      <input_file id="fl-b">
         <path>C:\ti\TivaWare_C_Series-2.1.1.71\driverlib\ccs\Debug\</path>
         <kind>archive</kind>
         <file>driverlib.lib</file>
         <name>interrupt.obj</name>
      </input_file>
      <input_file id="fl-c">
         <path>C:\ti\TivaWare_C_Series-2.1.1.71\driverlib\ccs\Debug\</path>
         <kind>archive</kind>
         <file>driverlib.lib</file>
         <name>sysctl.obj</name>
      </input_file>
      <input_file id="fl-d">
         <path>C:\ti\TivaWare_C_Series-2.1.1.71\driverlib\ccs\Debug\</path>
         <kind>archive</kind>
         <file>driverlib.lib</file>
         <name>cpu.obj</name>
      </input_file>
      <input_file id="fl-12f">
         <path>C:\ti\ccsv6\tools\compiler\ti-cgt-arm_5.2.5\lib\</path>
         <kind>archive</kind>
         <file>rtsv7M4_T_le_v4SPD16_eabi.lib</file>
         <name>boot.obj</name>
      </input_file>
      <input_file id="fl-130">
         <path>C:\ti\ccsv6\tools\compiler\ti-cgt-arm_5.2.5\lib\</path>
         <kind>archive</kind>
         <file>rtsv7M4_T_le_v4SPD16_eabi.lib</file>
         <name>copy_decompress_none.obj</name>
      </input_file>
      <input_file id="fl-131">
         <path>C:\ti\ccsv6\tools\compiler\ti-cgt-arm_5.2.5\lib\</path>
         <kind>archive</kind>
         <file>rtsv7M4_T_le_v4SPD16_eabi.lib</file>
         <name>copy_decompress_rle.obj</name>
      </input_file>
      <input_file id="fl-132">
         <path>C:\ti\ccsv6\tools\compiler\ti-cgt-arm_5.2.5\lib\</path>
         <kind>archive</kind>
         <file>rtsv7M4_T_le_v4SPD16_eabi.lib</file>
         <name>copy_zero_init.obj</name>
      </input_file>
      <input_file id="fl-133">
         <path>C:\ti\ccsv6\tools\compiler\ti-cgt-arm_5.2.5\lib\</path>
         <kind>archive</kind>
         <file>rtsv7M4_T_le_v4SPD16_eabi.lib</file>
         <name>defs.obj</name>
      </input_file>
      <input_file id="fl-134">
         <path>C:\ti\ccsv6\tools\compiler\ti-cgt-arm_5.2.5\lib\</path>
         <kind>archive</kind>
         <file>rtsv7M4_T_le_v4SPD16_eabi.lib</file>
         <name>exit.obj</name>
      </input_file>
      <input_file id="fl-135">
         <path>C:\ti\ccsv6\tools\compiler\ti-cgt-arm_5.2.5\lib\</path>
         <kind>archive</kind>
         <file>rtsv7M4_T_le_v4SPD16_eabi.lib</file>
         <name>fprintf.obj</name>
      </input_file>
      <input_file id="fl-136">
         <path>C:\ti\ccsv6\tools\compiler\ti-cgt-arm_5.2.5\lib\</path>
         <kind>archive</kind>
         <file>rtsv7M4_T_le_v4SPD16_eabi.lib</file>
         <name>fputc.obj</name>
      </input_file>
      <input_file id="fl-137">
         <path>C:\ti\ccsv6\tools\compiler\ti-cgt-arm_5.2.5\lib\</path>
         <kind>archive</kind>
         <file>rtsv7M4_T_le_v4SPD16_eabi.lib</file>
         <name>fputs.obj</name>
      </input_file>
      <input_file id="fl-138">
         <path>C:\ti\ccsv6\tools\compiler\ti-cgt-arm_5.2.5\lib\</path>
         <kind>archive</kind>
         <file>rtsv7M4_T_le_v4SPD16_eabi.lib</file>
         <name>lowlev.obj</name>
      </input_file>
      <input_file id="fl-139">
         <path>C:\ti\ccsv6\tools\compiler\ti-cgt-arm_5.2.5\lib\</path>
         <kind>archive</kind>
         <file>rtsv7M4_T_le_v4SPD16_eabi.lib</file>
         <name>memchr.obj</name>
      </input_file>
      <input_file id="fl-13a">
         <path>C:\ti\ccsv6\tools\compiler\ti-cgt-arm_5.2.5\lib\</path>
         <kind>archive</kind>
         <file>rtsv7M4_T_le_v4SPD16_eabi.lib</file>
         <name>memcpy_t2.obj</name>
      </input_file>
      <input_file id="fl-13b">
         <path>C:\ti\ccsv6\tools\compiler\ti-cgt-arm_5.2.5\lib\</path>
         <kind>archive</kind>
         <file>rtsv7M4_T_le_v4SPD16_eabi.lib</file>
         <name>memset_t2.obj</name>
      </input_file>
      <input_file id="fl-13c">
         <path>C:\ti\ccsv6\tools\compiler\ti-cgt-arm_5.2.5\lib\</path>
         <kind>archive</kind>
         <file>rtsv7M4_T_le_v4SPD16_eabi.lib</file>
         <name>pre_init.obj</name>
      </input_file>
      <input_file id="fl-13d">
         <path>C:\ti\ccsv6\tools\compiler\ti-cgt-arm_5.2.5\lib\</path>
         <kind>archive</kind>
         <file>rtsv7M4_T_le_v4SPD16_eabi.lib</file>
         <name>stkdepth_vars.obj</name>
      </input_file>
      <input_file id="fl-13e">
         <path>C:\ti\ccsv6\tools\compiler\ti-cgt-arm_5.2.5\lib\</path>
         <kind>archive</kind>
         <file>rtsv7M4_T_le_v4SPD16_eabi.lib</file>
         <name>strchr.obj</name>
      </input_file>
      <input_file id="fl-13f">
         <path>C:\ti\ccsv6\tools\compiler\ti-cgt-arm_5.2.5\lib\</path>
         <kind>archive</kind>
         <file>rtsv7M4_T_le_v4SPD16_eabi.lib</file>
         <name>strcmp.obj</name>
      </input_file>
      <input_file id="fl-140">
         <path>C:\ti\ccsv6\tools\compiler\ti-cgt-arm_5.2.5\lib\</path>
         <kind>archive</kind>
         <file>rtsv7M4_T_le_v4SPD16_eabi.lib</file>
         <name>strlen.obj</name>
      </input_file>
      <input_file id="fl-141">
         <path>C:\ti\ccsv6\tools\compiler\ti-cgt-arm_5.2.5\lib\</path>
         <kind>archive</kind>
         <file>rtsv7M4_T_le_v4SPD16_eabi.lib</file>
         <name>strncpy.obj</name>
      </input_file>
      <input_file id="fl-142">
         <path>C:\ti\ccsv6\tools\compiler\ti-cgt-arm_5.2.5\lib\</path>
         <kind>archive</kind>
         <file>rtsv7M4_T_le_v4SPD16_eabi.lib</file>
         <name>trgdrv.obj</name>
      </input_file>
      <input_file id="fl-143">
         <path>C:\ti\ccsv6\tools\compiler\ti-cgt-arm_5.2.5\lib\</path>
         <kind>archive</kind>
         <file>rtsv7M4_T_le_v4SPD16_eabi.lib</file>
         <name>trgmsg.obj</name>
      </input_file>
      <input_file id="fl-144">
         <path>C:\ti\ccsv6\tools\compiler\ti-cgt-arm_5.2.5\lib\</path>
         <kind>archive</kind>
         <file>rtsv7M4_T_le_v4SPD16_eabi.lib</file>
         <name>_io_perm.obj</name>
      </input_file>
      <input_file id="fl-145">
         <path>C:\ti\ccsv6\tools\compiler\ti-cgt-arm_5.2.5\lib\</path>
         <kind>archive</kind>
         <file>rtsv7M4_T_le_v4SPD16_eabi.lib</file>
         <name>_lock.obj</name>
      </input_file>
      <input_file id="fl-146">
         <path>C:\ti\ccsv6\tools\compiler\ti-cgt-arm_5.2.5\lib\</path>
         <kind>archive</kind>
         <file>rtsv7M4_T_le_v4SPD16_eabi.lib</file>
         <name>_printfi.obj</name>
      </input_file>
      <input_file id="fl-147">
         <path>C:\ti\ccsv6\tools\compiler\ti-cgt-arm_5.2.5\lib\</path>
         <kind>archive</kind>
         <file>rtsv7M4_T_le_v4SPD16_eabi.lib</file>
         <name>args_main.obj</name>
      </input_file>
      <input_file id="fl-148">
         <path>C:\ti\ccsv6\tools\compiler\ti-cgt-arm_5.2.5\lib\</path>
         <kind>archive</kind>
         <file>rtsv7M4_T_le_v4SPD16_eabi.lib</file>
         <name>atoi.obj</name>
      </input_file>
      <input_file id="fl-149">
         <path>C:\ti\ccsv6\tools\compiler\ti-cgt-arm_5.2.5\lib\</path>
         <kind>archive</kind>
         <file>rtsv7M4_T_le_v4SPD16_eabi.lib</file>
         <name>autoinit.obj</name>
      </input_file>
      <input_file id="fl-14a">
         <path>C:\ti\ccsv6\tools\compiler\ti-cgt-arm_5.2.5\lib\</path>
         <kind>archive</kind>
         <file>rtsv7M4_T_le_v4SPD16_eabi.lib</file>
         <name>cpy_tbl.obj</name>
      </input_file>
      <input_file id="fl-14b">
         <path>C:\ti\ccsv6\tools\compiler\ti-cgt-arm_5.2.5\lib\</path>
         <kind>archive</kind>
         <file>rtsv7M4_T_le_v4SPD16_eabi.lib</file>
         <name>ctype.obj</name>
      </input_file>
      <input_file id="fl-14c">
         <path>C:\ti\ccsv6\tools\compiler\ti-cgt-arm_5.2.5\lib\</path>
         <kind>archive</kind>
         <file>rtsv7M4_T_le_v4SPD16_eabi.lib</file>
         <name>fd_add_t2.obj</name>
      </input_file>
      <input_file id="fl-14d">
         <path>C:\ti\ccsv6\tools\compiler\ti-cgt-arm_5.2.5\lib\</path>
         <kind>archive</kind>
         <file>rtsv7M4_T_le_v4SPD16_eabi.lib</file>
         <name>fd_cmp_t2.obj</name>
      </input_file>
      <input_file id="fl-14e">
         <path>C:\ti\ccsv6\tools\compiler\ti-cgt-arm_5.2.5\lib\</path>
         <kind>archive</kind>
         <file>rtsv7M4_T_le_v4SPD16_eabi.lib</file>
         <name>fd_div_t2.obj</name>
      </input_file>
      <input_file id="fl-14f">
         <path>C:\ti\ccsv6\tools\compiler\ti-cgt-arm_5.2.5\lib\</path>
         <kind>archive</kind>
         <file>rtsv7M4_T_le_v4SPD16_eabi.lib</file>
         <name>fd_mul_t2.obj</name>
      </input_file>
      <input_file id="fl-150">
         <path>C:\ti\ccsv6\tools\compiler\ti-cgt-arm_5.2.5\lib\</path>
         <kind>archive</kind>
         <file>rtsv7M4_T_le_v4SPD16_eabi.lib</file>
         <name>fd_toi_t2.obj</name>
      </input_file>
      <input_file id="fl-151">
         <path>C:\ti\ccsv6\tools\compiler\ti-cgt-arm_5.2.5\lib\</path>
         <kind>archive</kind>
         <file>rtsv7M4_T_le_v4SPD16_eabi.lib</file>
         <name>fflush.obj</name>
      </input_file>
      <input_file id="fl-152">
         <path>C:\ti\ccsv6\tools\compiler\ti-cgt-arm_5.2.5\lib\</path>
         <kind>archive</kind>
         <file>rtsv7M4_T_le_v4SPD16_eabi.lib</file>
         <name>frexp.obj</name>
      </input_file>
      <input_file id="fl-153">
         <path>C:\ti\ccsv6\tools\compiler\ti-cgt-arm_5.2.5\lib\</path>
         <kind>archive</kind>
         <file>rtsv7M4_T_le_v4SPD16_eabi.lib</file>
         <name>fseek.obj</name>
      </input_file>
      <input_file id="fl-154">
         <path>C:\ti\ccsv6\tools\compiler\ti-cgt-arm_5.2.5\lib\</path>
         <kind>archive</kind>
         <file>rtsv7M4_T_le_v4SPD16_eabi.lib</file>
         <name>i_tofd_t2.obj</name>
      </input_file>
      <input_file id="fl-155">
         <path>C:\ti\ccsv6\tools\compiler\ti-cgt-arm_5.2.5\lib\</path>
         <kind>archive</kind>
         <file>rtsv7M4_T_le_v4SPD16_eabi.lib</file>
         <name>ldexp.obj</name>
      </input_file>
      <input_file id="fl-156">
         <path>C:\ti\ccsv6\tools\compiler\ti-cgt-arm_5.2.5\lib\</path>
         <kind>archive</kind>
         <file>rtsv7M4_T_le_v4SPD16_eabi.lib</file>
         <name>ltoa.obj</name>
      </input_file>
      <input_file id="fl-157">
         <path>C:\ti\ccsv6\tools\compiler\ti-cgt-arm_5.2.5\lib\</path>
         <kind>archive</kind>
         <file>rtsv7M4_T_le_v4SPD16_eabi.lib</file>
         <name>memccpy.obj</name>
      </input_file>
      <input_file id="fl-158">
         <path>C:\ti\ccsv6\tools\compiler\ti-cgt-arm_5.2.5\lib\</path>
         <kind>archive</kind>
         <file>rtsv7M4_T_le_v4SPD16_eabi.lib</file>
         <name>setvbuf.obj</name>
      </input_file>
      <input_file id="fl-159">
         <path>C:\ti\ccsv6\tools\compiler\ti-cgt-arm_5.2.5\lib\</path>
         <kind>archive</kind>
         <file>rtsv7M4_T_le_v4SPD16_eabi.lib</file>
         <name>strcpy.obj</name>
      </input_file>
      <input_file id="fl-15a">
         <path>C:\ti\ccsv6\tools\compiler\ti-cgt-arm_5.2.5\lib\</path>
         <kind>archive</kind>
         <file>rtsv7M4_T_le_v4SPD16_eabi.lib</file>
         <name>ull_div_t2.obj</name>
      </input_file>
      <input_file id="fl-15b">
         <path>C:\ti\ccsv6\tools\compiler\ti-cgt-arm_5.2.5\lib\</path>
         <kind>archive</kind>
         <file>rtsv7M4_T_le_v4SPD16_eabi.lib</file>
         <name>xdclass.obj</name>
      </input_file>
      <input_file id="fl-15c">
         <path>C:\ti\ccsv6\tools\compiler\ti-cgt-arm_5.2.5\lib\</path>
         <kind>archive</kind>
         <file>rtsv7M4_T_le_v4SPD16_eabi.lib</file>
         <name>xdscale.obj</name>
      </input_file>
      <input_file id="fl-15d">
         <path>C:\ti\ccsv6\tools\compiler\ti-cgt-arm_5.2.5\lib\</path>
         <kind>archive</kind>
         <file>rtsv7M4_T_le_v4SPD16_eabi.lib</file>
         <name>xdunscal.obj</name>
      </input_file>
      <input_file id="fl-15e">
         <path>C:\ti\ccsv6\tools\compiler\ti-cgt-arm_5.2.5\lib\</path>
         <kind>archive</kind>
         <file>rtsv7M4_T_le_v4SPD16_eabi.lib</file>
         <name>xferaise.obj</name>
      </input_file>
      <input_file id="fl-15f">
         <path>C:\ti\ccsv6\tools\compiler\ti-cgt-arm_5.2.5\lib\</path>
         <kind>archive</kind>
         <file>rtsv7M4_T_le_v4SPD16_eabi.lib</file>
         <name>xvalues.obj</name>
      </input_file>
      <input_file id="fl-160">
         <path>C:\ti\ccsv6\tools\compiler\ti-cgt-arm_5.2.5\lib\</path>
         <kind>archive</kind>
         <file>rtsv7M4_T_le_v4SPD16_eabi.lib</file>
         <name>errno.obj</name>
      </input_file>
      <input_file id="fl-161">
         <path>C:\ti\ccsv6\tools\compiler\ti-cgt-arm_5.2.5\lib\</path>
         <kind>archive</kind>
         <file>rtsv7M4_T_le_v4SPD16_eabi.lib</file>
         <name>feraiseexcept.obj</name>
      </input_file>
      <input_file id="fl-162">
         <path>C:\ti\ccsv6\tools\compiler\ti-cgt-arm_5.2.5\lib\</path>
         <kind>archive</kind>
         <file>rtsv7M4_T_le_v4SPD16_eabi.lib</file>
         <name>fopen.obj</name>
      </input_file>
      <input_file id="fl-163">
         <path>C:\ti\ccsv6\tools\compiler\ti-cgt-arm_5.2.5\lib\</path>
         <kind>archive</kind>
         <file>rtsv7M4_T_le_v4SPD16_eabi.lib</file>
         <name>memory.obj</name>
      </input_file>
      <input_file id="fl-164">
         <path>C:\ti\ccsv6\tools\compiler\ti-cgt-arm_5.2.5\lib\</path>
         <kind>archive</kind>
         <file>rtsv7M4_T_le_v4SPD16_eabi.lib</file>
         <name>raise.obj</name>
      </input_file>
      <input_file id="fl-165">
         <path>C:\ti\ccsv6\tools\compiler\ti-cgt-arm_5.2.5\lib\</path>
         <kind>archive</kind>
         <file>rtsv7M4_T_le_v4SPD16_eabi.lib</file>
         <name>signal.obj</name>
      </input_file>
      <input_file id="fl-166">
         <path>C:\ti\ccsv6\tools\compiler\ti-cgt-arm_5.2.5\lib\</path>
         <kind>archive</kind>
         <file>rtsv7M4_T_le_v4SPD16_eabi.lib</file>
         <name>xdnorm.obj</name>
      </input_file>
      <input_file id="fl-167">
         <path>C:\ti\ccsv6\tools\compiler\ti-cgt-arm_5.2.5\lib\</path>
         <kind>archive</kind>
         <file>rtsv7M4_T_le_v4SPD16_eabi.lib</file>
         <name>fclose.obj</name>
      </input_file>
      <input_file id="fl-168">
         <path>C:\ti\ccsv6\tools\compiler\ti-cgt-arm_5.2.5\lib\</path>
         <kind>archive</kind>
         <file>rtsv7M4_T_le_v4SPD16_eabi.lib</file>
         <name>remove.obj</name>
      </input_file>
   </input_file_list>
   <object_component_list>
      <object_component id="oc-f">
         <name>.intvecs</name>
         <load_address>0x0</load_address>
         <run_address>0x0</run_address>
         <size>0x26c</size>
         <input_file_ref idref="fl-3"/>
      </object_component>
      <object_component id="oc-185">
         <name>.text</name>
         <load_address>0x26c</load_address>
         <run_address>0x26c</run_address>
         <size>0x10ba</size>
         <input_file_ref idref="fl-146"/>
      </object_component>
      <object_component id="oc-a4">
         <name>.text</name>
         <load_address>0x1328</load_address>
         <run_address>0x1328</run_address>
         <size>0x418</size>
         <input_file_ref idref="fl-2"/>
      </object_component>
      <object_component id="oc-2a6">
         <name>.text</name>
         <load_address>0x1740</load_address>
         <run_address>0x1740</run_address>
         <size>0x3dc</size>
         <input_file_ref idref="fl-163"/>
      </object_component>
      <object_component id="oc-1be">
         <name>.text</name>
         <load_address>0x1b1c</load_address>
         <run_address>0x1b1c</run_address>
         <size>0x30c</size>
         <input_file_ref idref="fl-138"/>
      </object_component>
      <object_component id="oc-2c3">
         <name>.text</name>
         <load_address>0x1e28</load_address>
         <run_address>0x1e28</run_address>
         <size>0x2d4</size>
         <input_file_ref idref="fl-142"/>
      </object_component>
      <object_component id="oc-1d4">
         <name>.text</name>
         <load_address>0x20fc</load_address>
         <run_address>0x20fc</run_address>
         <size>0x1f4</size>
         <input_file_ref idref="fl-15a"/>
      </object_component>
      <object_component id="oc-2ac">
         <name>.text</name>
         <load_address>0x22f0</load_address>
         <run_address>0x22f0</run_address>
         <size>0x1c4</size>
         <input_file_ref idref="fl-162"/>
      </object_component>
      <object_component id="oc-1fd">
         <name>.text</name>
         <load_address>0x24b4</load_address>
         <run_address>0x24b4</run_address>
         <size>0x1b6</size>
         <input_file_ref idref="fl-14c"/>
      </object_component>
      <object_component id="oc-1e3">
         <name>.text</name>
         <load_address>0x266a</load_address>
         <run_address>0x266a</run_address>
         <size>0x136</size>
         <input_file_ref idref="fl-14e"/>
      </object_component>
      <object_component id="oc-17f">
         <name>.text</name>
         <load_address>0x27a0</load_address>
         <run_address>0x27a0</run_address>
         <size>0x134</size>
         <input_file_ref idref="fl-137"/>
      </object_component>
      <object_component id="oc-f4">
         <name>.text:GPIOPadConfigSet</name>
         <load_address>0x28d4</load_address>
         <run_address>0x28d4</run_address>
         <size>0x130</size>
         <input_file_ref idref="fl-9"/>
      </object_component>
      <object_component id="oc-284">
         <name>.text</name>
         <load_address>0x2a04</load_address>
         <run_address>0x2a04</run_address>
         <size>0x110</size>
         <input_file_ref idref="fl-15c"/>
      </object_component>
      <object_component id="oc-fa">
         <name>.text:SysCtlClockGet</name>
         <load_address>0x2b14</load_address>
         <run_address>0x2b14</run_address>
         <size>0x10c</size>
         <input_file_ref idref="fl-c"/>
      </object_component>
      <object_component id="oc-1de">
         <name>.text</name>
         <load_address>0x2c20</load_address>
         <run_address>0x2c20</run_address>
         <size>0xfc</size>
         <input_file_ref idref="fl-14f"/>
      </object_component>
      <object_component id="oc-d6">
         <name>.text:SysCtlClockSet</name>
         <load_address>0x2d1c</load_address>
         <run_address>0x2d1c</run_address>
         <size>0xf0</size>
         <input_file_ref idref="fl-c"/>
      </object_component>
      <object_component id="oc-246">
         <name>.text</name>
         <load_address>0x2e0c</load_address>
         <run_address>0x2e0c</run_address>
         <size>0xdc</size>
         <input_file_ref idref="fl-158"/>
      </object_component>
      <object_component id="oc-1b8">
         <name>.text</name>
         <load_address>0x2ee8</load_address>
         <run_address>0x2ee8</run_address>
         <size>0xc8</size>
         <input_file_ref idref="fl-151"/>
      </object_component>
      <object_component id="oc-2d8">
         <name>.text</name>
         <load_address>0x2fb0</load_address>
         <run_address>0x2fb0</run_address>
         <size>0xbe</size>
         <input_file_ref idref="fl-166"/>
      </object_component>
      <object_component id="oc-1b2">
         <name>.text</name>
         <load_address>0x306e</load_address>
         <run_address>0x306e</run_address>
         <size>0xac</size>
         <input_file_ref idref="fl-144"/>
      </object_component>
      <object_component id="oc-36">
         <name>.text</name>
         <load_address>0x311a</load_address>
         <run_address>0x311a</run_address>
         <size>0x9c</size>
         <input_file_ref idref="fl-13a"/>
      </object_component>
      <object_component id="oc-304">
         <name>.text</name>
         <load_address>0x31b8</load_address>
         <run_address>0x31b8</run_address>
         <size>0x98</size>
         <input_file_ref idref="fl-167"/>
      </object_component>
      <object_component id="oc-179">
         <name>.text</name>
         <load_address>0x3250</load_address>
         <run_address>0x3250</run_address>
         <size>0x98</size>
         <input_file_ref idref="fl-136"/>
      </object_component>
      <object_component id="oc-1d9">
         <name>.text:__aeabi_cdcmple</name>
         <load_address>0x32e8</load_address>
         <run_address>0x32e8</run_address>
         <size>0x86</size>
         <input_file_ref idref="fl-14d"/>
      </object_component>
      <object_component id="oc-1e8">
         <name>.text:__aeabi_cdrcmple</name>
         <load_address>0x336e</load_address>
         <run_address>0x336e</run_address>
         <size>0x86</size>
         <input_file_ref idref="fl-14d"/>
      </object_component>
      <object_component id="oc-4f">
         <name>.text</name>
         <load_address>0x33f4</load_address>
         <run_address>0x33f4</run_address>
         <size>0x7a</size>
         <input_file_ref idref="fl-13b"/>
      </object_component>
      <object_component id="oc-61">
         <name>.text</name>
         <load_address>0x3470</load_address>
         <run_address>0x3470</run_address>
         <size>0x6c</size>
         <input_file_ref idref="fl-149"/>
      </object_component>
      <object_component id="oc-12c">
         <name>.text</name>
         <load_address>0x34dc</load_address>
         <run_address>0x34dc</run_address>
         <size>0x6c</size>
         <input_file_ref idref="fl-135"/>
      </object_component>
      <object_component id="oc-42">
         <name>.text</name>
         <load_address>0x3548</load_address>
         <run_address>0x3548</run_address>
         <size>0x6a</size>
         <input_file_ref idref="fl-131"/>
      </object_component>
      <object_component id="oc-313">
         <name>.text</name>
         <load_address>0x35b4</load_address>
         <run_address>0x35b4</run_address>
         <size>0x68</size>
         <input_file_ref idref="fl-143"/>
      </object_component>
      <object_component id="oc-27c">
         <name>.text</name>
         <load_address>0x361c</load_address>
         <run_address>0x361c</run_address>
         <size>0x66</size>
         <input_file_ref idref="fl-15d"/>
      </object_component>
      <object_component id="oc-240">
         <name>.text</name>
         <load_address>0x3684</load_address>
         <run_address>0x3684</run_address>
         <size>0x64</size>
         <input_file_ref idref="fl-153"/>
      </object_component>
      <object_component id="oc-1f2">
         <name>.text</name>
         <load_address>0x36e8</load_address>
         <run_address>0x36e8</run_address>
         <size>0x56</size>
         <input_file_ref idref="fl-156"/>
      </object_component>
      <object_component id="oc-208">
         <name>.text</name>
         <load_address>0x373e</load_address>
         <run_address>0x373e</run_address>
         <size>0x52</size>
         <input_file_ref idref="fl-155"/>
      </object_component>
      <object_component id="oc-24">
         <name>.text</name>
         <load_address>0x3790</load_address>
         <run_address>0x3790</run_address>
         <size>0x50</size>
         <input_file_ref idref="fl-12f"/>
      </object_component>
      <object_component id="oc-220">
         <name>.text</name>
         <load_address>0x37e0</load_address>
         <run_address>0x37e0</run_address>
         <size>0x4c</size>
         <input_file_ref idref="fl-148"/>
      </object_component>
      <object_component id="oc-9c">
         <name>.text</name>
         <load_address>0x382c</load_address>
         <run_address>0x382c</run_address>
         <size>0x4c</size>
         <input_file_ref idref="fl-14a"/>
      </object_component>
      <object_component id="oc-e2">
         <name>.text:GPIOPinConfigure</name>
         <load_address>0x3878</load_address>
         <run_address>0x3878</run_address>
         <size>0x48</size>
         <input_file_ref idref="fl-9"/>
      </object_component>
      <object_component id="oc-100">
         <name>.text:I2CMasterInitExpClk</name>
         <load_address>0x38c0</load_address>
         <run_address>0x38c0</run_address>
         <size>0x48</size>
         <input_file_ref idref="fl-a"/>
      </object_component>
      <object_component id="oc-1ed">
         <name>.text</name>
         <load_address>0x3908</load_address>
         <run_address>0x3908</run_address>
         <size>0x48</size>
         <input_file_ref idref="fl-150"/>
      </object_component>
      <object_component id="oc-6d">
         <name>.text</name>
         <load_address>0x3950</load_address>
         <run_address>0x3950</run_address>
         <size>0x44</size>
         <input_file_ref idref="fl-134"/>
      </object_component>
      <object_component id="oc-357">
         <name>.text</name>
         <load_address>0x3994</load_address>
         <run_address>0x3994</run_address>
         <size>0x40</size>
         <input_file_ref idref="fl-165"/>
      </object_component>
      <object_component id="oc-dc">
         <name>.text:SysCtlPeripheralEnable</name>
         <load_address>0x39d4</load_address>
         <run_address>0x39d4</run_address>
         <size>0x34</size>
         <input_file_ref idref="fl-c"/>
      </object_component>
      <object_component id="oc-2e7">
         <name>.text</name>
         <load_address>0x3a08</load_address>
         <run_address>0x3a08</run_address>
         <size>0x34</size>
         <input_file_ref idref="fl-161"/>
      </object_component>
      <object_component id="oc-259">
         <name>.text</name>
         <load_address>0x3a3c</load_address>
         <run_address>0x3a3c</run_address>
         <size>0x30</size>
         <input_file_ref idref="fl-141"/>
      </object_component>
      <object_component id="oc-214">
         <name>.text</name>
         <load_address>0x3a6c</load_address>
         <run_address>0x3a6c</run_address>
         <size>0x30</size>
         <input_file_ref idref="fl-15b"/>
      </object_component>
      <object_component id="oc-28a">
         <name>.text</name>
         <load_address>0x3a9c</load_address>
         <run_address>0x3a9c</run_address>
         <size>0x30</size>
         <input_file_ref idref="fl-15e"/>
      </object_component>
      <object_component id="oc-1f8">
         <name>.text</name>
         <load_address>0x3acc</load_address>
         <run_address>0x3acc</run_address>
         <size>0x2e</size>
         <input_file_ref idref="fl-154"/>
      </object_component>
      <object_component id="oc-335">
         <name>.text</name>
         <load_address>0x3afa</load_address>
         <run_address>0x3afa</run_address>
         <size>0x2e</size>
         <input_file_ref idref="fl-164"/>
      </object_component>
      <object_component id="oc-15e">
         <name>.text:GPIODirModeSet</name>
         <load_address>0x3b28</load_address>
         <run_address>0x3b28</run_address>
         <size>0x2a</size>
         <input_file_ref idref="fl-9"/>
      </object_component>
      <object_component id="oc-202">
         <name>.text</name>
         <load_address>0x3b52</load_address>
         <run_address>0x3b52</run_address>
         <size>0x2a</size>
         <input_file_ref idref="fl-152"/>
      </object_component>
      <object_component id="oc-1cc">
         <name>.text</name>
         <load_address>0x3b7c</load_address>
         <run_address>0x3b7c</run_address>
         <size>0x20</size>
         <input_file_ref idref="fl-139"/>
      </object_component>
      <object_component id="oc-21a">
         <name>.text</name>
         <load_address>0x3b9c</load_address>
         <run_address>0x3b9c</run_address>
         <size>0x1c</size>
         <input_file_ref idref="fl-157"/>
      </object_component>
      <object_component id="oc-ee">
         <name>.text:GPIOPinTypeGPIOOutput</name>
         <load_address>0x3bb8</load_address>
         <run_address>0x3bb8</run_address>
         <size>0x18</size>
         <input_file_ref idref="fl-9"/>
      </object_component>
      <object_component id="oc-67">
         <name>.text</name>
         <load_address>0x3bd0</load_address>
         <run_address>0x3bd0</run_address>
         <size>0x18</size>
         <input_file_ref idref="fl-147"/>
      </object_component>
      <object_component id="oc-253">
         <name>.text</name>
         <load_address>0x3be8</load_address>
         <run_address>0x3be8</run_address>
         <size>0x18</size>
         <input_file_ref idref="fl-13f"/>
      </object_component>
      <object_component id="oc-20e">
         <name>.text</name>
         <load_address>0x3c00</load_address>
         <run_address>0x3c00</run_address>
         <size>0x16</size>
         <input_file_ref idref="fl-13e"/>
      </object_component>
      <object_component id="oc-141">
         <name>.text</name>
         <load_address>0x3c18</load_address>
         <run_address>0x3c18</run_address>
         <size>0x14</size>
         <input_file_ref idref="fl-145"/>
      </object_component>
      <object_component id="oc-319">
         <name>.text</name>
         <load_address>0x3c2c</load_address>
         <run_address>0x3c2c</run_address>
         <size>0x14</size>
         <input_file_ref idref="fl-159"/>
      </object_component>
      <object_component id="oc-1c6">
         <name>.text</name>
         <load_address>0x3c40</load_address>
         <run_address>0x3c40</run_address>
         <size>0x14</size>
         <input_file_ref idref="fl-140"/>
      </object_component>
      <object_component id="oc-e8">
         <name>.text:GPIOPinTypeI2C</name>
         <load_address>0x3c54</load_address>
         <run_address>0x3c54</run_address>
         <size>0x12</size>
         <input_file_ref idref="fl-9"/>
      </object_component>
      <object_component id="oc-12">
         <name>.text:decompress:none</name>
         <load_address>0x3c66</load_address>
         <run_address>0x3c66</run_address>
         <size>0xe</size>
         <input_file_ref idref="fl-130"/>
      </object_component>
      <object_component id="oc-1e">
         <name>.text:decompress:ZI</name>
         <load_address>0x3c74</load_address>
         <run_address>0x3c74</run_address>
         <size>0xc</size>
         <input_file_ref idref="fl-132"/>
      </object_component>
      <object_component id="oc-2d">
         <name>.text</name>
         <load_address>0x3c80</load_address>
         <run_address>0x3c80</run_address>
         <size>0xc</size>
         <input_file_ref idref="fl-3"/>
      </object_component>
      <object_component id="oc-16b">
         <name>.text:I2CMasterEnable</name>
         <load_address>0x3c8c</load_address>
         <run_address>0x3c8c</run_address>
         <size>0xa</size>
         <input_file_ref idref="fl-a"/>
      </object_component>
      <object_component id="oc-11f">
         <name>.text:I2CMasterBusBusy</name>
         <load_address>0x3c96</load_address>
         <run_address>0x3c96</run_address>
         <size>0x8</size>
         <input_file_ref idref="fl-a"/>
      </object_component>
      <object_component id="oc-10c">
         <name>.text:I2CMasterSlaveAddrSet</name>
         <load_address>0x3c9e</load_address>
         <run_address>0x3c9e</run_address>
         <size>0x8</size>
         <input_file_ref idref="fl-a"/>
      </object_component>
      <object_component id="oc-106">
         <name>.text:GPIOPinWrite</name>
         <load_address>0x3ca6</load_address>
         <run_address>0x3ca6</run_address>
         <size>0x6</size>
         <input_file_ref idref="fl-9"/>
      </object_component>
      <object_component id="oc-11e">
         <name>.text:SysCtlDelay</name>
         <load_address>0x3cac</load_address>
         <run_address>0x3cac</run_address>
         <size>0x6</size>
         <input_file_ref idref="fl-c"/>
      </object_component>
      <object_component id="oc-18">
         <name>.text:decompress:rle24</name>
         <load_address>0x3cb2</load_address>
         <run_address>0x3cb2</run_address>
         <size>0x6</size>
         <input_file_ref idref="fl-131"/>
      </object_component>
      <object_component id="oc-112">
         <name>.text:I2CMasterControl</name>
         <load_address>0x3cb8</load_address>
         <run_address>0x3cb8</run_address>
         <size>0x4</size>
         <input_file_ref idref="fl-a"/>
      </object_component>
      <object_component id="oc-126">
         <name>.text:I2CMasterDataGet</name>
         <load_address>0x3cbc</load_address>
         <run_address>0x3cbc</run_address>
         <size>0x4</size>
         <input_file_ref idref="fl-a"/>
      </object_component>
      <object_component id="oc-118">
         <name>.text:I2CMasterDataPut</name>
         <load_address>0x3cc0</load_address>
         <run_address>0x3cc0</run_address>
         <size>0x4</size>
         <input_file_ref idref="fl-a"/>
      </object_component>
      <object_component id="oc-5b">
         <name>.text</name>
         <load_address>0x3cc4</load_address>
         <run_address>0x3cc4</run_address>
         <size>0x4</size>
         <input_file_ref idref="fl-13c"/>
      </object_component>
      <object_component id="oc-298">
         <name>.const:.string:_ctypes_</name>
         <load_address>0x3cc8</load_address>
         <run_address>0x3cc8</run_address>
         <size>0x101</size>
         <input_file_ref idref="fl-14b"/>
      </object_component>
      <object_component id="oc-159">
         <name>.const:g_pui32GPIOBaseAddrs</name>
         <load_address>0x3dcc</load_address>
         <run_address>0x3dcc</run_address>
         <size>0x90</size>
         <input_file_ref idref="fl-9"/>
      </object_component>
      <object_component id="oc-167">
         <name>.const:g_pui32Xtals</name>
         <load_address>0x3e5c</load_address>
         <run_address>0x3e5c</run_address>
         <size>0x6c</size>
         <input_file_ref idref="fl-c"/>
      </object_component>
      <object_component id="oc-3a7">
         <name>.cinit..data.load</name>
         <load_address>0x3ec8</load_address>
         <run_address>0x3ec8</run_address>
         <size>0xa7</size>
      </object_component>
      <object_component id="oc-3a5">
         <name>__TI_handler_table</name>
         <load_address>0x3f70</load_address>
         <run_address>0x3f70</run_address>
         <size>0xc</size>
      </object_component>
      <object_component id="oc-3a8">
         <name>.cinit..bss.load</name>
         <load_address>0x3f80</load_address>
         <run_address>0x3f80</run_address>
         <size>0x8</size>
      </object_component>
      <object_component id="oc-3a6">
         <name>__TI_cinit_table</name>
         <load_address>0x3f88</load_address>
         <run_address>0x3f88</run_address>
         <size>0x10</size>
      </object_component>
      <object_component id="oc-2a">
         <name>.sysmem</name>
         <uninitialized>true</uninitialized>
         <run_address>0x20000718</run_address>
         <size>0x8</size>
         <input_file_ref idref="fl-163"/>
      </object_component>
      <object_component id="oc-3aa">
         <name>.sysmem</name>
         <uninitialized>true</uninitialized>
         <run_address>0x20000718</run_address>
         <size>0x0</size>
      </object_component>
      <object_component id="oc-29">
         <name>.stack</name>
         <uninitialized>true</uninitialized>
         <run_address>0x20000334</run_address>
         <size>0x0</size>
         <input_file_ref idref="fl-12f"/>
      </object_component>
      <object_component id="oc-3a9">
         <name>.stack</name>
         <uninitialized>true</uninitialized>
         <run_address>0x20000334</run_address>
         <size>0x0</size>
      </object_component>
      <object_component id="oc-345">
         <name>.bss:__TI_tmpnams</name>
         <uninitialized>true</uninitialized>
         <run_address>0x20000654</run_address>
         <size>0xa0</size>
         <input_file_ref idref="fl-133"/>
      </object_component>
      <object_component id="oc-34c">
         <name>.bss:__CIOBUF_</name>
         <uninitialized>true</uninitialized>
         <run_address>0x20000534</run_address>
         <size>0x120</size>
         <input_file_ref idref="fl-143"/>
      </object_component>
      <object_component id="oc-125">
         <name>.common:buf$1</name>
         <uninitialized>true</uninitialized>
         <run_address>0x200006f4</run_address>
         <size>0x18</size>
      </object_component>
      <object_component id="oc-31f">
         <name>.common:parmbuf</name>
         <uninitialized>true</uninitialized>
         <run_address>0x2000070c</run_address>
         <size>0x8</size>
      </object_component>
      <object_component id="oc-135">
         <name>.data</name>
         <load_address>0x20000330</load_address>
         <run_address>0x20000330</run_address>
         <size>0x1</size>
         <input_file_ref idref="fl-2"/>
      </object_component>
      <object_component id="oc-132">
         <name>.data:_ftable</name>
         <load_address>0x20000000</load_address>
         <run_address>0x20000000</run_address>
         <size>0xf0</size>
         <input_file_ref idref="fl-133"/>
      </object_component>
      <object_component id="oc-24e">
         <name>.data</name>
         <load_address>0x200002f0</load_address>
         <run_address>0x200002f0</run_address>
         <size>0x10</size>
         <input_file_ref idref="fl-133"/>
      </object_component>
      <object_component id="oc-af">
         <name>.data</name>
         <load_address>0x20000314</load_address>
         <run_address>0x20000314</run_address>
         <size>0x8</size>
         <input_file_ref idref="fl-134"/>
      </object_component>
      <object_component id="oc-25f">
         <name>.data</name>
         <load_address>0x200000f0</load_address>
         <run_address>0x200000f0</run_address>
         <size>0xd0</size>
         <input_file_ref idref="fl-138"/>
      </object_component>
      <object_component id="oc-73">
         <name>.data</name>
         <load_address>0x2000032c</load_address>
         <run_address>0x2000032c</run_address>
         <size>0x4</size>
         <input_file_ref idref="fl-13d"/>
      </object_component>
      <object_component id="oc-ac">
         <name>.data</name>
         <load_address>0x2000030c</load_address>
         <run_address>0x2000030c</run_address>
         <size>0x8</size>
         <input_file_ref idref="fl-145"/>
      </object_component>
      <object_component id="oc-2e2">
         <name>.data</name>
         <load_address>0x20000270</load_address>
         <run_address>0x20000270</run_address>
         <size>0x80</size>
         <input_file_ref idref="fl-15f"/>
      </object_component>
      <object_component id="oc-2ed">
         <name>.data</name>
         <load_address>0x20000324</load_address>
         <run_address>0x20000324</run_address>
         <size>0x4</size>
         <input_file_ref idref="fl-160"/>
      </object_component>
      <object_component id="oc-33b">
         <name>.data</name>
         <load_address>0x2000031c</load_address>
         <run_address>0x2000031c</run_address>
         <size>0x8</size>
         <input_file_ref idref="fl-161"/>
      </object_component>
      <object_component id="oc-30a">
         <name>.data</name>
         <load_address>0x20000328</load_address>
         <run_address>0x20000328</run_address>
         <size>0x4</size>
         <input_file_ref idref="fl-162"/>
      </object_component>
      <object_component id="oc-300">
         <name>.data</name>
         <load_address>0x20000300</load_address>
         <run_address>0x20000300</run_address>
         <size>0xc</size>
         <input_file_ref idref="fl-163"/>
      </object_component>
      <object_component id="oc-372">
         <name>.data:sigtable</name>
         <load_address>0x200001c0</load_address>
         <run_address>0x200001c0</run_address>
         <size>0xb0</size>
         <input_file_ref idref="fl-165"/>
      </object_component>
      <object_component id="oc-139">
         <name>.debug_info</name>
         <load_address>0x0</load_address>
         <run_address>0x0</run_address>
         <size>0x48b</size>
         <input_file_ref idref="fl-2"/>
      </object_component>
      <object_component id="oc-136">
         <name>.debug_info</name>
         <load_address>0x48b</load_address>
         <run_address>0x48b</run_address>
         <size>0xdc</size>
         <input_file_ref idref="fl-2"/>
      </object_component>
      <object_component id="oc-a5">
         <name>.debug_info</name>
         <load_address>0x567</load_address>
         <run_address>0x567</run_address>
         <size>0x86c</size>
         <input_file_ref idref="fl-2"/>
      </object_component>
      <object_component id="oc-199">
         <name>.debug_info</name>
         <load_address>0xdd3</load_address>
         <run_address>0xdd3</run_address>
         <size>0xbb</size>
         <input_file_ref idref="fl-2"/>
      </object_component>
      <object_component id="oc-c3">
         <name>.debug_info</name>
         <load_address>0xe8e</load_address>
         <run_address>0xe8e</run_address>
         <size>0x8b</size>
         <input_file_ref idref="fl-2"/>
      </object_component>
      <object_component id="oc-83">
         <name>.debug_info</name>
         <load_address>0xf19</load_address>
         <run_address>0xf19</run_address>
         <size>0x18b</size>
         <input_file_ref idref="fl-2"/>
      </object_component>
      <object_component id="oc-93">
         <name>.debug_info</name>
         <load_address>0x10a4</load_address>
         <run_address>0x10a4</run_address>
         <size>0x2c</size>
         <input_file_ref idref="fl-2"/>
      </object_component>
      <object_component id="oc-18d">
         <name>.debug_info</name>
         <load_address>0x10d0</load_address>
         <run_address>0x10d0</run_address>
         <size>0x4e</size>
         <input_file_ref idref="fl-2"/>
      </object_component>
      <object_component id="oc-35">
         <name>.debug_info</name>
         <load_address>0x111e</load_address>
         <run_address>0x111e</run_address>
         <size>0x10f</size>
         <input_file_ref idref="fl-3"/>
      </object_component>
      <object_component id="oc-10">
         <name>.debug_info</name>
         <load_address>0x122d</load_address>
         <run_address>0x122d</run_address>
         <size>0xf4</size>
         <input_file_ref idref="fl-3"/>
      </object_component>
      <object_component id="oc-2e">
         <name>.debug_info</name>
         <load_address>0x1321</load_address>
         <run_address>0x1321</run_address>
         <size>0x270</size>
         <input_file_ref idref="fl-3"/>
      </object_component>
      <object_component id="oc-7e">
         <name>.debug_info</name>
         <load_address>0x1591</load_address>
         <run_address>0x1591</run_address>
         <size>0x84</size>
         <input_file_ref idref="fl-3"/>
      </object_component>
      <object_component id="oc-15d">
         <name>.debug_info</name>
         <load_address>0x1615</load_address>
         <run_address>0x1615</run_address>
         <size>0x230</size>
         <input_file_ref idref="fl-9"/>
      </object_component>
      <object_component id="oc-15a">
         <name>.debug_info</name>
         <load_address>0x1845</load_address>
         <run_address>0x1845</run_address>
         <size>0x15b</size>
         <input_file_ref idref="fl-9"/>
      </object_component>
      <object_component id="oc-107">
         <name>.debug_info</name>
         <load_address>0x19a0</load_address>
         <run_address>0x19a0</run_address>
         <size>0x2a3</size>
         <input_file_ref idref="fl-9"/>
      </object_component>
      <object_component id="oc-15f">
         <name>.debug_info</name>
         <load_address>0x1c43</load_address>
         <run_address>0x1c43</run_address>
         <size>0x2b3</size>
         <input_file_ref idref="fl-9"/>
      </object_component>
      <object_component id="oc-f5">
         <name>.debug_info</name>
         <load_address>0x1ef6</load_address>
         <run_address>0x1ef6</run_address>
         <size>0x316</size>
         <input_file_ref idref="fl-9"/>
      </object_component>
      <object_component id="oc-e9">
         <name>.debug_info</name>
         <load_address>0x220c</load_address>
         <run_address>0x220c</run_address>
         <size>0x2a9</size>
         <input_file_ref idref="fl-9"/>
      </object_component>
      <object_component id="oc-ef">
         <name>.debug_info</name>
         <load_address>0x24b5</load_address>
         <run_address>0x24b5</run_address>
         <size>0x2b7</size>
         <input_file_ref idref="fl-9"/>
      </object_component>
      <object_component id="oc-e3">
         <name>.debug_info</name>
         <load_address>0x276c</load_address>
         <run_address>0x276c</run_address>
         <size>0x280</size>
         <input_file_ref idref="fl-9"/>
      </object_component>
      <object_component id="oc-172">
         <name>.debug_info</name>
         <load_address>0x29ec</load_address>
         <run_address>0x29ec</run_address>
         <size>0x231</size>
         <input_file_ref idref="fl-a"/>
      </object_component>
      <object_component id="oc-10d">
         <name>.debug_info</name>
         <load_address>0x2c1d</load_address>
         <run_address>0x2c1d</run_address>
         <size>0x2ce</size>
         <input_file_ref idref="fl-a"/>
      </object_component>
      <object_component id="oc-16c">
         <name>.debug_info</name>
         <load_address>0x2eeb</load_address>
         <run_address>0x2eeb</run_address>
         <size>0x24e</size>
         <input_file_ref idref="fl-a"/>
      </object_component>
      <object_component id="oc-101">
         <name>.debug_info</name>
         <load_address>0x3139</load_address>
         <run_address>0x3139</run_address>
         <size>0x2e8</size>
         <input_file_ref idref="fl-a"/>
      </object_component>
      <object_component id="oc-119">
         <name>.debug_info</name>
         <load_address>0x3421</load_address>
         <run_address>0x3421</run_address>
         <size>0x27e</size>
         <input_file_ref idref="fl-a"/>
      </object_component>
      <object_component id="oc-127">
         <name>.debug_info</name>
         <load_address>0x369f</load_address>
         <run_address>0x369f</run_address>
         <size>0x254</size>
         <input_file_ref idref="fl-a"/>
      </object_component>
      <object_component id="oc-113">
         <name>.debug_info</name>
         <load_address>0x38f3</load_address>
         <run_address>0x38f3</run_address>
         <size>0x27e</size>
         <input_file_ref idref="fl-a"/>
      </object_component>
      <object_component id="oc-120">
         <name>.debug_info</name>
         <load_address>0x3b71</load_address>
         <run_address>0x3b71</run_address>
         <size>0x254</size>
         <input_file_ref idref="fl-a"/>
      </object_component>
      <object_component id="oc-157">
         <name>.debug_info</name>
         <load_address>0x3dc5</load_address>
         <run_address>0x3dc5</run_address>
         <size>0x27f</size>
         <input_file_ref idref="fl-c"/>
      </object_component>
      <object_component id="oc-168">
         <name>.debug_info</name>
         <load_address>0x4044</load_address>
         <run_address>0x4044</run_address>
         <size>0x14d</size>
         <input_file_ref idref="fl-c"/>
      </object_component>
      <object_component id="oc-dd">
         <name>.debug_info</name>
         <load_address>0x4191</load_address>
         <run_address>0x4191</run_address>
         <size>0x27d</size>
         <input_file_ref idref="fl-c"/>
      </object_component>
      <object_component id="oc-d7">
         <name>.debug_info</name>
         <load_address>0x440e</load_address>
         <run_address>0x440e</run_address>
         <size>0x2db</size>
         <input_file_ref idref="fl-c"/>
      </object_component>
      <object_component id="oc-fb">
         <name>.debug_info</name>
         <load_address>0x46e9</load_address>
         <run_address>0x46e9</run_address>
         <size>0x2b5</size>
         <input_file_ref idref="fl-c"/>
      </object_component>
      <object_component id="oc-1a3">
         <name>.debug_info</name>
         <load_address>0x499e</load_address>
         <run_address>0x499e</run_address>
         <size>0x5f</size>
         <input_file_ref idref="fl-c"/>
      </object_component>
      <object_component id="oc-25">
         <name>.debug_info</name>
         <load_address>0x49fd</load_address>
         <run_address>0x49fd</run_address>
         <size>0x134</size>
         <input_file_ref idref="fl-12f"/>
      </object_component>
      <object_component id="oc-41">
         <name>.debug_info</name>
         <load_address>0x4b31</load_address>
         <run_address>0x4b31</run_address>
         <size>0x121</size>
         <input_file_ref idref="fl-130"/>
      </object_component>
      <object_component id="oc-14">
         <name>.debug_info</name>
         <load_address>0x4c52</load_address>
         <run_address>0x4c52</run_address>
         <size>0x1c0</size>
         <input_file_ref idref="fl-130"/>
      </object_component>
      <object_component id="oc-3c">
         <name>.debug_info</name>
         <load_address>0x4e12</load_address>
         <run_address>0x4e12</run_address>
         <size>0x46</size>
         <input_file_ref idref="fl-130"/>
      </object_component>
      <object_component id="oc-89">
         <name>.debug_info</name>
         <load_address>0x4e58</load_address>
         <run_address>0x4e58</run_address>
         <size>0x2c</size>
         <input_file_ref idref="fl-130"/>
      </object_component>
      <object_component id="oc-49">
         <name>.debug_info</name>
         <load_address>0x4e84</load_address>
         <run_address>0x4e84</run_address>
         <size>0x115</size>
         <input_file_ref idref="fl-131"/>
      </object_component>
      <object_component id="oc-44">
         <name>.debug_info</name>
         <load_address>0x4f99</load_address>
         <run_address>0x4f99</run_address>
         <size>0x228</size>
         <input_file_ref idref="fl-131"/>
      </object_component>
      <object_component id="oc-1b">
         <name>.debug_info</name>
         <load_address>0x51c1</load_address>
         <run_address>0x51c1</run_address>
         <size>0x192</size>
         <input_file_ref idref="fl-131"/>
      </object_component>
      <object_component id="oc-4a">
         <name>.debug_info</name>
         <load_address>0x5353</load_address>
         <run_address>0x5353</run_address>
         <size>0x39</size>
         <input_file_ref idref="fl-131"/>
      </object_component>
      <object_component id="oc-5a">
         <name>.debug_info</name>
         <load_address>0x538c</load_address>
         <run_address>0x538c</run_address>
         <size>0x110</size>
         <input_file_ref idref="fl-132"/>
      </object_component>
      <object_component id="oc-1f">
         <name>.debug_info</name>
         <load_address>0x549c</load_address>
         <run_address>0x549c</run_address>
         <size>0x18b</size>
         <input_file_ref idref="fl-132"/>
      </object_component>
      <object_component id="oc-55">
         <name>.debug_info</name>
         <load_address>0x5627</load_address>
         <run_address>0x5627</run_address>
         <size>0x46</size>
         <input_file_ref idref="fl-132"/>
      </object_component>
      <object_component id="oc-194">
         <name>.debug_info</name>
         <load_address>0x566d</load_address>
         <run_address>0x566d</run_address>
         <size>0xf1</size>
         <input_file_ref idref="fl-133"/>
      </object_component>
      <object_component id="oc-133">
         <name>.debug_info</name>
         <load_address>0x575e</load_address>
         <run_address>0x575e</run_address>
         <size>0xd8</size>
         <input_file_ref idref="fl-133"/>
      </object_component>
      <object_component id="oc-346">
         <name>.debug_info</name>
         <load_address>0x5836</load_address>
         <run_address>0x5836</run_address>
         <size>0xe2</size>
         <input_file_ref idref="fl-133"/>
      </object_component>
      <object_component id="oc-24f">
         <name>.debug_info</name>
         <load_address>0x5918</load_address>
         <run_address>0x5918</run_address>
         <size>0x165</size>
         <input_file_ref idref="fl-133"/>
      </object_component>
      <object_component id="oc-239">
         <name>.debug_info</name>
         <load_address>0x5a7d</load_address>
         <run_address>0x5a7d</run_address>
         <size>0xae</size>
         <input_file_ref idref="fl-133"/>
      </object_component>
      <object_component id="oc-b3">
         <name>.debug_info</name>
         <load_address>0x5b2b</load_address>
         <run_address>0x5b2b</run_address>
         <size>0x172</size>
         <input_file_ref idref="fl-134"/>
      </object_component>
      <object_component id="oc-b0">
         <name>.debug_info</name>
         <load_address>0x5c9d</load_address>
         <run_address>0x5c9d</run_address>
         <size>0x117</size>
         <input_file_ref idref="fl-134"/>
      </object_component>
      <object_component id="oc-6e">
         <name>.debug_info</name>
         <load_address>0x5db4</load_address>
         <run_address>0x5db4</run_address>
         <size>0x1ee</size>
         <input_file_ref idref="fl-134"/>
      </object_component>
      <object_component id="oc-18c">
         <name>.debug_info</name>
         <load_address>0x5fa2</load_address>
         <run_address>0x5fa2</run_address>
         <size>0x1eb</size>
         <input_file_ref idref="fl-135"/>
      </object_component>
      <object_component id="oc-12e">
         <name>.debug_info</name>
         <load_address>0x618d</load_address>
         <run_address>0x618d</run_address>
         <size>0x28c</size>
         <input_file_ref idref="fl-135"/>
      </object_component>
      <object_component id="oc-1c5">
         <name>.debug_info</name>
         <load_address>0x6419</load_address>
         <run_address>0x6419</run_address>
         <size>0x1bf</size>
         <input_file_ref idref="fl-136"/>
      </object_component>
      <object_component id="oc-17b">
         <name>.debug_info</name>
         <load_address>0x65d8</load_address>
         <run_address>0x65d8</run_address>
         <size>0x220</size>
         <input_file_ref idref="fl-136"/>
      </object_component>
      <object_component id="oc-1d3">
         <name>.debug_info</name>
         <load_address>0x67f8</load_address>
         <run_address>0x67f8</run_address>
         <size>0x283</size>
         <input_file_ref idref="fl-137"/>
      </object_component>
      <object_component id="oc-183">
         <name>.debug_info</name>
         <load_address>0x6a7b</load_address>
         <run_address>0x6a7b</run_address>
         <size>0x33a</size>
         <input_file_ref idref="fl-137"/>
      </object_component>
      <object_component id="oc-263">
         <name>.debug_info</name>
         <load_address>0x6db5</load_address>
         <run_address>0x6db5</run_address>
         <size>0x481</size>
         <input_file_ref idref="fl-138"/>
      </object_component>
      <object_component id="oc-260">
         <name>.debug_info</name>
         <load_address>0x7236</load_address>
         <run_address>0x7236</run_address>
         <size>0xf7</size>
         <input_file_ref idref="fl-138"/>
      </object_component>
      <object_component id="oc-1bf">
         <name>.debug_info</name>
         <load_address>0x732d</load_address>
         <run_address>0x732d</run_address>
         <size>0xaec</size>
         <input_file_ref idref="fl-138"/>
      </object_component>
      <object_component id="oc-2cd">
         <name>.debug_info</name>
         <load_address>0x7e19</load_address>
         <run_address>0x7e19</run_address>
         <size>0x120</size>
         <input_file_ref idref="fl-138"/>
      </object_component>
      <object_component id="oc-22d">
         <name>.debug_info</name>
         <load_address>0x7f39</load_address>
         <run_address>0x7f39</run_address>
         <size>0x2c</size>
         <input_file_ref idref="fl-138"/>
      </object_component>
      <object_component id="oc-265">
         <name>.debug_info</name>
         <load_address>0x7f65</load_address>
         <run_address>0x7f65</run_address>
         <size>0x2c</size>
         <input_file_ref idref="fl-138"/>
      </object_component>
      <object_component id="oc-26f">
         <name>.debug_info</name>
         <load_address>0x7f91</load_address>
         <run_address>0x7f91</run_address>
         <size>0xe1</size>
         <input_file_ref idref="fl-139"/>
      </object_component>
      <object_component id="oc-1ce">
         <name>.debug_info</name>
         <load_address>0x8072</load_address>
         <run_address>0x8072</run_address>
         <size>0x20f</size>
         <input_file_ref idref="fl-139"/>
      </object_component>
      <object_component id="oc-37">
         <name>.debug_info</name>
         <load_address>0x8281</load_address>
         <run_address>0x8281</run_address>
         <size>0xf6</size>
         <input_file_ref idref="fl-13a"/>
      </object_component>
      <object_component id="oc-50">
         <name>.debug_info</name>
         <load_address>0x8377</load_address>
         <run_address>0x8377</run_address>
         <size>0x124</size>
         <input_file_ref idref="fl-13b"/>
      </object_component>
      <object_component id="oc-5c">
         <name>.debug_info</name>
         <load_address>0x849b</load_address>
         <run_address>0x849b</run_address>
         <size>0x129</size>
         <input_file_ref idref="fl-13c"/>
      </object_component>
      <object_component id="oc-74">
         <name>.debug_info</name>
         <load_address>0x85c4</load_address>
         <run_address>0x85c4</run_address>
         <size>0xea</size>
         <input_file_ref idref="fl-13d"/>
      </object_component>
      <object_component id="oc-293">
         <name>.debug_info</name>
         <load_address>0x86ae</load_address>
         <run_address>0x86ae</run_address>
         <size>0xd6</size>
         <input_file_ref idref="fl-13e"/>
      </object_component>
      <object_component id="oc-20f">
         <name>.debug_info</name>
         <load_address>0x8784</load_address>
         <run_address>0x8784</run_address>
         <size>0x211</size>
         <input_file_ref idref="fl-13e"/>
      </object_component>
      <object_component id="oc-2c0">
         <name>.debug_info</name>
         <load_address>0x8995</load_address>
         <run_address>0x8995</run_address>
         <size>0xc6</size>
         <input_file_ref idref="fl-13f"/>
      </object_component>
      <object_component id="oc-254">
         <name>.debug_info</name>
         <load_address>0x8a5b</load_address>
         <run_address>0x8a5b</run_address>
         <size>0x225</size>
         <input_file_ref idref="fl-13f"/>
      </object_component>
      <object_component id="oc-26d">
         <name>.debug_info</name>
         <load_address>0x8c80</load_address>
         <run_address>0x8c80</run_address>
         <size>0xcb</size>
         <input_file_ref idref="fl-140"/>
      </object_component>
      <object_component id="oc-1c7">
         <name>.debug_info</name>
         <load_address>0x8d4b</load_address>
         <run_address>0x8d4b</run_address>
         <size>0x1f7</size>
         <input_file_ref idref="fl-140"/>
      </object_component>
      <object_component id="oc-2c2">
         <name>.debug_info</name>
         <load_address>0x8f42</load_address>
         <run_address>0x8f42</run_address>
         <size>0xd7</size>
         <input_file_ref idref="fl-141"/>
      </object_component>
      <object_component id="oc-25d">
         <name>.debug_info</name>
         <load_address>0x9019</load_address>
         <run_address>0x9019</run_address>
         <size>0x226</size>
         <input_file_ref idref="fl-141"/>
      </object_component>
      <object_component id="oc-320">
         <name>.debug_info</name>
         <load_address>0x923f</load_address>
         <run_address>0x923f</run_address>
         <size>0x24e</size>
         <input_file_ref idref="fl-142"/>
      </object_component>
      <object_component id="oc-2c4">
         <name>.debug_info</name>
         <load_address>0x948d</load_address>
         <run_address>0x948d</run_address>
         <size>0xa0e</size>
         <input_file_ref idref="fl-142"/>
      </object_component>
      <object_component id="oc-323">
         <name>.debug_info</name>
         <load_address>0x9e9b</load_address>
         <run_address>0x9e9b</run_address>
         <size>0x39</size>
         <input_file_ref idref="fl-142"/>
      </object_component>
      <object_component id="oc-350">
         <name>.debug_info</name>
         <load_address>0x9ed4</load_address>
         <run_address>0x9ed4</run_address>
         <size>0xf6</size>
         <input_file_ref idref="fl-143"/>
      </object_component>
      <object_component id="oc-34d">
         <name>.debug_info</name>
         <load_address>0x9fca</load_address>
         <run_address>0x9fca</run_address>
         <size>0xde</size>
         <input_file_ref idref="fl-143"/>
      </object_component>
      <object_component id="oc-315">
         <name>.debug_info</name>
         <load_address>0xa0a8</load_address>
         <run_address>0xa0a8</run_address>
         <size>0x262</size>
         <input_file_ref idref="fl-143"/>
      </object_component>
      <object_component id="oc-24d">
         <name>.debug_info</name>
         <load_address>0xa30a</load_address>
         <run_address>0xa30a</run_address>
         <size>0x132</size>
         <input_file_ref idref="fl-144"/>
      </object_component>
      <object_component id="oc-1b6">
         <name>.debug_info</name>
         <load_address>0xa43c</load_address>
         <run_address>0xa43c</run_address>
         <size>0x211</size>
         <input_file_ref idref="fl-144"/>
      </object_component>
      <object_component id="oc-2b4">
         <name>.debug_info</name>
         <load_address>0xa64d</load_address>
         <run_address>0xa64d</run_address>
         <size>0xbb</size>
         <input_file_ref idref="fl-144"/>
      </object_component>
      <object_component id="oc-149">
         <name>.debug_info</name>
         <load_address>0xa708</load_address>
         <run_address>0xa708</run_address>
         <size>0x105</size>
         <input_file_ref idref="fl-145"/>
      </object_component>
      <object_component id="oc-ad">
         <name>.debug_info</name>
         <load_address>0xa80d</load_address>
         <run_address>0xa80d</run_address>
         <size>0xf4</size>
         <input_file_ref idref="fl-145"/>
      </object_component>
      <object_component id="oc-142">
         <name>.debug_info</name>
         <load_address>0xa901</load_address>
         <run_address>0xa901</run_address>
         <size>0x200</size>
         <input_file_ref idref="fl-145"/>
      </object_component>
      <object_component id="oc-227">
         <name>.debug_info</name>
         <load_address>0xab01</load_address>
         <run_address>0xab01</run_address>
         <size>0x338</size>
         <input_file_ref idref="fl-146"/>
      </object_component>
      <object_component id="oc-186">
         <name>.debug_info</name>
         <load_address>0xae39</load_address>
         <run_address>0xae39</run_address>
         <size>0x17ea</size>
         <input_file_ref idref="fl-146"/>
      </object_component>
      <object_component id="oc-228">
         <name>.debug_info</name>
         <load_address>0xc623</load_address>
         <run_address>0xc623</run_address>
         <size>0x86</size>
         <input_file_ref idref="fl-146"/>
      </object_component>
      <object_component id="oc-29f">
         <name>.debug_info</name>
         <load_address>0xc6a9</load_address>
         <run_address>0xc6a9</run_address>
         <size>0x46</size>
         <input_file_ref idref="fl-146"/>
      </object_component>
      <object_component id="oc-232">
         <name>.debug_info</name>
         <load_address>0xc6ef</load_address>
         <run_address>0xc6ef</run_address>
         <size>0x39</size>
         <input_file_ref idref="fl-146"/>
      </object_component>
      <object_component id="oc-ab">
         <name>.debug_info</name>
         <load_address>0xc728</load_address>
         <run_address>0xc728</run_address>
         <size>0x147</size>
         <input_file_ref idref="fl-147"/>
      </object_component>
      <object_component id="oc-68">
         <name>.debug_info</name>
         <load_address>0xc86f</load_address>
         <run_address>0xc86f</run_address>
         <size>0x148</size>
         <input_file_ref idref="fl-147"/>
      </object_component>
      <object_component id="oc-13c">
         <name>.debug_info</name>
         <load_address>0xc9b7</load_address>
         <run_address>0xc9b7</run_address>
         <size>0x5e</size>
         <input_file_ref idref="fl-147"/>
      </object_component>
      <object_component id="oc-29c">
         <name>.debug_info</name>
         <load_address>0xca15</load_address>
         <run_address>0xca15</run_address>
         <size>0xf5</size>
         <input_file_ref idref="fl-148"/>
      </object_component>
      <object_component id="oc-221">
         <name>.debug_info</name>
         <load_address>0xcb0a</load_address>
         <run_address>0xcb0a</run_address>
         <size>0x152</size>
         <input_file_ref idref="fl-148"/>
      </object_component>
      <object_component id="oc-a3">
         <name>.debug_info</name>
         <load_address>0xcc5c</load_address>
         <run_address>0xcc5c</run_address>
         <size>0x29e</size>
         <input_file_ref idref="fl-149"/>
      </object_component>
      <object_component id="oc-65">
         <name>.debug_info</name>
         <load_address>0xcefa</load_address>
         <run_address>0xcefa</run_address>
         <size>0x158</size>
         <input_file_ref idref="fl-149"/>
      </object_component>
      <object_component id="oc-cc">
         <name>.debug_info</name>
         <load_address>0xd052</load_address>
         <run_address>0xd052</run_address>
         <size>0x39</size>
         <input_file_ref idref="fl-149"/>
      </object_component>
      <object_component id="oc-d1">
         <name>.debug_info</name>
         <load_address>0xd08b</load_address>
         <run_address>0xd08b</run_address>
         <size>0xcd</size>
         <input_file_ref idref="fl-149"/>
      </object_component>
      <object_component id="oc-c9">
         <name>.debug_info</name>
         <load_address>0xd158</load_address>
         <run_address>0xd158</run_address>
         <size>0x1c1</size>
         <input_file_ref idref="fl-14a"/>
      </object_component>
      <object_component id="oc-9f">
         <name>.debug_info</name>
         <load_address>0xd319</load_address>
         <run_address>0xd319</run_address>
         <size>0x164</size>
         <input_file_ref idref="fl-14a"/>
      </object_component>
      <object_component id="oc-151">
         <name>.debug_info</name>
         <load_address>0xd47d</load_address>
         <run_address>0xd47d</run_address>
         <size>0x2c</size>
         <input_file_ref idref="fl-14a"/>
      </object_component>
      <object_component id="oc-2fb">
         <name>.debug_info</name>
         <load_address>0xd4a9</load_address>
         <run_address>0xd4a9</run_address>
         <size>0xcf</size>
         <input_file_ref idref="fl-14b"/>
      </object_component>
      <object_component id="oc-299">
         <name>.debug_info</name>
         <load_address>0xd578</load_address>
         <run_address>0xd578</run_address>
         <size>0xdb</size>
         <input_file_ref idref="fl-14b"/>
      </object_component>
      <object_component id="oc-1ff">
         <name>.debug_info</name>
         <load_address>0xd653</load_address>
         <run_address>0xd653</run_address>
         <size>0x129</size>
         <input_file_ref idref="fl-14c"/>
      </object_component>
      <object_component id="oc-1da">
         <name>.debug_info</name>
         <load_address>0xd77c</load_address>
         <run_address>0xd77c</run_address>
         <size>0x105</size>
         <input_file_ref idref="fl-14d"/>
      </object_component>
      <object_component id="oc-1e9">
         <name>.debug_info</name>
         <load_address>0xd881</load_address>
         <run_address>0xd881</run_address>
         <size>0x107</size>
         <input_file_ref idref="fl-14d"/>
      </object_component>
      <object_component id="oc-1e4">
         <name>.debug_info</name>
         <load_address>0xd988</load_address>
         <run_address>0xd988</run_address>
         <size>0x117</size>
         <input_file_ref idref="fl-14e"/>
      </object_component>
      <object_component id="oc-1e0">
         <name>.debug_info</name>
         <load_address>0xda9f</load_address>
         <run_address>0xda9f</run_address>
         <size>0x117</size>
         <input_file_ref idref="fl-14f"/>
      </object_component>
      <object_component id="oc-1ef">
         <name>.debug_info</name>
         <load_address>0xdbb6</load_address>
         <run_address>0xdbb6</run_address>
         <size>0x10b</size>
         <input_file_ref idref="fl-150"/>
      </object_component>
      <object_component id="oc-252">
         <name>.debug_info</name>
         <load_address>0xdcc1</load_address>
         <run_address>0xdcc1</run_address>
         <size>0x183</size>
         <input_file_ref idref="fl-151"/>
      </object_component>
      <object_component id="oc-1b9">
         <name>.debug_info</name>
         <load_address>0xde44</load_address>
         <run_address>0xde44</run_address>
         <size>0x23b</size>
         <input_file_ref idref="fl-151"/>
      </object_component>
      <object_component id="oc-283">
         <name>.debug_info</name>
         <load_address>0xe07f</load_address>
         <run_address>0xe07f</run_address>
         <size>0xfe</size>
         <input_file_ref idref="fl-152"/>
      </object_component>
      <object_component id="oc-205">
         <name>.debug_info</name>
         <load_address>0xe17d</load_address>
         <run_address>0xe17d</run_address>
         <size>0x16e</size>
         <input_file_ref idref="fl-152"/>
      </object_component>
      <object_component id="oc-2a5">
         <name>.debug_info</name>
         <load_address>0xe2eb</load_address>
         <run_address>0xe2eb</run_address>
         <size>0x160</size>
         <input_file_ref idref="fl-153"/>
      </object_component>
      <object_component id="oc-243">
         <name>.debug_info</name>
         <load_address>0xe44b</load_address>
         <run_address>0xe44b</run_address>
         <size>0x1c2</size>
         <input_file_ref idref="fl-153"/>
      </object_component>
      <object_component id="oc-1f9">
         <name>.debug_info</name>
         <load_address>0xe60d</load_address>
         <run_address>0xe60d</run_address>
         <size>0x109</size>
         <input_file_ref idref="fl-154"/>
      </object_component>
      <object_component id="oc-291">
         <name>.debug_info</name>
         <load_address>0xe716</load_address>
         <run_address>0xe716</run_address>
         <size>0x142</size>
         <input_file_ref idref="fl-155"/>
      </object_component>
      <object_component id="oc-209">
         <name>.debug_info</name>
         <load_address>0xe858</load_address>
         <run_address>0xe858</run_address>
         <size>0x165</size>
         <input_file_ref idref="fl-155"/>
      </object_component>
      <object_component id="oc-279">
         <name>.debug_info</name>
         <load_address>0xe9bd</load_address>
         <run_address>0xe9bd</run_address>
         <size>0x12d</size>
         <input_file_ref idref="fl-156"/>
      </object_component>
      <object_component id="oc-1f3">
         <name>.debug_info</name>
         <load_address>0xeaea</load_address>
         <run_address>0xeaea</run_address>
         <size>0x1a3</size>
         <input_file_ref idref="fl-156"/>
      </object_component>
      <object_component id="oc-297">
         <name>.debug_info</name>
         <load_address>0xec8d</load_address>
         <run_address>0xec8d</run_address>
         <size>0xd2</size>
         <input_file_ref idref="fl-157"/>
      </object_component>
      <object_component id="oc-21b">
         <name>.debug_info</name>
         <load_address>0xed5f</load_address>
         <run_address>0xed5f</run_address>
         <size>0x18c</size>
         <input_file_ref idref="fl-157"/>
      </object_component>
      <object_component id="oc-2b3">
         <name>.debug_info</name>
         <load_address>0xeeeb</load_address>
         <run_address>0xeeeb</run_address>
         <size>0x1a1</size>
         <input_file_ref idref="fl-158"/>
      </object_component>
      <object_component id="oc-247">
         <name>.debug_info</name>
         <load_address>0xf08c</load_address>
         <run_address>0xf08c</run_address>
         <size>0x1e1</size>
         <input_file_ref idref="fl-158"/>
      </object_component>
      <object_component id="oc-352">
         <name>.debug_info</name>
         <load_address>0xf26d</load_address>
         <run_address>0xf26d</run_address>
         <size>0xd1</size>
         <input_file_ref idref="fl-159"/>
      </object_component>
      <object_component id="oc-31c">
         <name>.debug_info</name>
         <load_address>0xf33e</load_address>
         <run_address>0xf33e</run_address>
         <size>0x1fe</size>
         <input_file_ref idref="fl-159"/>
      </object_component>
      <object_component id="oc-1d5">
         <name>.debug_info</name>
         <load_address>0xf53c</load_address>
         <run_address>0xf53c</run_address>
         <size>0x162</size>
         <input_file_ref idref="fl-15a"/>
      </object_component>
      <object_component id="oc-295">
         <name>.debug_info</name>
         <load_address>0xf69e</load_address>
         <run_address>0xf69e</run_address>
         <size>0xf3</size>
         <input_file_ref idref="fl-15b"/>
      </object_component>
      <object_component id="oc-216">
         <name>.debug_info</name>
         <load_address>0xf791</load_address>
         <run_address>0xf791</run_address>
         <size>0x13a</size>
         <input_file_ref idref="fl-15b"/>
      </object_component>
      <object_component id="oc-2e6">
         <name>.debug_info</name>
         <load_address>0xf8cb</load_address>
         <run_address>0xf8cb</run_address>
         <size>0x111</size>
         <input_file_ref idref="fl-15c"/>
      </object_component>
      <object_component id="oc-287">
         <name>.debug_info</name>
         <load_address>0xf9dc</load_address>
         <run_address>0xf9dc</run_address>
         <size>0x192</size>
         <input_file_ref idref="fl-15c"/>
      </object_component>
      <object_component id="oc-32e">
         <name>.debug_info</name>
         <load_address>0xfb6e</load_address>
         <run_address>0xfb6e</run_address>
         <size>0x86</size>
         <input_file_ref idref="fl-15c"/>
      </object_component>
      <object_component id="oc-2df">
         <name>.debug_info</name>
         <load_address>0xfbf4</load_address>
         <run_address>0xfbf4</run_address>
         <size>0xfb</size>
         <input_file_ref idref="fl-15d"/>
      </object_component>
      <object_component id="oc-27d">
         <name>.debug_info</name>
         <load_address>0xfcef</load_address>
         <run_address>0xfcef</run_address>
         <size>0x173</size>
         <input_file_ref idref="fl-15d"/>
      </object_component>
      <object_component id="oc-28b">
         <name>.debug_info</name>
         <load_address>0xfe62</load_address>
         <run_address>0xfe62</run_address>
         <size>0x153</size>
         <input_file_ref idref="fl-15e"/>
      </object_component>
      <object_component id="oc-2e3">
         <name>.debug_info</name>
         <load_address>0xffb5</load_address>
         <run_address>0xffb5</run_address>
         <size>0x1b5</size>
         <input_file_ref idref="fl-15f"/>
      </object_component>
      <object_component id="oc-2ee">
         <name>.debug_info</name>
         <load_address>0x1016a</load_address>
         <run_address>0x1016a</run_address>
         <size>0xd6</size>
         <input_file_ref idref="fl-160"/>
      </object_component>
      <object_component id="oc-366">
         <name>.debug_info</name>
         <load_address>0x10240</load_address>
         <run_address>0x10240</run_address>
         <size>0x13e</size>
         <input_file_ref idref="fl-161"/>
      </object_component>
      <object_component id="oc-33c">
         <name>.debug_info</name>
         <load_address>0x1037e</load_address>
         <run_address>0x1037e</run_address>
         <size>0x10e</size>
         <input_file_ref idref="fl-161"/>
      </object_component>
      <object_component id="oc-2e9">
         <name>.debug_info</name>
         <load_address>0x1048c</load_address>
         <run_address>0x1048c</run_address>
         <size>0x16f</size>
         <input_file_ref idref="fl-161"/>
      </object_component>
      <object_component id="oc-361">
         <name>.debug_info</name>
         <load_address>0x105fb</load_address>
         <run_address>0x105fb</run_address>
         <size>0x6f</size>
         <input_file_ref idref="fl-161"/>
      </object_component>
      <object_component id="oc-30c">
         <name>.debug_info</name>
         <load_address>0x1066a</load_address>
         <run_address>0x1066a</run_address>
         <size>0x21d</size>
         <input_file_ref idref="fl-162"/>
      </object_component>
      <object_component id="oc-2ad">
         <name>.debug_info</name>
         <load_address>0x10887</load_address>
         <run_address>0x10887</run_address>
         <size>0x436</size>
         <input_file_ref idref="fl-162"/>
      </object_component>
      <object_component id="oc-b9">
         <name>.debug_info</name>
         <load_address>0x10cbd</load_address>
         <run_address>0x10cbd</run_address>
         <size>0x2c</size>
         <input_file_ref idref="fl-162"/>
      </object_component>
      <object_component id="oc-79">
         <name>.debug_info</name>
         <load_address>0x10ce9</load_address>
[...]
         <name>__stack</name>
         <value>0x20000334</value>
         <object_component_ref idref="oc-29"/>
      </symbol>
      <symbol id="sm-1ad">
         <name>__TI_decompress_none</name>
         <value>0x3c67</value>
         <object_component_ref idref="oc-12"/>
      </symbol>
      <symbol id="sm-1d0">
         <name>__TI_decompress_rle24</name>
         <value>0x3cb3</value>
         <object_component_ref idref="oc-18"/>
      </symbol>
      <symbol id="sm-1e2">
         <name>__TI_zero_init</name>
         <value>0x3c75</value>
         <object_component_ref idref="oc-1e"/>
      </symbol>
      <symbol id="sm-200">
         <name>__aeabi_stdout</name>
         <value>0x200002f8</value>
         <object_component_ref idref="oc-24e"/>
      </symbol>
      <symbol id="sm-201">
         <name>__TI_tmpnams</name>
         <value>0x20000654</value>
         <object_component_ref idref="oc-345"/>
      </symbol>
      <symbol id="sm-202">
         <name>__aeabi_stderr</name>
         <value>0x200002fc</value>
         <object_component_ref idref="oc-24e"/>
      </symbol>
      <symbol id="sm-203">
         <name>__aeabi_stdin</name>
         <value>0x200002f4</value>
         <object_component_ref idref="oc-24e"/>
      </symbol>
      <symbol id="sm-204">
         <name>_ftable</name>
         <value>0x20000000</value>
         <object_component_ref idref="oc-132"/>
      </symbol>
      <symbol id="sm-205">
         <name>__TI_ft_end</name>
         <value>0x200002f0</value>
         <object_component_ref idref="oc-24e"/>
      </symbol>
      <symbol id="sm-224">
         <name>C$$EXIT</name>
         <value>0x3951</value>
         <object_component_ref idref="oc-6d"/>
      </symbol>
      <symbol id="sm-225">
         <name>abort</name>
         <value>0x3955</value>
         <object_component_ref idref="oc-6d"/>
      </symbol>
      <symbol id="sm-226">
         <name>exit</name>
         <value>0x395d</value>
         <object_component_ref idref="oc-6d"/>
      </symbol>
      <symbol id="sm-227">
         <name>__TI_dtors_ptr</name>
         <value>0x20000318</value>
         <object_component_ref idref="oc-af"/>
      </symbol>
      <symbol id="sm-228">
         <name>__TI_cleanup_ptr</name>
         <value>0x20000314</value>
         <object_component_ref idref="oc-af"/>
      </symbol>
      <symbol id="sm-240">
         <name>fprintf</name>
         <value>0x34e5</value>
         <object_component_ref idref="oc-12c"/>
      </symbol>
      <symbol id="sm-257">
         <name>putc</name>
         <value>0x3251</value>
         <object_component_ref idref="oc-179"/>
      </symbol>
      <symbol id="sm-258">
         <name>fputc</name>
         <value>0x3251</value>
         <object_component_ref idref="oc-179"/>
      </symbol>
      <symbol id="sm-259">
         <name>putchar</name>
         <value>0x32d5</value>
         <object_component_ref idref="oc-179"/>
      </symbol>
      <symbol id="sm-27b">
         <name>puts</name>
         <value>0x28ad</value>
         <object_component_ref idref="oc-17f"/>
      </symbol>
      <symbol id="sm-27c">
         <name>fputs</name>
         <value>0x27a1</value>
         <object_component_ref idref="oc-17f"/>
      </symbol>
      <symbol id="sm-2d3">
         <name>open</name>
         <value>0x1c5b</value>
         <object_component_ref idref="oc-1be"/>
      </symbol>
      <symbol id="sm-2d4">
         <name>add_device</name>
         <value>0x1d7d</value>
         <object_component_ref idref="oc-1be"/>
      </symbol>
      <symbol id="sm-2d5">
         <name>remove_device</name>
         <value>0x1c0f</value>
         <object_component_ref idref="oc-1be"/>
      </symbol>
      <symbol id="sm-2d6">
         <name>lseek</name>
         <value>0x1d09</value>
         <object_component_ref idref="oc-1be"/>
      </symbol>
      <symbol id="sm-2d7">
         <name>read</name>
         <value>0x1c37</value>
         <object_component_ref idref="oc-1be"/>
      </symbol>
      <symbol id="sm-2d8">
         <name>rename</name>
         <value>0x1bd1</value>
         <object_component_ref idref="oc-1be"/>
      </symbol>
      <symbol id="sm-2d9">
         <name>write</name>
         <value>0x1b1d</value>
         <object_component_ref idref="oc-1be"/>
      </symbol>
      <symbol id="sm-2da">
         <name>close</name>
         <value>0x1d2d</value>
         <object_component_ref idref="oc-1be"/>
      </symbol>
      <symbol id="sm-2db">
         <name>unlink</name>
         <value>0x1bad</value>
         <object_component_ref idref="oc-1be"/>
      </symbol>
      <symbol id="sm-2eb">
         <name>memchr</name>
         <value>0x3b7d</value>
         <object_component_ref idref="oc-1cc"/>
      </symbol>
      <symbol id="sm-306">
         <name>memcpy</name>
         <value>0x311b</value>
         <object_component_ref idref="oc-36"/>
      </symbol>
      <symbol id="sm-307">
         <name>__aeabi_memcpy</name>
         <value>0x311b</value>
         <object_component_ref idref="oc-36"/>
      </symbol>
      <symbol id="sm-308">
         <name>__aeabi_memcpy8</name>
         <value>0x311b</value>
         <object_component_ref idref="oc-36"/>
      </symbol>
      <symbol id="sm-309">
         <name>__aeabi_memcpy4</name>
         <value>0x311b</value>
         <object_component_ref idref="oc-36"/>
      </symbol>
      <symbol id="sm-318">
         <name>__aeabi_memset</name>
         <value>0x33f7</value>
         <object_component_ref idref="oc-4f"/>
      </symbol>
      <symbol id="sm-319">
         <name>memset</name>
         <value>0x33fd</value>
         <object_component_ref idref="oc-4f"/>
      </symbol>
      <symbol id="sm-31a">
         <name>__aeabi_memset8</name>
         <value>0x33f7</value>
         <object_component_ref idref="oc-4f"/>
      </symbol>
      <symbol id="sm-31b">
         <name>__aeabi_memset4</name>
         <value>0x33f7</value>
         <object_component_ref idref="oc-4f"/>
      </symbol>
      <symbol id="sm-31c">
         <name>__aeabi_memclr8</name>
         <value>0x33f5</value>
         <object_component_ref idref="oc-4f"/>
      </symbol>
      <symbol id="sm-31d">
         <name>__aeabi_memclr4</name>
         <value>0x33f5</value>
         <object_component_ref idref="oc-4f"/>
      </symbol>
      <symbol id="sm-31e">
         <name>__aeabi_memclr</name>
         <value>0x33f5</value>
         <object_component_ref idref="oc-4f"/>
      </symbol>
      <symbol id="sm-328">
         <name>_system_pre_init</name>
         <value>0x3cc5</value>
         <object_component_ref idref="oc-5b"/>
      </symbol>
      <symbol id="sm-330">
         <name>main_func_sp</name>
         <value>0x2000032c</value>
         <object_component_ref idref="oc-73"/>
      </symbol>
      <symbol id="sm-340">
         <name>strchr</name>
         <value>0x3c01</value>
         <object_component_ref idref="oc-20e"/>
      </symbol>
      <symbol id="sm-34f">
         <name>strcmp</name>
         <value>0x3be9</value>
         <object_component_ref idref="oc-253"/>
      </symbol>
      <symbol id="sm-35d">
         <name>strlen</name>
         <value>0x3c41</value>
         <object_component_ref idref="oc-1c6"/>
      </symbol>
      <symbol id="sm-36d">
         <name>strncpy</name>
         <value>0x3a3d</value>
         <object_component_ref idref="oc-259"/>
      </symbol>
      <symbol id="sm-38e">
         <name>HOSTgetenv</name>
         <value>0x203f</value>
         <object_component_ref idref="oc-2c3"/>
      </symbol>
      <symbol id="sm-38f">
         <name>HOSTrename</name>
         <value>0x1ee7</value>
         <object_component_ref idref="oc-2c3"/>
      </symbol>
      <symbol id="sm-390">
         <name>HOSTclose</name>
         <value>0x207d</value>
         <object_component_ref idref="oc-2c3"/>
      </symbol>
      <symbol id="sm-391">
         <name>HOSTunlink</name>
         <value>0x1e75</value>
         <object_component_ref idref="oc-2c3"/>
      </symbol>
      <symbol id="sm-392">
         <name>HOSTlseek</name>
         <value>0x1fe3</value>
         <object_component_ref idref="oc-2c3"/>
      </symbol>
      <symbol id="sm-393">
         <name>HOSTopen</name>
         <value>0x1f91</value>
         <object_component_ref idref="oc-2c3"/>
      </symbol>
      <symbol id="sm-394">
         <name>HOSTclock</name>
         <value>0x20b5</value>
         <object_component_ref idref="oc-2c3"/>
      </symbol>
      <symbol id="sm-395">
         <name>HOSTwrite</name>
         <value>0x1e29</value>
         <object_component_ref idref="oc-2c3"/>
      </symbol>
      <symbol id="sm-396">
         <name>HOSTread</name>
         <value>0x1f45</value>
         <object_component_ref idref="oc-2c3"/>
      </symbol>
      <symbol id="sm-397">
         <name>HOSTtime</name>
         <value>0x1ead</value>
         <object_component_ref idref="oc-2c3"/>
      </symbol>
      <symbol id="sm-3b2">
         <name>__TI_readmsg</name>
         <value>0x35e7</value>
         <object_component_ref idref="oc-313"/>
      </symbol>
      <symbol id="sm-3b3">
         <name>C$$IO$$</name>
         <value>0x35e3</value>
         <object_component_ref idref="oc-313"/>
      </symbol>
      <symbol id="sm-3b4">
         <name>__CIOBUF_</name>
         <value>0x20000534</value>
         <object_component_ref idref="oc-34c"/>
      </symbol>
      <symbol id="sm-3b5">
         <name>__TI_writemsg</name>
         <value>0x35b5</value>
         <object_component_ref idref="oc-313"/>
      </symbol>
      <symbol id="sm-3d3">
         <name>__TI_wrt_ok</name>
         <value>0x306f</value>
         <object_component_ref idref="oc-1b2"/>
      </symbol>
      <symbol id="sm-3d4">
         <name>__TI_rd_ok</name>
         <value>0x30d1</value>
         <object_component_ref idref="oc-1b2"/>
      </symbol>
      <symbol id="sm-3ed">
         <name>_nop</name>
         <value>0x3c27</value>
         <object_component_ref idref="oc-141"/>
      </symbol>
      <symbol id="sm-3ee">
         <name>_lock</name>
         <value>0x2000030c</value>
         <object_component_ref idref="oc-ac"/>
      </symbol>
      <symbol id="sm-3ef">
         <name>_unlock</name>
         <value>0x20000310</value>
         <object_component_ref idref="oc-ac"/>
      </symbol>
      <symbol id="sm-3f0">
         <name>_register_lock</name>
         <value>0x3c1f</value>
         <object_component_ref idref="oc-141"/>
      </symbol>
      <symbol id="sm-3f1">
         <name>_register_unlock</name>
         <value>0x3c19</value>
         <object_component_ref idref="oc-141"/>
      </symbol>
      <symbol id="sm-4f6">
         <name>__TI_printfi</name>
         <value>0x1021</value>
         <object_component_ref idref="oc-185"/>
      </symbol>
      <symbol id="sm-50b">
         <name>_args_main</name>
         <value>0x3bd1</value>
         <object_component_ref idref="oc-67"/>
      </symbol>
      <symbol id="sm-521">
         <name>atoi</name>
         <value>0x37e1</value>
         <object_component_ref idref="oc-220"/>
      </symbol>
      <symbol id="sm-547">
         <name>__TI_auto_init</name>
         <value>0x3471</value>
         <object_component_ref idref="oc-61"/>
      </symbol>
      <symbol id="sm-561">
         <name>copy_in</name>
         <value>0x382d</value>
         <object_component_ref idref="oc-9c"/>
      </symbol>
      <symbol id="sm-56c">
         <name>_ctypes_</name>
         <value>0x3cc8</value>
         <object_component_ref idref="oc-298"/>
      </symbol>
      <symbol id="sm-590">
         <name>__aeabi_dsub</name>
         <value>0x24b5</value>
         <object_component_ref idref="oc-1fd"/>
      </symbol>
      <symbol id="sm-591">
         <name>__aeabi_dadd</name>
         <value>0x24bf</value>
         <object_component_ref idref="oc-1fd"/>
      </symbol>
      <symbol id="sm-5b8">
         <name>__aeabi_cdcmpeq</name>
         <value>0x32e9</value>
         <object_component_ref idref="oc-1d9"/>
      </symbol>
      <symbol id="sm-5b9">
         <name>__aeabi_cdcmple</name>
         <value>0x32e9</value>
         <object_component_ref idref="oc-1d9"/>
      </symbol>
      <symbol id="sm-5ba">
         <name>__aeabi_cdrcmple</name>
         <value>0x336f</value>
         <object_component_ref idref="oc-1e8"/>
      </symbol>
      <symbol id="sm-5da">
         <name>__aeabi_ddiv</name>
         <value>0x266b</value>
         <object_component_ref idref="oc-1e3"/>
      </symbol>
      <symbol id="sm-5f1">
         <name>__aeabi_dmul</name>
         <value>0x2c21</value>
         <object_component_ref idref="oc-1de"/>
      </symbol>
      <symbol id="sm-5ff">
         <name>__aeabi_d2iz</name>
         <value>0x3909</value>
         <object_component_ref idref="oc-1ed"/>
      </symbol>
      <symbol id="sm-619">
         <name>__TI_doflush</name>
         <value>0x2ee9</value>
         <object_component_ref idref="oc-1b8"/>
      </symbol>
      <symbol id="sm-61a">
         <name>fflush</name>
         <value>0x2f35</value>
         <object_component_ref idref="oc-1b8"/>
      </symbol>
      <symbol id="sm-627">
         <name>frexp</name>
         <value>0x3b53</value>
         <object_component_ref idref="oc-202"/>
      </symbol>
      <symbol id="sm-639">
         <name>fseek</name>
         <value>0x3685</value>
         <object_component_ref idref="oc-240"/>
      </symbol>
      <symbol id="sm-645">
         <name>__aeabi_i2d</name>
         <value>0x3acd</value>
         <object_component_ref idref="oc-1f8"/>
      </symbol>
      <symbol id="sm-656">
         <name>ldexp</name>
         <value>0x373f</value>
         <object_component_ref idref="oc-208"/>
      </symbol>
      <symbol id="sm-665">
         <name>ltoa</name>
         <value>0x36e9</value>
         <object_component_ref idref="oc-1f2"/>
      </symbol>
      <symbol id="sm-675">
         <name>memccpy</name>
         <value>0x3b9d</value>
         <object_component_ref idref="oc-21a"/>
      </symbol>
      <symbol id="sm-691">
         <name>setvbuf</name>
         <value>0x2e0d</value>
         <object_component_ref idref="oc-246"/>
      </symbol>
      <symbol id="sm-69f">
         <name>strcpy</name>
         <value>0x3c2d</value>
         <object_component_ref idref="oc-319"/>
      </symbol>
      <symbol id="sm-6c9">
         <name>__aeabi_uldivmod</name>
         <value>0x20fd</value>
         <object_component_ref idref="oc-1d4"/>
      </symbol>
      <symbol id="sm-6d7">
         <name>_Dclass</name>
         <value>0x3a6d</value>
         <object_component_ref idref="oc-214"/>
      </symbol>
      <symbol id="sm-6f8">
         <name>_Dscale</name>
         <value>0x2a05</value>
         <object_component_ref idref="oc-284"/>
      </symbol>
      <symbol id="sm-70c">
         <name>_Dunscale</name>
         <value>0x361d</value>
         <object_component_ref idref="oc-27c"/>
      </symbol>
      <symbol id="sm-71b">
         <name>_Feraise</name>
         <value>0x3a9d</value>
         <object_component_ref idref="oc-28a"/>
      </symbol>
      <symbol id="sm-72b">
         <name>_Rteps</name>
         <value>0x200002d0</value>
         <object_component_ref idref="oc-2e2"/>
      </symbol>
      <symbol id="sm-72c">
         <name>_Zero</name>
         <value>0x200002e8</value>
         <object_component_ref idref="oc-2e2"/>
      </symbol>
      <symbol id="sm-72d">
         <name>_Hugeval</name>
         <value>0x20000290</value>
         <object_component_ref idref="oc-2e2"/>
      </symbol>
      <symbol id="sm-72e">
         <name>_Snan</name>
         <value>0x200002c0</value>
         <object_component_ref idref="oc-2e2"/>
      </symbol>
      <symbol id="sm-72f">
         <name>_Nan</name>
         <value>0x200002b0</value>
         <object_component_ref idref="oc-2e2"/>
      </symbol>
      <symbol id="sm-730">
         <name>_Inf</name>
         <value>0x200002a0</value>
         <object_component_ref idref="oc-2e2"/>
      </symbol>
      <symbol id="sm-731">
         <name>_Xbig</name>
         <value>0x200002e0</value>
         <object_component_ref idref="oc-2e2"/>
      </symbol>
      <symbol id="sm-732">
         <name>_Eps</name>
         <value>0x20000280</value>
         <object_component_ref idref="oc-2e2"/>
      </symbol>
      <symbol id="sm-733">
         <name>_Denorm</name>
         <value>0x20000270</value>
         <object_component_ref idref="oc-2e2"/>
      </symbol>
      <symbol id="sm-73b">
         <name>_Errno</name>
         <value>0x20000324</value>
         <object_component_ref idref="oc-2ed"/>
      </symbol>
      <symbol id="sm-759">
         <name>feraiseexcept</name>
         <value>0x3a09</value>
         <object_component_ref idref="oc-2e7"/>
      </symbol>
      <symbol id="sm-75a">
         <name>_Tls_setup__Fenv</name>
         <value>0x20000320</value>
         <object_component_ref idref="oc-33b"/>
      </symbol>
      <symbol id="sm-75b">
         <name>_Fenv</name>
         <value>0x2000031c</value>
         <object_component_ref idref="oc-33b"/>
      </symbol>
      <symbol id="sm-792">
         <name>__TI_cleanup</name>
         <value>0x23b9</value>
         <object_component_ref idref="oc-2ac"/>
      </symbol>
      <symbol id="sm-793">
         <name>freopen</name>
         <value>0x23e5</value>
         <object_component_ref idref="oc-2ac"/>
      </symbol>
      <symbol id="sm-794">
         <name>fopen</name>
         <value>0x240f</value>
         <object_component_ref idref="oc-2ac"/>
      </symbol>
      <symbol id="sm-806">
         <name>_sys_memory</name>
         <value>0x20000718</value>
         <object_component_ref idref="oc-2a"/>
      </symbol>
      <symbol id="sm-807">
         <name>free</name>
         <value>0x1837</value>
         <object_component_ref idref="oc-2a6"/>
      </symbol>
      <symbol id="sm-808">
         <name>realloc</name>
         <value>0x18f9</value>
         <object_component_ref idref="oc-2a6"/>
      </symbol>
      <symbol id="sm-809">
         <name>memalign</name>
         <value>0x1a05</value>
         <object_component_ref idref="oc-2a6"/>
      </symbol>
      <symbol id="sm-80a">
         <name>calloc</name>
         <value>0x1ae9</value>
         <object_component_ref idref="oc-2a6"/>
      </symbol>
      <symbol id="sm-80b">
         <name>malloc</name>
         <value>0x17cf</value>
         <object_component_ref idref="oc-2a6"/>
      </symbol>
      <symbol id="sm-80c">
         <name>minit</name>
         <value>0x1741</value>
         <object_component_ref idref="oc-2a6"/>
      </symbol>
      <symbol id="sm-820">
         <name>raise</name>
         <value>0x3afb</value>
         <object_component_ref idref="oc-335"/>
      </symbol>
      <symbol id="sm-83a">
         <name>signal</name>
         <value>0x3995</value>
         <object_component_ref idref="oc-357"/>
      </symbol>
      <symbol id="sm-84f">
         <name>_Dnorm</name>
         <value>0x2fb1</value>
         <object_component_ref idref="oc-2d8"/>
      </symbol>
      <symbol id="sm-865">
         <name>__TI_closefile</name>
         <value>0x31b9</value>
         <object_component_ref idref="oc-304"/>
      </symbol>
      <symbol id="sm-866">
         <name>fclose</name>
         <value>0x321f</value>
         <object_component_ref idref="oc-304"/>
      </symbol>
      <symbol id="sm-868">
         <name>__TI_static_base__</name>
         <value>0x0</value>
      </symbol>
      <symbol id="sm-86b">
         <name>SHT$$INIT_ARRAY$$Limit</name>
         <value>0x0</value>
      </symbol>
      <symbol id="sm-86c">
         <name>SHT$$INIT_ARRAY$$Base</name>
         <value>0x0</value>
      </symbol>
      <symbol id="sm-86d">
         <name>remove</name>
         <value>0x1bad</value>
      </symbol>
   </symbol_table>
   <title>Link successful</title>
</link_info>
