******************************************************************************
                  TI ARM Linker PC v5.2.5                      
******************************************************************************
>> Linked Sun Nov 22 21:44:22 2015

OUTPUT FILE NAME:   <lab2.out>
ENTRY POINT SYMBOL: "_c_int00"  address: 00002fe1


MEMORY CONFIGURATION

         name            origin    length      used     unused   attr    fill
----------------------  --------  ---------  --------  --------  ----  --------
  FLASH                 00000000   00040000  00003c62  0003c39e  R  X
  SRAM                  20000000   00008000  000016c0  00006940  RW X


SEGMENT ALLOCATION MAP

run origin  load origin   length   init length attrs members
----------  ----------- ---------- ----------- ----- -------
00000000    00000000    00003c68   00003c68    r-x
  00000000    00000000    0000026c   0000026c    r-- .intvecs
  0000026c    0000026c    00003330   00003330    r-x .text
  000035a0    000035a0    00000626   00000626    r-- .const
  00003bc8    00003bc8    000000a0   000000a0    r-- .cinit
20000000    20000000    000016c0   00000000    rw-
  20000000    20000000    00000970   00000000    rw- .data
  20000970    20000970    00000800   00000000    rw- .sysmem
  20001170    20001170    00000350   00000000    rw- .bss
  200014c0    200014c0    00000200   00000000    rw- .stack


SECTION ALLOCATION MAP

 output                                  attributes/
section   page    origin      length       input sections
--------  ----  ----------  ----------   ----------------
.intvecs   0    00000000    0000026c     
                  00000000    0000026c     tm4c123gh6pm_startup_ccs.obj (.intvecs)

.text      0    0000026c    00003330     
                  0000026c    00000bc0     main.obj (.text)
                  00000e2c    00000b14     OrbitOledGrph.obj (.text)
                  00001940    00000380     OrbitOled.obj (.text)
                  00001cc0    00000294     rtsv7M4_T_le_v4SPD16_eabi.lib : xsin.obj (.text)
                  00001f54    00000204     OrbitOledChar.obj (.text)
                  00002158    000001b6     rtsv7M4_T_le_v4SPD16_eabi.lib : fd_add_t2.obj (.text)
                  0000230e    00000002     --HOLE-- [fill = 0]
                  00002310    00000174                                   : fmod.obj (.text)
                  00002484    00000134                                   : strtol.obj (.text)
                  000025b8    00000130     driverlib.lib : gpio.obj (.text:GPIOPadConfigSet)
                  000026e8    00000110     rtsv7M4_T_le_v4SPD16_eabi.lib : xdscale.obj (.text)
                  000027f8    0000010c     driverlib.lib : sysctl.obj (.text:SysCtlClockGet)
                  00002904    000000fc     rtsv7M4_T_le_v4SPD16_eabi.lib : fd_mul_t2.obj (.text)
                  00002a00    000000f0     driverlib.lib : sysctl.obj (.text:SysCtlClockSet)
                  00002af0    000000be     rtsv7M4_T_le_v4SPD16_eabi.lib : xdnorm.obj (.text)
                  00002bae    0000009c                                   : memcpy_t2.obj (.text)
                  00002c4a    00000086                                   : fd_cmp_t2.obj (.text:__aeabi_cdcmple)
                  00002cd0    00000086                                   : fd_cmp_t2.obj (.text:__aeabi_cdrcmple)
                  00002d56    0000007a     driverlib.lib : adc.obj (.text:ADCSequenceStepConfigure)
                  00002dd0    0000007a     rtsv7M4_T_le_v4SPD16_eabi.lib : memset_t2.obj (.text)
                  00002e4a    00000002     --HOLE-- [fill = 0]
                  00002e4c    0000006c                                   : autoinit.obj (.text)
                  00002eb8    0000006a                                   : copy_decompress_rle.obj (.text)
                  00002f22    00000002     --HOLE-- [fill = 0]
                  00002f24    00000060     driverlib.lib : timer.obj (.text:TimerConfigure)
                  00002f84    0000005c     delay.obj (.text)
                  00002fe0    00000050     rtsv7M4_T_le_v4SPD16_eabi.lib : boot.obj (.text)
                  00003030    0000004c                                   : cpy_tbl.obj (.text)
                  0000307c    00000048     driverlib.lib : gpio.obj (.text:GPIOPinConfigure)
                  000030c4    00000048                   : i2c.obj (.text:I2CMasterInitExpClk)
                  0000310c    00000048     rtsv7M4_T_le_v4SPD16_eabi.lib : fd_toi_t2.obj (.text)
                  00003154    00000048                                   : fd_tos_t2.obj (.text)
                  0000319c    00000044                                   : exit.obj (.text)
                  000031e0    00000040                                   : signal.obj (.text)
                  00003220    0000003e     driverlib.lib : adc.obj (.text:ADCSequenceConfigure)
                  0000325e    0000003c                   : ssi.obj (.text:SSIConfigSetExpClk)
                  0000329a    00000002     --HOLE-- [fill = 0]
                  0000329c    00000034                   : sysctl.obj (.text:SysCtlPeripheralEnable)
                  000032d0    00000034     rtsv7M4_T_le_v4SPD16_eabi.lib : feraiseexcept.obj (.text)
                  00003304    00000030                                   : xferaise.obj (.text)
                  00003334    0000002e     driverlib.lib : adc.obj (.text:ADCIntStatus)
                  00003362    0000002e     rtsv7M4_T_le_v4SPD16_eabi.lib : i_tofd_t2.obj (.text)
                  00003390    0000002e                                   : raise.obj (.text)
                  000033be    0000002a     driverlib.lib : gpio.obj (.text:GPIODirModeSet)
                  000033e8    0000001e                   : adc.obj (.text:ADCSequenceDataGet)
                  00003406    0000001a     rtsv7M4_T_le_v4SPD16_eabi.lib : cos.obj (.text)
                  00003420    0000001a                                   : sin.obj (.text)
                  0000343a    00000018     driverlib.lib : adc.obj (.text:ADCProcessorTrigger)
                  00003452    00000018                   : gpio.obj (.text:GPIOPinTypeGPIOOutput)
                  0000346a    00000002     --HOLE-- [fill = 0]
                  0000346c    00000018     rtsv7M4_T_le_v4SPD16_eabi.lib : args_main.obj (.text)
                  00003484    00000014                                   : _lock.obj (.text)
                  00003498    00000012     driverlib.lib : gpio.obj (.text:GPIOPinTypeADC)
                  000034aa    00000012                   : gpio.obj (.text:GPIOPinTypeGPIOInput)
                  000034bc    00000012                   : gpio.obj (.text:GPIOPinTypeI2C)
                  000034ce    00000012                   : gpio.obj (.text:GPIOPinTypeSSI)
                  000034e0    0000000e                   : adc.obj (.text:ADCSequenceEnable)
                  000034ee    0000000e                   : timer.obj (.text:TimerEnable)
                  000034fc    0000000e     rtsv7M4_T_le_v4SPD16_eabi.lib : copy_decompress_none.obj (.text:decompress:none)
                  0000350a    0000000c     driverlib.lib : ssi.obj (.text:SSIDataGet)
                  00003516    0000000c     rtsv7M4_T_le_v4SPD16_eabi.lib : copy_zero_init.obj (.text:decompress:ZI)
                  00003522    0000000c     tm4c123gh6pm_startup_ccs.obj (.text)
                  0000352e    0000000a     driverlib.lib : i2c.obj (.text:I2CMasterEnable)
                  00003538    0000000a                   : ssi.obj (.text:SSIDataPut)
                  00003542    0000000a                   : ssi.obj (.text:SSIEnable)
                  0000354c    0000000a                   : timer.obj (.text:TimerValueGet)
                  00003556    00000008                   : i2c.obj (.text:I2CMasterBusBusy)
                  0000355e    00000008                   : i2c.obj (.text:I2CMasterSlaveAddrSet)
                  00003566    00000008                   : ssi.obj (.text:SSIBusy)
                  0000356e    00000006                   : gpio.obj (.text:GPIOPinRead)
                  00003574    00000006                   : gpio.obj (.text:GPIOPinWrite)
                  0000357a    00000006                   : ssi.obj (.text:SSIClockSourceSet)
                  00003580    00000006                   : sysctl.obj (.text:SysCtlDelay)
                  00003586    00000006     rtsv7M4_T_le_v4SPD16_eabi.lib : copy_decompress_rle.obj (.text:decompress:rle24)
                  0000358c    00000004     driverlib.lib : i2c.obj (.text:I2CMasterControl)
                  00003590    00000004                   : i2c.obj (.text:I2CMasterDataGet)
                  00003594    00000004                   : i2c.obj (.text:I2CMasterDataPut)
                  00003598    00000004     rtsv7M4_T_le_v4SPD16_eabi.lib : pre_init.obj (.text)

.const     0    000035a0    00000626     
                  000035a0    00000300     ChrFont0.obj (.const:.string:rgbOledFont0)
                  000038a0    00000101     rtsv7M4_T_le_v4SPD16_eabi.lib : ctype.obj (.const:.string:_ctypes_)
                  000039a1    00000003     --HOLE-- [fill = 0]
                  000039a4    00000090     driverlib.lib : gpio.obj (.const:g_pui32GPIOBaseAddrs)
                  00003a34    00000004     --HOLE-- [fill = 0]
                  00003a38    00000080     rtsv7M4_T_le_v4SPD16_eabi.lib : xsin.obj (.const)
                  00003ab8    0000006c     driverlib.lib : sysctl.obj (.const:g_pui32Xtals)
                  00003b24    00000040     FillPat.obj (.const:.string:rgbFillPat)
                  00003b64    00000031     main.obj (.const:$P$T0$1)
                  00003b95    00000031     main.obj (.const:$P$T1$2)

.cinit     0    00003bc8    000000a0     
                  00003bc8    00000077     (.cinit..data.load) [load image, compression = rle]
                  00003c3f    00000001     --HOLE-- [fill = 0]
                  00003c40    0000000c     (__TI_handler_table)
                  00003c4c    00000004     --HOLE-- [fill = 0]
                  00003c50    00000008     (.cinit..bss.load) [load image, compression = zero_init]
                  00003c58    00000010     (__TI_cinit_table)

.init_array 
*          0    00000000    00000000     UNINITIALIZED

.data      0    20000000    00000970     UNINITIALIZED
                  20000000    000007d0     main.obj (.data:line)
                  200007d0    000000b0     rtsv7M4_T_le_v4SPD16_eabi.lib : signal.obj (.data:sigtable)
                  20000880    00000080                                   : xvalues.obj (.data)
                  20000900    0000004d     main.obj (.data)
                  2000094d    00000003     --HOLE--
                  20000950    00000008     rtsv7M4_T_le_v4SPD16_eabi.lib : _lock.obj (.data)
                  20000958    00000008                                   : exit.obj (.data)
                  20000960    00000008                                   : feraiseexcept.obj (.data)
                  20000968    00000004                                   : errno.obj (.data)
                  2000096c    00000004                                   : stkdepth_vars.obj (.data)

.TI.persistent 
*          0    20000000    00000000     UNINITIALIZED

.sysmem    0    20000970    00000800     UNINITIALIZED
                  20000970    00000008     rtsv7M4_T_le_v4SPD16_eabi.lib : memory.obj (.sysmem)
                  20000978    000007f8     --HOLE--

.bss       0    20001170    00000350     UNINITIALIZED
                  20001170    00000200     OrbitOled.obj (.bss:rgbOledBmp)
                  20001370    00000100     OrbitOledChar.obj (.bss:rgbOledFontUser)
                  20001470    00000004     (.common:bnOledCur)
                  20001474    00000004     (.common:dxcoOledFontCur)
                  20001478    00000004     (.common:dycoOledFontCur)
                  2000147c    00000004     (.common:fOledCharUpdate)
                  20001480    00000004     (.common:lBtn1)
                  20001484    00000004     (.common:lBtn2)
                  20001488    00000004     (.common:modOledCur)
                  2000148c    00000004     (.common:pbOledCur)
                  20001490    00000004     (.common:pbOledFontCur)
                  20001494    00000004     (.common:pbOledFontUser)
                  20001498    00000004     (.common:pbOledPatCur)
                  2000149c    00000004     (.common:pfnDoRop)
                  200014a0    00000004     (.common:ulAIN0)
                  200014a4    00000004     (.common:xchOledCur)
                  200014a8    00000004     (.common:xchOledMax)
                  200014ac    00000004     (.common:xcoOledCur)
                  200014b0    00000004     (.common:ychOledCur)
                  200014b4    00000004     (.common:ychOledMax)
                  200014b8    00000004     (.common:ycoOledCur)
                  200014bc    00000001     (.common:chSwtCur)
                  200014bd    00000001     (.common:chSwtPrev)
                  200014be    00000001     (.common:clrOledCur)
                  200014bf    00000001     (.common:fClearOled)

.TI.noinit 
*          0    20001170    00000000     UNINITIALIZED

.stack     0    200014c0    00000200     UNINITIALIZED
                  200014c0    00000200     --HOLE--


LINKER GENERATED COPY TABLES

__TI_cinit_table @ 00003c58 records: 2, size/record: 8, table size: 16
	.data: load addr=00003bc8, load size=00000077 bytes, run addr=20000000, run size=00000970 bytes, compression=rle
	.bss: load addr=00003c50, load size=00000008 bytes, run addr=20001170, run size=00000350 bytes, compression=zero_init


LINKER GENERATED HANDLER TABLE

__TI_handler_table @ 00003c40 records: 3, size/record: 4, table size: 12
	index: 0, handler: __TI_decompress_rle24
	index: 1, handler: __TI_decompress_none
	index: 2, handler: __TI_zero_init


GLOBAL SYMBOLS: SORTED ALPHABETICALLY BY Name 

address   name                    
-------   ----                    
00003335  ADCIntStatus            
0000343b  ADCProcessorTrigger     
00003221  ADCSequenceConfigure    
000033e9  ADCSequenceDataGet      
000034e1  ADCSequenceEnable       
00002d57  ADCSequenceStepConfigure
000008b9  Accel_int               
00000909  Accel_read              
0000319d  C$$EXIT                 
00002f85  DelayInit               
00002f9f  DelayMs                 
000033bf  GPIODirModeSet          
000025b9  GPIOPadConfigSet        
0000307d  GPIOPinConfigure        
0000356f  GPIOPinRead             
00003499  GPIOPinTypeADC          
000034ab  GPIOPinTypeGPIOInput    
00003453  GPIOPinTypeGPIOOutput   
000034bd  GPIOPinTypeI2C          
000034cf  GPIOPinTypeSSI          
00003575  GPIOPinWrite            
00003557  I2CMasterBusBusy        
0000358d  I2CMasterControl        
00003591  I2CMasterDataGet        
00003595  I2CMasterDataPut        
0000352f  I2CMasterEnable         
000030c5  I2CMasterInitExpClk     
0000355f  I2CMasterSlaveAddrSet   
000020ed  OrbitOledAdvanceCursor  
000018e1  OrbitOledClampXco       
00001901  OrbitOledClampYco       
00001b1d  OrbitOledClear          
00001b29  OrbitOledClearBuffer    
00001fbd  OrbitOledDefUserChar    
00001a99  OrbitOledDevInit        
00001731  OrbitOledDrawChar       
00002075  OrbitOledDrawGlyph      
00000f23  OrbitOledDrawPixel      
00001069  OrbitOledDrawRect       
00001791  OrbitOledDrawString     
00001a1f  OrbitOledDvrInit        
000010ed  OrbitOledFillRect       
00001231  OrbitOledGetBmp         
00002025  OrbitOledGetCharUpdate  
00001fa1  OrbitOledGetCursor      
00000f1d  OrbitOledGetDrawMode    
00000f4f  OrbitOledGetPixel       
00000e73  OrbitOledGetPos         
00000ea7  OrbitOledGetStdPattern  
00001955  OrbitOledHostInit       
00001941  OrbitOledInit           
00000f69  OrbitOledLineTo         
00001879  OrbitOledMoveDown       
000018af  OrbitOledMoveLeft       
000018c7  OrbitOledMoveRight      
00000e2d  OrbitOledMoveTo         
00001847  OrbitOledMoveUp         
00001391  OrbitOledPutBmp         
0000155d  OrbitOledPutBmpFlipped  
00001bb3  OrbitOledPutBuffer      
0000202b  OrbitOledPutChar        
00002049  OrbitOledPutString      
000017fd  OrbitOledRopAnd         
000017d9  OrbitOledRopOr          
000017af  OrbitOledRopSet         
00001821  OrbitOledRopXor         
0000200d  OrbitOledSetCharUpdate  
00001f55  OrbitOledSetCursor      
00000e8f  OrbitOledSetDrawColor   
00000ec9  OrbitOledSetDrawMode    
00000eb9  OrbitOledSetFillPattern 
00001b59  OrbitOledUpdate         
00003523  ResetISR                
UNDEFED   SHT$$INIT_ARRAY$$Base   
UNDEFED   SHT$$INIT_ARRAY$$Limit  
00003567  SSIBusy                 
0000357b  SSIClockSourceSet       
0000325f  SSIConfigSetExpClk      
0000350b  SSIDataGet              
00003539  SSIDataPut              
00003543  SSIEnable               
00001c19  Ssi3PutByte             
000027f9  SysCtlClockGet          
00002a01  SysCtlClockSet          
00003581  SysCtlDelay             
0000329d  SysCtlPeripheralEnable  
00002f25  TimerConfigure          
000034ef  TimerEnable             
0000354d  TimerValueGet           
20000880  _Denorm                 
00002af1  _Dnorm                  
000026e9  _Dscale                 
20000890  _Eps                    
20000968  _Errno                  
20000960  _Fenv                   
00003305  _Feraise                
200008a0  _Hugeval                
200008b0  _Inf                    
200008c0  _Nan                    
200008e0  _Rteps                  
00001cc1  _Sin                    
200008d0  _Snan                   
20000964  _Tls_setup__Fenv        
200008f0  _Xbig                   
200008f8  _Zero                   
200016c0  __STACK_END             
00000200  __STACK_SIZE            
200016c0  __STACK_TOP             
00000800  __SYSMEM_SIZE           
00003c58  __TI_CINIT_Base         
00003c68  __TI_CINIT_Limit        
00003c40  __TI_Handler_Table_Base 
00003c4c  __TI_Handler_Table_Limit
00002e4d  __TI_auto_init          
20000958  __TI_cleanup_ptr        
000034fd  __TI_decompress_none    
00003587  __TI_decompress_rle24   
2000095c  __TI_dtors_ptr          
00000000  __TI_static_base__      
00003517  __TI_zero_init          
00002c4b  __aeabi_cdcmpeq         
00002c4b  __aeabi_cdcmple         
00002cd1  __aeabi_cdrcmple        
00003155  __aeabi_d2f             
0000310d  __aeabi_d2iz            
00002163  __aeabi_dadd            
00002905  __aeabi_dmul            
00002159  __aeabi_dsub            
00003363  __aeabi_i2d             
00002dd1  __aeabi_memclr          
00002dd1  __aeabi_memclr4         
00002dd1  __aeabi_memclr8         
00002baf  __aeabi_memcpy          
00002baf  __aeabi_memcpy4         
00002baf  __aeabi_memcpy8         
00002dd3  __aeabi_memset          
00002dd3  __aeabi_memset4         
00002dd3  __aeabi_memset8         
ffffffff  __binit__               
ffffffff  __c_args__              
200014c0  __stack                 
0000346d  _args_main              
00002fe1  _c_int00                
000038a0  _ctypes_                
20000950  _lock                   
00003493  _nop                    
0000348b  _register_lock          
00003485  _register_unlock        
20000970  _sys_memory             
00003599  _system_pre_init        
20000954  _unlock                 
000031a1  abort                   
ffffffff  binit                   
20001470  bnOledCur               
20000908  cLSB                    
20000907  cMIDB                   
20000906  cMSB                    
200014bc  chSwtCur                
200014bd  chSwtPrev               
00000a25  checkSwitches           
200014be  clrOledCur              
00003031  copy_in                 
00003407  cos                     
00000a85  drawArrow               
20001474  dxcoOledFontCur         
20001478  dycoOledFontCur         
000031a9  exit                    
200014bf  fClearOled              
2000147c  fOledCharUpdate         
000032d1  feraiseexcept           
00002311  fmod                    
2000093c  freehand                
00000000  g_pfnVectors            
00000d1d  getAngle                
20001480  lBtn1                   
20001484  lBtn2                   
20000000  line                    
2000092c  lineSize                
0000026d  main                    
2000096c  main_func_sp            
00002baf  memcpy                  
00002dd9  memset                  
20001488  modOledCur              
2000148c  pbOledCur               
20001490  pbOledFontCur           
20001494  pbOledFontUser          
20001498  pbOledPatCur            
20000938  penDown                 
2000149c  pfnDoRop                
00003391  raise                   
00003b24  rgbFillPat              
20001170  rgbOledBmp              
000035a0  rgbOledFont0            
20001370  rgbOledFontUser         
000031e1  signal                  
00003421  sin                     
00002485  strtol                  
20000900  szAIN                   
20000909  szAnalog                
20000912  szDemo1                 
2000091e  szDemo2                 
2000094c  ui8PinData              
200014a0  ulAIN0                  
20000948  undo                    
20000940  velX                    
20000944  velY                    
20000930  xc                      
200014a4  xchOledCur              
200014a8  xchOledMax              
200014ac  xcoOledCur              
20000934  yc                      
200014b0  ychOledCur              
200014b4  ychOledMax              
200014b8  ycoOledCur              


GLOBAL SYMBOLS: SORTED BY Symbol Address 

address   name                    
-------   ----                    
00000000  __TI_static_base__      
00000000  g_pfnVectors            
00000200  __STACK_SIZE            
0000026d  main                    
00000800  __SYSMEM_SIZE           
000008b9  Accel_int               
00000909  Accel_read              
00000a25  checkSwitches           
00000a85  drawArrow               
00000d1d  getAngle                
00000e2d  OrbitOledMoveTo         
00000e73  OrbitOledGetPos         
00000e8f  OrbitOledSetDrawColor   
00000ea7  OrbitOledGetStdPattern  
00000eb9  OrbitOledSetFillPattern 
00000ec9  OrbitOledSetDrawMode    
00000f1d  OrbitOledGetDrawMode    
00000f23  OrbitOledDrawPixel      
00000f4f  OrbitOledGetPixel       
00000f69  OrbitOledLineTo         
00001069  OrbitOledDrawRect       
000010ed  OrbitOledFillRect       
00001231  OrbitOledGetBmp         
00001391  OrbitOledPutBmp         
0000155d  OrbitOledPutBmpFlipped  
00001731  OrbitOledDrawChar       
00001791  OrbitOledDrawString     
000017af  OrbitOledRopSet         
000017d9  OrbitOledRopOr          
000017fd  OrbitOledRopAnd         
00001821  OrbitOledRopXor         
00001847  OrbitOledMoveUp         
00001879  OrbitOledMoveDown       
000018af  OrbitOledMoveLeft       
000018c7  OrbitOledMoveRight      
000018e1  OrbitOledClampXco       
00001901  OrbitOledClampYco       
00001941  OrbitOledInit           
00001955  OrbitOledHostInit       
00001a1f  OrbitOledDvrInit        
00001a99  OrbitOledDevInit        
00001b1d  OrbitOledClear          
00001b29  OrbitOledClearBuffer    
00001b59  OrbitOledUpdate         
00001bb3  OrbitOledPutBuffer      
00001c19  Ssi3PutByte             
00001cc1  _Sin                    
00001f55  OrbitOledSetCursor      
00001fa1  OrbitOledGetCursor      
00001fbd  OrbitOledDefUserChar    
0000200d  OrbitOledSetCharUpdate  
00002025  OrbitOledGetCharUpdate  
0000202b  OrbitOledPutChar        
00002049  OrbitOledPutString      
00002075  OrbitOledDrawGlyph      
000020ed  OrbitOledAdvanceCursor  
00002159  __aeabi_dsub            
00002163  __aeabi_dadd            
00002311  fmod                    
00002485  strtol                  
000025b9  GPIOPadConfigSet        
000026e9  _Dscale                 
000027f9  SysCtlClockGet          
00002905  __aeabi_dmul            
00002a01  SysCtlClockSet          
00002af1  _Dnorm                  
00002baf  __aeabi_memcpy          
00002baf  __aeabi_memcpy4         
00002baf  __aeabi_memcpy8         
00002baf  memcpy                  
00002c4b  __aeabi_cdcmpeq         
00002c4b  __aeabi_cdcmple         
00002cd1  __aeabi_cdrcmple        
00002d57  ADCSequenceStepConfigure
00002dd1  __aeabi_memclr          
00002dd1  __aeabi_memclr4         
00002dd1  __aeabi_memclr8         
00002dd3  __aeabi_memset          
00002dd3  __aeabi_memset4         
00002dd3  __aeabi_memset8         
00002dd9  memset                  
00002e4d  __TI_auto_init          
00002f25  TimerConfigure          
00002f85  DelayInit               
00002f9f  DelayMs                 
00002fe1  _c_int00                
00003031  copy_in                 
0000307d  GPIOPinConfigure        
000030c5  I2CMasterInitExpClk     
0000310d  __aeabi_d2iz            
00003155  __aeabi_d2f             
0000319d  C$$EXIT                 
000031a1  abort                   
000031a9  exit                    
000031e1  signal                  
00003221  ADCSequenceConfigure    
0000325f  SSIConfigSetExpClk      
0000329d  SysCtlPeripheralEnable  
000032d1  feraiseexcept           
00003305  _Feraise                
00003335  ADCIntStatus            
00003363  __aeabi_i2d             
00003391  raise                   
000033bf  GPIODirModeSet          
000033e9  ADCSequenceDataGet      
00003407  cos                     
00003421  sin                     
0000343b  ADCProcessorTrigger     
00003453  GPIOPinTypeGPIOOutput   
0000346d  _args_main              
00003485  _register_unlock        
0000348b  _register_lock          
00003493  _nop                    
00003499  GPIOPinTypeADC          
000034ab  GPIOPinTypeGPIOInput    
000034bd  GPIOPinTypeI2C          
000034cf  GPIOPinTypeSSI          
000034e1  ADCSequenceEnable       
000034ef  TimerEnable             
000034fd  __TI_decompress_none    
0000350b  SSIDataGet              
00003517  __TI_zero_init          
00003523  ResetISR                
0000352f  I2CMasterEnable         
00003539  SSIDataPut              
00003543  SSIEnable               
0000354d  TimerValueGet           
00003557  I2CMasterBusBusy        
0000355f  I2CMasterSlaveAddrSet   
00003567  SSIBusy                 
0000356f  GPIOPinRead             
00003575  GPIOPinWrite            
0000357b  SSIClockSourceSet       
00003581  SysCtlDelay             
00003587  __TI_decompress_rle24   
0000358d  I2CMasterControl        
00003591  I2CMasterDataGet        
00003595  I2CMasterDataPut        
00003599  _system_pre_init        
000035a0  rgbOledFont0            
000038a0  _ctypes_                
00003b24  rgbFillPat              
00003c40  __TI_Handler_Table_Base 
00003c4c  __TI_Handler_Table_Limit
00003c58  __TI_CINIT_Base         
00003c68  __TI_CINIT_Limit        
20000000  line                    
20000880  _Denorm                 
20000890  _Eps                    
200008a0  _Hugeval                
200008b0  _Inf                    
200008c0  _Nan                    
200008d0  _Snan                   
200008e0  _Rteps                  
200008f0  _Xbig                   
200008f8  _Zero                   
20000900  szAIN                   
20000906  cMSB                    
20000907  cMIDB                   
20000908  cLSB                    
20000909  szAnalog                
20000912  szDemo1                 
2000091e  szDemo2                 
2000092c  lineSize                
20000930  xc                      
20000934  yc                      
20000938  penDown                 
2000093c  freehand                
20000940  velX                    
20000944  velY                    
20000948  undo                    
2000094c  ui8PinData              
20000950  _lock                   
20000954  _unlock                 
20000958  __TI_cleanup_ptr        
2000095c  __TI_dtors_ptr          
20000960  _Fenv                   
20000964  _Tls_setup__Fenv        
20000968  _Errno                  
2000096c  main_func_sp            
20000970  _sys_memory             
20001170  rgbOledBmp              
20001370  rgbOledFontUser         
20001470  bnOledCur               
20001474  dxcoOledFontCur         
20001478  dycoOledFontCur         
2000147c  fOledCharUpdate         
20001480  lBtn1                   
20001484  lBtn2                   
20001488  modOledCur              
2000148c  pbOledCur               
20001490  pbOledFontCur           
20001494  pbOledFontUser          
20001498  pbOledPatCur            
2000149c  pfnDoRop                
200014a0  ulAIN0                  
200014a4  xchOledCur              
200014a8  xchOledMax              
200014ac  xcoOledCur              
200014b0  ychOledCur              
200014b4  ychOledMax              
200014b8  ycoOledCur              
200014bc  chSwtCur                
200014bd  chSwtPrev               
200014be  clrOledCur              
200014bf  fClearOled              
200014c0  __stack                 
200016c0  __STACK_END             
200016c0  __STACK_TOP             
ffffffff  __binit__               
ffffffff  __c_args__              
ffffffff  binit                   
UNDEFED   SHT$$INIT_ARRAY$$Base   
UNDEFED   SHT$$INIT_ARRAY$$Limit  

[214 symbols]
