<?xml version="1.0"?>
<link_info>
   <banner>TI ARM Linker PC v5.2.5</banner>
   <copyright>Copyright (c) 1996-2015 Texas Instruments Incorporated</copyright>
   <link_time>0x56527d86</link_time>
   <link_errors>0x0</link_errors>
   <output_file>lab2.out</output_file>
   <entry_point>
      <name>_c_int00</name>
      <address>0x2fe1</address>
   </entry_point>
   <input_file_list>
      <input_file id="fl-2">
         <path>.\</path>
         <kind>object</kind>
         <file>ChrFont0.obj</file>
         <name>ChrFont0.obj</name>
      </input_file>
      <input_file id="fl-3">
         <path>.\</path>
         <kind>object</kind>
         <file>FillPat.obj</file>
         <name>FillPat.obj</name>
      </input_file>
      <input_file id="fl-4">
         <path>.\</path>
         <kind>object</kind>
         <file>I2CEEPROM.obj</file>
         <name>I2CEEPROM.obj</name>
      </input_file>
      <input_file id="fl-5">
         <path>.\</path>
         <kind>object</kind>
         <file>OrbitOled.obj</file>
         <name>OrbitOled.obj</name>
      </input_file>
      <input_file id="fl-6">
         <path>.\</path>
         <kind>object</kind>
         <file>OrbitOledChar.obj</file>
         <name>OrbitOledChar.obj</name>
      </input_file>
      <input_file id="fl-7">
         <path>.\</path>
         <kind>object</kind>
         <file>OrbitOledGrph.obj</file>
         <name>OrbitOledGrph.obj</name>
      </input_file>
      <input_file id="fl-8">
         <path>.\</path>
         <kind>object</kind>
         <file>delay.obj</file>
         <name>delay.obj</name>
      </input_file>
      <input_file id="fl-9">
         <path>.\</path>
         <kind>object</kind>
         <file>main.obj</file>
         <name>main.obj</name>
      </input_file>
      <input_file id="fl-a">
         <path>.\</path>
         <kind>object</kind>
         <file>my_oled.obj</file>
         <name>my_oled.obj</name>
      </input_file>
      <input_file id="fl-b">
         <path>.\</path>
         <kind>object</kind>
         <file>tm4c123gh6pm_startup_ccs.obj</file>
         <name>tm4c123gh6pm_startup_ccs.obj</name>
      </input_file>
      <input_file id="fl-c">
         <path>.\</path>
         <kind>object</kind>
         <file>turtle.obj</file>
         <name>turtle.obj</name>
      </input_file>
      <input_file id="fl-12">
         <path>C:\ti\TivaWare_C_Series-2.1.1.71\driverlib\ccs\Debug\</path>
         <kind>archive</kind>
         <file>driverlib.lib</file>
         <name>adc.obj</name>
      </input_file>
      <input_file id="fl-13">
         <path>C:\ti\TivaWare_C_Series-2.1.1.71\driverlib\ccs\Debug\</path>
         <kind>archive</kind>
         <file>driverlib.lib</file>
         <name>gpio.obj</name>
      </input_file>
      <input_file id="fl-14">
         <path>C:\ti\TivaWare_C_Series-2.1.1.71\driverlib\ccs\Debug\</path>
         <kind>archive</kind>
         <file>driverlib.lib</file>
         <name>i2c.obj</name>
      </input_file>
      <input_file id="fl-15">
         <path>C:\ti\TivaWare_C_Series-2.1.1.71\driverlib\ccs\Debug\</path>
         <kind>archive</kind>
         <file>driverlib.lib</file>
         <name>interrupt.obj</name>
      </input_file>
      <input_file id="fl-16">
         <path>C:\ti\TivaWare_C_Series-2.1.1.71\driverlib\ccs\Debug\</path>
         <kind>archive</kind>
         <file>driverlib.lib</file>
         <name>ssi.obj</name>
      </input_file>
      <input_file id="fl-17">
         <path>C:\ti\TivaWare_C_Series-2.1.1.71\driverlib\ccs\Debug\</path>
         <kind>archive</kind>
         <file>driverlib.lib</file>
         <name>sysctl.obj</name>
      </input_file>
      <input_file id="fl-18">
         <path>C:\ti\TivaWare_C_Series-2.1.1.71\driverlib\ccs\Debug\</path>
         <kind>archive</kind>
         <file>driverlib.lib</file>
         <name>timer.obj</name>
      </input_file>
      <input_file id="fl-19">
         <path>C:\ti\TivaWare_C_Series-2.1.1.71\driverlib\ccs\Debug\</path>
         <kind>archive</kind>
         <file>driverlib.lib</file>
         <name>cpu.obj</name>
      </input_file>
      <input_file id="fl-13b">
         <path>C:\ti\ccsv6\tools\compiler\ti-cgt-arm_5.2.5\lib\</path>
         <kind>archive</kind>
         <file>rtsv7M4_T_le_v4SPD16_eabi.lib</file>
         <name>boot.obj</name>
      </input_file>
      <input_file id="fl-13c">
         <path>C:\ti\ccsv6\tools\compiler\ti-cgt-arm_5.2.5\lib\</path>
         <kind>archive</kind>
         <file>rtsv7M4_T_le_v4SPD16_eabi.lib</file>
         <name>ceil.obj</name>
      </input_file>
      <input_file id="fl-13d">
         <path>C:\ti\ccsv6\tools\compiler\ti-cgt-arm_5.2.5\lib\</path>
         <kind>archive</kind>
         <file>rtsv7M4_T_le_v4SPD16_eabi.lib</file>
         <name>copy_decompress_none.obj</name>
      </input_file>
      <input_file id="fl-13e">
         <path>C:\ti\ccsv6\tools\compiler\ti-cgt-arm_5.2.5\lib\</path>
         <kind>archive</kind>
         <file>rtsv7M4_T_le_v4SPD16_eabi.lib</file>
         <name>copy_decompress_rle.obj</name>
      </input_file>
      <input_file id="fl-13f">
         <path>C:\ti\ccsv6\tools\compiler\ti-cgt-arm_5.2.5\lib\</path>
         <kind>archive</kind>
         <file>rtsv7M4_T_le_v4SPD16_eabi.lib</file>
         <name>copy_zero_init.obj</name>
      </input_file>
      <input_file id="fl-140">
         <path>C:\ti\ccsv6\tools\compiler\ti-cgt-arm_5.2.5\lib\</path>
         <kind>archive</kind>
         <file>rtsv7M4_T_le_v4SPD16_eabi.lib</file>
         <name>cos.obj</name>
      </input_file>
      <input_file id="fl-141">
         <path>C:\ti\ccsv6\tools\compiler\ti-cgt-arm_5.2.5\lib\</path>
         <kind>archive</kind>
         <file>rtsv7M4_T_le_v4SPD16_eabi.lib</file>
         <name>defs.obj</name>
      </input_file>
      <input_file id="fl-142">
         <path>C:\ti\ccsv6\tools\compiler\ti-cgt-arm_5.2.5\lib\</path>
         <kind>archive</kind>
         <file>rtsv7M4_T_le_v4SPD16_eabi.lib</file>
         <name>exit.obj</name>
      </input_file>
      <input_file id="fl-143">
         <path>C:\ti\ccsv6\tools\compiler\ti-cgt-arm_5.2.5\lib\</path>
         <kind>archive</kind>
         <file>rtsv7M4_T_le_v4SPD16_eabi.lib</file>
         <name>fclose.obj</name>
      </input_file>
      <input_file id="fl-144">
         <path>C:\ti\ccsv6\tools\compiler\ti-cgt-arm_5.2.5\lib\</path>
         <kind>archive</kind>
         <file>rtsv7M4_T_le_v4SPD16_eabi.lib</file>
         <name>fd_add_t2.obj</name>
      </input_file>
      <input_file id="fl-145">
         <path>C:\ti\ccsv6\tools\compiler\ti-cgt-arm_5.2.5\lib\</path>
         <kind>archive</kind>
         <file>rtsv7M4_T_le_v4SPD16_eabi.lib</file>
         <name>fd_cmp_t2.obj</name>
      </input_file>
      <input_file id="fl-146">
         <path>C:\ti\ccsv6\tools\compiler\ti-cgt-arm_5.2.5\lib\</path>
         <kind>archive</kind>
         <file>rtsv7M4_T_le_v4SPD16_eabi.lib</file>
         <name>fd_div_t2.obj</name>
      </input_file>
      <input_file id="fl-147">
         <path>C:\ti\ccsv6\tools\compiler\ti-cgt-arm_5.2.5\lib\</path>
         <kind>archive</kind>
         <file>rtsv7M4_T_le_v4SPD16_eabi.lib</file>
         <name>fd_mul_t2.obj</name>
      </input_file>
      <input_file id="fl-148">
         <path>C:\ti\ccsv6\tools\compiler\ti-cgt-arm_5.2.5\lib\</path>
         <kind>archive</kind>
         <file>rtsv7M4_T_le_v4SPD16_eabi.lib</file>
         <name>fd_toi_t2.obj</name>
      </input_file>
      <input_file id="fl-149">
         <path>C:\ti\ccsv6\tools\compiler\ti-cgt-arm_5.2.5\lib\</path>
         <kind>archive</kind>
         <file>rtsv7M4_T_le_v4SPD16_eabi.lib</file>
         <name>fd_tos_t2.obj</name>
      </input_file>
      <input_file id="fl-14a">
         <path>C:\ti\ccsv6\tools\compiler\ti-cgt-arm_5.2.5\lib\</path>
         <kind>archive</kind>
         <file>rtsv7M4_T_le_v4SPD16_eabi.lib</file>
         <name>fflush.obj</name>
      </input_file>
      <input_file id="fl-14b">
         <path>C:\ti\ccsv6\tools\compiler\ti-cgt-arm_5.2.5\lib\</path>
         <kind>archive</kind>
         <file>rtsv7M4_T_le_v4SPD16_eabi.lib</file>
         <name>floor.obj</name>
      </input_file>
      <input_file id="fl-14c">
         <path>C:\ti\ccsv6\tools\compiler\ti-cgt-arm_5.2.5\lib\</path>
         <kind>archive</kind>
         <file>rtsv7M4_T_le_v4SPD16_eabi.lib</file>
         <name>fopen.obj</name>
      </input_file>
      <input_file id="fl-14d">
         <path>C:\ti\ccsv6\tools\compiler\ti-cgt-arm_5.2.5\lib\</path>
         <kind>archive</kind>
         <file>rtsv7M4_T_le_v4SPD16_eabi.lib</file>
         <name>fprintf.obj</name>
      </input_file>
      <input_file id="fl-14e">
         <path>C:\ti\ccsv6\tools\compiler\ti-cgt-arm_5.2.5\lib\</path>
         <kind>archive</kind>
         <file>rtsv7M4_T_le_v4SPD16_eabi.lib</file>
         <name>fputc.obj</name>
      </input_file>
      <input_file id="fl-14f">
         <path>C:\ti\ccsv6\tools\compiler\ti-cgt-arm_5.2.5\lib\</path>
         <kind>archive</kind>
         <file>rtsv7M4_T_le_v4SPD16_eabi.lib</file>
         <name>fputs.obj</name>
      </input_file>
      <input_file id="fl-150">
         <path>C:\ti\ccsv6\tools\compiler\ti-cgt-arm_5.2.5\lib\</path>
         <kind>archive</kind>
         <file>rtsv7M4_T_le_v4SPD16_eabi.lib</file>
         <name>fwrite.obj</name>
      </input_file>
      <input_file id="fl-151">
         <path>C:\ti\ccsv6\tools\compiler\ti-cgt-arm_5.2.5\lib\</path>
         <kind>archive</kind>
         <file>rtsv7M4_T_le_v4SPD16_eabi.lib</file>
         <name>i_tofd_t2.obj</name>
      </input_file>
      <input_file id="fl-152">
         <path>C:\ti\ccsv6\tools\compiler\ti-cgt-arm_5.2.5\lib\</path>
         <kind>archive</kind>
         <file>rtsv7M4_T_le_v4SPD16_eabi.lib</file>
         <name>log10.obj</name>
      </input_file>
      <input_file id="fl-153">
         <path>C:\ti\ccsv6\tools\compiler\ti-cgt-arm_5.2.5\lib\</path>
         <kind>archive</kind>
         <file>rtsv7M4_T_le_v4SPD16_eabi.lib</file>
         <name>lowlev.obj</name>
      </input_file>
      <input_file id="fl-154">
         <path>C:\ti\ccsv6\tools\compiler\ti-cgt-arm_5.2.5\lib\</path>
         <kind>archive</kind>
         <file>rtsv7M4_T_le_v4SPD16_eabi.lib</file>
         <name>memchr.obj</name>
      </input_file>
      <input_file id="fl-155">
         <path>C:\ti\ccsv6\tools\compiler\ti-cgt-arm_5.2.5\lib\</path>
         <kind>archive</kind>
         <file>rtsv7M4_T_le_v4SPD16_eabi.lib</file>
         <name>memcpy_t2.obj</name>
      </input_file>
      <input_file id="fl-156">
         <path>C:\ti\ccsv6\tools\compiler\ti-cgt-arm_5.2.5\lib\</path>
         <kind>archive</kind>
         <file>rtsv7M4_T_le_v4SPD16_eabi.lib</file>
         <name>memory.obj</name>
      </input_file>
      <input_file id="fl-157">
         <path>C:\ti\ccsv6\tools\compiler\ti-cgt-arm_5.2.5\lib\</path>
         <kind>archive</kind>
         <file>rtsv7M4_T_le_v4SPD16_eabi.lib</file>
         <name>memset_t2.obj</name>
      </input_file>
      <input_file id="fl-158">
         <path>C:\ti\ccsv6\tools\compiler\ti-cgt-arm_5.2.5\lib\</path>
         <kind>archive</kind>
         <file>rtsv7M4_T_le_v4SPD16_eabi.lib</file>
         <name>pre_init.obj</name>
      </input_file>
      <input_file id="fl-159">
         <path>C:\ti\ccsv6\tools\compiler\ti-cgt-arm_5.2.5\lib\</path>
         <kind>archive</kind>
         <file>rtsv7M4_T_le_v4SPD16_eabi.lib</file>
         <name>remove.obj</name>
      </input_file>
      <input_file id="fl-15a">
         <path>C:\ti\ccsv6\tools\compiler\ti-cgt-arm_5.2.5\lib\</path>
         <kind>archive</kind>
         <file>rtsv7M4_T_le_v4SPD16_eabi.lib</file>
         <name>round.obj</name>
      </input_file>
      <input_file id="fl-15b">
         <path>C:\ti\ccsv6\tools\compiler\ti-cgt-arm_5.2.5\lib\</path>
         <kind>archive</kind>
         <file>rtsv7M4_T_le_v4SPD16_eabi.lib</file>
         <name>sin.obj</name>
      </input_file>
      <input_file id="fl-15c">
         <path>C:\ti\ccsv6\tools\compiler\ti-cgt-arm_5.2.5\lib\</path>
         <kind>archive</kind>
         <file>rtsv7M4_T_le_v4SPD16_eabi.lib</file>
         <name>sprintf.obj</name>
      </input_file>
      <input_file id="fl-15d">
         <path>C:\ti\ccsv6\tools\compiler\ti-cgt-arm_5.2.5\lib\</path>
         <kind>archive</kind>
         <file>rtsv7M4_T_le_v4SPD16_eabi.lib</file>
         <name>stkdepth_vars.obj</name>
      </input_file>
      <input_file id="fl-15e">
         <path>C:\ti\ccsv6\tools\compiler\ti-cgt-arm_5.2.5\lib\</path>
         <kind>archive</kind>
         <file>rtsv7M4_T_le_v4SPD16_eabi.lib</file>
         <name>strchr.obj</name>
      </input_file>
      <input_file id="fl-15f">
         <path>C:\ti\ccsv6\tools\compiler\ti-cgt-arm_5.2.5\lib\</path>
         <kind>archive</kind>
         <file>rtsv7M4_T_le_v4SPD16_eabi.lib</file>
         <name>strcmp.obj</name>
      </input_file>
      <input_file id="fl-160">
         <path>C:\ti\ccsv6\tools\compiler\ti-cgt-arm_5.2.5\lib\</path>
         <kind>archive</kind>
         <file>rtsv7M4_T_le_v4SPD16_eabi.lib</file>
         <name>strlen.obj</name>
      </input_file>
      <input_file id="fl-161">
         <path>C:\ti\ccsv6\tools\compiler\ti-cgt-arm_5.2.5\lib\</path>
         <kind>archive</kind>
         <file>rtsv7M4_T_le_v4SPD16_eabi.lib</file>
         <name>strncpy.obj</name>
      </input_file>
      <input_file id="fl-162">
         <path>C:\ti\ccsv6\tools\compiler\ti-cgt-arm_5.2.5\lib\</path>
         <kind>archive</kind>
         <file>rtsv7M4_T_le_v4SPD16_eabi.lib</file>
         <name>strtol.obj</name>
      </input_file>
      <input_file id="fl-163">
         <path>C:\ti\ccsv6\tools\compiler\ti-cgt-arm_5.2.5\lib\</path>
         <kind>archive</kind>
         <file>rtsv7M4_T_le_v4SPD16_eabi.lib</file>
         <name>trgdrv.obj</name>
      </input_file>
      <input_file id="fl-164">
         <path>C:\ti\ccsv6\tools\compiler\ti-cgt-arm_5.2.5\lib\</path>
         <kind>archive</kind>
         <file>rtsv7M4_T_le_v4SPD16_eabi.lib</file>
         <name>trgmsg.obj</name>
      </input_file>
      <input_file id="fl-165">
         <path>C:\ti\ccsv6\tools\compiler\ti-cgt-arm_5.2.5\lib\</path>
         <kind>archive</kind>
         <file>rtsv7M4_T_le_v4SPD16_eabi.lib</file>
         <name>xdint.obj</name>
      </input_file>
      <input_file id="fl-166">
         <path>C:\ti\ccsv6\tools\compiler\ti-cgt-arm_5.2.5\lib\</path>
         <kind>archive</kind>
         <file>rtsv7M4_T_le_v4SPD16_eabi.lib</file>
         <name>xlog.obj</name>
      </input_file>
      <input_file id="fl-167">
         <path>C:\ti\ccsv6\tools\compiler\ti-cgt-arm_5.2.5\lib\</path>
         <kind>archive</kind>
         <file>rtsv7M4_T_le_v4SPD16_eabi.lib</file>
         <name>xsin.obj</name>
      </input_file>
      <input_file id="fl-168">
         <path>C:\ti\ccsv6\tools\compiler\ti-cgt-arm_5.2.5\lib\</path>
         <kind>archive</kind>
         <file>rtsv7M4_T_le_v4SPD16_eabi.lib</file>
         <name>xvalues.obj</name>
      </input_file>
      <input_file id="fl-169">
         <path>C:\ti\ccsv6\tools\compiler\ti-cgt-arm_5.2.5\lib\</path>
         <kind>archive</kind>
         <file>rtsv7M4_T_le_v4SPD16_eabi.lib</file>
         <name>_io_perm.obj</name>
      </input_file>
      <input_file id="fl-16a">
         <path>C:\ti\ccsv6\tools\compiler\ti-cgt-arm_5.2.5\lib\</path>
         <kind>archive</kind>
         <file>rtsv7M4_T_le_v4SPD16_eabi.lib</file>
         <name>_lock.obj</name>
      </input_file>
      <input_file id="fl-16b">
         <path>C:\ti\ccsv6\tools\compiler\ti-cgt-arm_5.2.5\lib\</path>
         <kind>archive</kind>
         <file>rtsv7M4_T_le_v4SPD16_eabi.lib</file>
         <name>_printfi.obj</name>
      </input_file>
      <input_file id="fl-16c">
         <path>C:\ti\ccsv6\tools\compiler\ti-cgt-arm_5.2.5\lib\</path>
         <kind>archive</kind>
         <file>rtsv7M4_T_le_v4SPD16_eabi.lib</file>
         <name>args_main.obj</name>
      </input_file>
      <input_file id="fl-16d">
         <path>C:\ti\ccsv6\tools\compiler\ti-cgt-arm_5.2.5\lib\</path>
         <kind>archive</kind>
         <file>rtsv7M4_T_le_v4SPD16_eabi.lib</file>
         <name>atoi.obj</name>
      </input_file>
      <input_file id="fl-16e">
         <path>C:\ti\ccsv6\tools\compiler\ti-cgt-arm_5.2.5\lib\</path>
         <kind>archive</kind>
         <file>rtsv7M4_T_le_v4SPD16_eabi.lib</file>
         <name>autoinit.obj</name>
      </input_file>
      <input_file id="fl-16f">
         <path>C:\ti\ccsv6\tools\compiler\ti-cgt-arm_5.2.5\lib\</path>
         <kind>archive</kind>
         <file>rtsv7M4_T_le_v4SPD16_eabi.lib</file>
         <name>cpy_tbl.obj</name>
      </input_file>
      <input_file id="fl-170">
         <path>C:\ti\ccsv6\tools\compiler\ti-cgt-arm_5.2.5\lib\</path>
         <kind>archive</kind>
         <file>rtsv7M4_T_le_v4SPD16_eabi.lib</file>
         <name>ctype.obj</name>
      </input_file>
      <input_file id="fl-171">
         <path>C:\ti\ccsv6\tools\compiler\ti-cgt-arm_5.2.5\lib\</path>
         <kind>archive</kind>
         <file>rtsv7M4_T_le_v4SPD16_eabi.lib</file>
         <name>errno.obj</name>
      </input_file>
      <input_file id="fl-172">
         <path>C:\ti\ccsv6\tools\compiler\ti-cgt-arm_5.2.5\lib\</path>
         <kind>archive</kind>
         <file>rtsv7M4_T_le_v4SPD16_eabi.lib</file>
         <name>fmod.obj</name>
      </input_file>
      <input_file id="fl-173">
         <path>C:\ti\ccsv6\tools\compiler\ti-cgt-arm_5.2.5\lib\</path>
         <kind>archive</kind>
         <file>rtsv7M4_T_le_v4SPD16_eabi.lib</file>
         <name>frexp.obj</name>
      </input_file>
      <input_file id="fl-174">
         <path>C:\ti\ccsv6\tools\compiler\ti-cgt-arm_5.2.5\lib\</path>
         <kind>archive</kind>
         <file>rtsv7M4_T_le_v4SPD16_eabi.lib</file>
         <name>fs_tod_t2.obj</name>
      </input_file>
      <input_file id="fl-175">
         <path>C:\ti\ccsv6\tools\compiler\ti-cgt-arm_5.2.5\lib\</path>
         <kind>archive</kind>
         <file>rtsv7M4_T_le_v4SPD16_eabi.lib</file>
         <name>fseek.obj</name>
      </input_file>
      <input_file id="fl-176">
         <path>C:\ti\ccsv6\tools\compiler\ti-cgt-arm_5.2.5\lib\</path>
         <kind>archive</kind>
         <file>rtsv7M4_T_le_v4SPD16_eabi.lib</file>
         <name>ldexp.obj</name>
      </input_file>
      <input_file id="fl-177">
         <path>C:\ti\ccsv6\tools\compiler\ti-cgt-arm_5.2.5\lib\</path>
         <kind>archive</kind>
         <file>rtsv7M4_T_le_v4SPD16_eabi.lib</file>
         <name>ltoa.obj</name>
      </input_file>
      <input_file id="fl-178">
         <path>C:\ti\ccsv6\tools\compiler\ti-cgt-arm_5.2.5\lib\</path>
         <kind>archive</kind>
         <file>rtsv7M4_T_le_v4SPD16_eabi.lib</file>
         <name>memccpy.obj</name>
      </input_file>
      <input_file id="fl-179">
         <path>C:\ti\ccsv6\tools\compiler\ti-cgt-arm_5.2.5\lib\</path>
         <kind>archive</kind>
         <file>rtsv7M4_T_le_v4SPD16_eabi.lib</file>
         <name>setvbuf.obj</name>
      </input_file>
      <input_file id="fl-17a">
         <path>C:\ti\ccsv6\tools\compiler\ti-cgt-arm_5.2.5\lib\</path>
         <kind>archive</kind>
         <file>rtsv7M4_T_le_v4SPD16_eabi.lib</file>
         <name>strcpy.obj</name>
      </input_file>
      <input_file id="fl-17b">
         <path>C:\ti\ccsv6\tools\compiler\ti-cgt-arm_5.2.5\lib\</path>
         <kind>archive</kind>
         <file>rtsv7M4_T_le_v4SPD16_eabi.lib</file>
         <name>ull_div_t2.obj</name>
      </input_file>
      <input_file id="fl-17c">
         <path>C:\ti\ccsv6\tools\compiler\ti-cgt-arm_5.2.5\lib\</path>
         <kind>archive</kind>
         <file>rtsv7M4_T_le_v4SPD16_eabi.lib</file>
         <name>xdclass.obj</name>
      </input_file>
      <input_file id="fl-17d">
         <path>C:\ti\ccsv6\tools\compiler\ti-cgt-arm_5.2.5\lib\</path>
         <kind>archive</kind>
         <file>rtsv7M4_T_le_v4SPD16_eabi.lib</file>
         <name>xdnorm.obj</name>
      </input_file>
      <input_file id="fl-17e">
         <path>C:\ti\ccsv6\tools\compiler\ti-cgt-arm_5.2.5\lib\</path>
         <kind>archive</kind>
         <file>rtsv7M4_T_le_v4SPD16_eabi.lib</file>
         <name>xdscale.obj</name>
      </input_file>
      <input_file id="fl-17f">
         <path>C:\ti\ccsv6\tools\compiler\ti-cgt-arm_5.2.5\lib\</path>
         <kind>archive</kind>
         <file>rtsv7M4_T_le_v4SPD16_eabi.lib</file>
         <name>xdunscal.obj</name>
      </input_file>
      <input_file id="fl-180">
         <path>C:\ti\ccsv6\tools\compiler\ti-cgt-arm_5.2.5\lib\</path>
         <kind>archive</kind>
         <file>rtsv7M4_T_le_v4SPD16_eabi.lib</file>
         <name>xferaise.obj</name>
      </input_file>
      <input_file id="fl-181">
         <path>C:\ti\ccsv6\tools\compiler\ti-cgt-arm_5.2.5\lib\</path>
         <kind>archive</kind>
         <file>rtsv7M4_T_le_v4SPD16_eabi.lib</file>
         <name>xfvalues.obj</name>
      </input_file>
      <input_file id="fl-182">
         <path>C:\ti\ccsv6\tools\compiler\ti-cgt-arm_5.2.5\lib\</path>
         <kind>archive</kind>
         <file>rtsv7M4_T_le_v4SPD16_eabi.lib</file>
         <name>feraiseexcept.obj</name>
      </input_file>
      <input_file id="fl-183">
         <path>C:\ti\ccsv6\tools\compiler\ti-cgt-arm_5.2.5\lib\</path>
         <kind>archive</kind>
         <file>rtsv7M4_T_le_v4SPD16_eabi.lib</file>
         <name>raise.obj</name>
      </input_file>
      <input_file id="fl-184">
         <path>C:\ti\ccsv6\tools\compiler\ti-cgt-arm_5.2.5\lib\</path>
         <kind>archive</kind>
         <file>rtsv7M4_T_le_v4SPD16_eabi.lib</file>
         <name>signal.obj</name>
      </input_file>
   </input_file_list>
   <object_component_list>
      <object_component id="oc-f">
         <name>.intvecs</name>
         <load_address>0x0</load_address>
         <run_address>0x0</run_address>
         <size>0x26c</size>
         <input_file_ref idref="fl-b"/>
      </object_component>
      <object_component id="oc-a4">
         <name>.text</name>
         <load_address>0x26c</load_address>
         <run_address>0x26c</run_address>
         <size>0xbc0</size>
         <input_file_ref idref="fl-9"/>
      </object_component>
      <object_component id="oc-1a4">
         <name>.text</name>
         <load_address>0xe2c</load_address>
         <run_address>0xe2c</run_address>
         <size>0xb14</size>
         <input_file_ref idref="fl-7"/>
      </object_component>
      <object_component id="oc-106">
         <name>.text</name>
         <load_address>0x1940</load_address>
         <run_address>0x1940</run_address>
         <size>0x380</size>
         <input_file_ref idref="fl-5"/>
      </object_component>
      <object_component id="oc-256">
         <name>.text</name>
         <load_address>0x1cc0</load_address>
         <run_address>0x1cc0</run_address>
         <size>0x294</size>
         <input_file_ref idref="fl-167"/>
      </object_component>
      <object_component id="oc-203">
         <name>.text</name>
         <load_address>0x1f54</load_address>
         <run_address>0x1f54</run_address>
         <size>0x204</size>
         <input_file_ref idref="fl-6"/>
      </object_component>
      <object_component id="oc-162">
         <name>.text</name>
         <load_address>0x2158</load_address>
         <run_address>0x2158</run_address>
         <size>0x1b6</size>
         <input_file_ref idref="fl-144"/>
      </object_component>
      <object_component id="oc-2bd">
         <name>.text</name>
         <load_address>0x2310</load_address>
         <run_address>0x2310</run_address>
         <size>0x174</size>
         <input_file_ref idref="fl-172"/>
      </object_component>
      <object_component id="oc-1b0">
         <name>.text</name>
         <load_address>0x2484</load_address>
         <run_address>0x2484</run_address>
         <size>0x134</size>
         <input_file_ref idref="fl-162"/>
      </object_component>
      <object_component id="oc-dc">
         <name>.text:GPIOPadConfigSet</name>
         <load_address>0x25b8</load_address>
         <run_address>0x25b8</run_address>
         <size>0x130</size>
         <input_file_ref idref="fl-13"/>
      </object_component>
      <object_component id="oc-2e9">
         <name>.text</name>
         <load_address>0x26e8</load_address>
         <run_address>0x26e8</run_address>
         <size>0x110</size>
         <input_file_ref idref="fl-17e"/>
      </object_component>
      <object_component id="oc-11e">
         <name>.text:SysCtlClockGet</name>
         <load_address>0x27f8</load_address>
         <run_address>0x27f8</run_address>
         <size>0x10c</size>
         <input_file_ref idref="fl-17"/>
      </object_component>
      <object_component id="oc-16d">
         <name>.text</name>
         <load_address>0x2904</load_address>
         <run_address>0x2904</run_address>
         <size>0xfc</size>
         <input_file_ref idref="fl-147"/>
      </object_component>
      <object_component id="oc-10c">
         <name>.text:SysCtlClockSet</name>
         <load_address>0x2a00</load_address>
         <run_address>0x2a00</run_address>
         <size>0xf0</size>
         <input_file_ref idref="fl-17"/>
      </object_component>
      <object_component id="oc-2e3">
         <name>.text</name>
         <load_address>0x2af0</load_address>
         <run_address>0x2af0</run_address>
         <size>0xbe</size>
         <input_file_ref idref="fl-17d"/>
      </object_component>
      <object_component id="oc-36">
         <name>.text</name>
         <load_address>0x2bae</load_address>
         <run_address>0x2bae</run_address>
         <size>0x9c</size>
         <input_file_ref idref="fl-155"/>
      </object_component>
      <object_component id="oc-14c">
         <name>.text:__aeabi_cdcmple</name>
         <load_address>0x2c4a</load_address>
         <run_address>0x2c4a</run_address>
         <size>0x86</size>
         <input_file_ref idref="fl-145"/>
      </object_component>
      <object_component id="oc-147">
         <name>.text:__aeabi_cdrcmple</name>
         <load_address>0x2cd0</load_address>
         <run_address>0x2cd0</run_address>
         <size>0x86</size>
         <input_file_ref idref="fl-145"/>
      </object_component>
      <object_component id="oc-fa">
         <name>.text:ADCSequenceStepConfigure</name>
         <load_address>0x2d56</load_address>
         <run_address>0x2d56</run_address>
         <size>0x7a</size>
         <input_file_ref idref="fl-12"/>
      </object_component>
      <object_component id="oc-4f">
         <name>.text</name>
         <load_address>0x2dd0</load_address>
         <run_address>0x2dd0</run_address>
         <size>0x7a</size>
         <input_file_ref idref="fl-157"/>
      </object_component>
      <object_component id="oc-61">
         <name>.text</name>
         <load_address>0x2e4c</load_address>
         <run_address>0x2e4c</run_address>
         <size>0x6c</size>
         <input_file_ref idref="fl-16e"/>
      </object_component>
      <object_component id="oc-42">
         <name>.text</name>
         <load_address>0x2eb8</load_address>
         <run_address>0x2eb8</run_address>
         <size>0x6a</size>
         <input_file_ref idref="fl-13e"/>
      </object_component>
      <object_component id="oc-28a">
         <name>.text:TimerConfigure</name>
         <load_address>0x2f24</load_address>
         <run_address>0x2f24</run_address>
         <size>0x60</size>
         <input_file_ref idref="fl-18"/>
      </object_component>
      <object_component id="oc-1e5">
         <name>.text</name>
         <load_address>0x2f84</load_address>
         <run_address>0x2f84</run_address>
         <size>0x5c</size>
         <input_file_ref idref="fl-8"/>
      </object_component>
      <object_component id="oc-24">
         <name>.text</name>
         <load_address>0x2fe0</load_address>
         <run_address>0x2fe0</run_address>
         <size>0x50</size>
         <input_file_ref idref="fl-13b"/>
      </object_component>
      <object_component id="oc-9c">
         <name>.text</name>
         <load_address>0x3030</load_address>
         <run_address>0x3030</run_address>
         <size>0x4c</size>
         <input_file_ref idref="fl-16f"/>
      </object_component>
      <object_component id="oc-112">
         <name>.text:GPIOPinConfigure</name>
         <load_address>0x307c</load_address>
         <run_address>0x307c</run_address>
         <size>0x48</size>
         <input_file_ref idref="fl-13"/>
      </object_component>
      <object_component id="oc-124">
         <name>.text:I2CMasterInitExpClk</name>
         <load_address>0x30c4</load_address>
         <run_address>0x30c4</run_address>
         <size>0x48</size>
         <input_file_ref idref="fl-14"/>
      </object_component>
      <object_component id="oc-19f">
         <name>.text</name>
         <load_address>0x310c</load_address>
         <run_address>0x310c</run_address>
         <size>0x48</size>
         <input_file_ref idref="fl-148"/>
      </object_component>
      <object_component id="oc-17a">
         <name>.text</name>
         <load_address>0x3154</load_address>
         <run_address>0x3154</run_address>
         <size>0x48</size>
         <input_file_ref idref="fl-149"/>
      </object_component>
      <object_component id="oc-6d">
         <name>.text</name>
         <load_address>0x319c</load_address>
         <run_address>0x319c</run_address>
         <size>0x44</size>
         <input_file_ref idref="fl-142"/>
      </object_component>
      <object_component id="oc-31e">
         <name>.text</name>
         <load_address>0x31e0</load_address>
         <run_address>0x31e0</run_address>
         <size>0x40</size>
         <input_file_ref idref="fl-184"/>
      </object_component>
      <object_component id="oc-f4">
         <name>.text:ADCSequenceConfigure</name>
         <load_address>0x3220</load_address>
         <run_address>0x3220</run_address>
         <size>0x3e</size>
         <input_file_ref idref="fl-12"/>
      </object_component>
      <object_component id="oc-1f7">
         <name>.text:SSIConfigSetExpClk</name>
         <load_address>0x325e</load_address>
         <run_address>0x325e</run_address>
         <size>0x3c</size>
         <input_file_ref idref="fl-16"/>
      </object_component>
      <object_component id="oc-d6">
         <name>.text:SysCtlPeripheralEnable</name>
         <load_address>0x329c</load_address>
         <run_address>0x329c</run_address>
         <size>0x34</size>
         <input_file_ref idref="fl-17"/>
      </object_component>
      <object_component id="oc-2f1">
         <name>.text</name>
         <load_address>0x32d0</load_address>
         <run_address>0x32d0</run_address>
         <size>0x34</size>
         <input_file_ref idref="fl-182"/>
      </object_component>
      <object_component id="oc-2c3">
         <name>.text</name>
         <load_address>0x3304</load_address>
         <run_address>0x3304</run_address>
         <size>0x30</size>
         <input_file_ref idref="fl-180"/>
      </object_component>
      <object_component id="oc-136">
         <name>.text:ADCIntStatus</name>
         <load_address>0x3334</load_address>
         <run_address>0x3334</run_address>
         <size>0x2e</size>
         <input_file_ref idref="fl-12"/>
      </object_component>
      <object_component id="oc-142">
         <name>.text</name>
         <load_address>0x3362</load_address>
         <run_address>0x3362</run_address>
         <size>0x2e</size>
         <input_file_ref idref="fl-151"/>
      </object_component>
      <object_component id="oc-30d">
         <name>.text</name>
         <load_address>0x3390</load_address>
         <run_address>0x3390</run_address>
         <size>0x2e</size>
         <input_file_ref idref="fl-183"/>
      </object_component>
      <object_component id="oc-1d7">
         <name>.text:GPIODirModeSet</name>
         <load_address>0x33be</load_address>
         <run_address>0x33be</run_address>
         <size>0x2a</size>
         <input_file_ref idref="fl-13"/>
      </object_component>
      <object_component id="oc-13c">
         <name>.text:ADCSequenceDataGet</name>
         <load_address>0x33e8</load_address>
         <run_address>0x33e8</run_address>
         <size>0x1e</size>
         <input_file_ref idref="fl-12"/>
      </object_component>
      <object_component id="oc-172">
         <name>.text</name>
         <load_address>0x3406</load_address>
         <run_address>0x3406</run_address>
         <size>0x1a</size>
         <input_file_ref idref="fl-140"/>
      </object_component>
      <object_component id="oc-167">
         <name>.text</name>
         <load_address>0x3420</load_address>
         <run_address>0x3420</run_address>
         <size>0x1a</size>
         <input_file_ref idref="fl-15b"/>
      </object_component>
      <object_component id="oc-130">
         <name>.text:ADCProcessorTrigger</name>
         <load_address>0x343a</load_address>
         <run_address>0x343a</run_address>
         <size>0x18</size>
         <input_file_ref idref="fl-12"/>
      </object_component>
      <object_component id="oc-e8">
         <name>.text:GPIOPinTypeGPIOOutput</name>
         <load_address>0x3452</load_address>
         <run_address>0x3452</run_address>
         <size>0x18</size>
         <input_file_ref idref="fl-13"/>
      </object_component>
      <object_component id="oc-67">
         <name>.text</name>
         <load_address>0x346c</load_address>
         <run_address>0x346c</run_address>
         <size>0x18</size>
         <input_file_ref idref="fl-16c"/>
      </object_component>
      <object_component id="oc-1be">
         <name>.text</name>
         <load_address>0x3484</load_address>
         <run_address>0x3484</run_address>
         <size>0x14</size>
         <input_file_ref idref="fl-16a"/>
      </object_component>
      <object_component id="oc-ee">
         <name>.text:GPIOPinTypeADC</name>
         <load_address>0x3498</load_address>
         <run_address>0x3498</run_address>
         <size>0x12</size>
         <input_file_ref idref="fl-13"/>
      </object_component>
      <object_component id="oc-e2">
         <name>.text:GPIOPinTypeGPIOInput</name>
         <load_address>0x34aa</load_address>
         <run_address>0x34aa</run_address>
         <size>0x12</size>
         <input_file_ref idref="fl-13"/>
      </object_component>
      <object_component id="oc-118">
         <name>.text:GPIOPinTypeI2C</name>
         <load_address>0x34bc</load_address>
         <run_address>0x34bc</run_address>
         <size>0x12</size>
         <input_file_ref idref="fl-13"/>
      </object_component>
      <object_component id="oc-1eb">
         <name>.text:GPIOPinTypeSSI</name>
         <load_address>0x34ce</load_address>
         <run_address>0x34ce</run_address>
         <size>0x12</size>
         <input_file_ref idref="fl-13"/>
      </object_component>
      <object_component id="oc-100">
         <name>.text:ADCSequenceEnable</name>
         <load_address>0x34e0</load_address>
         <run_address>0x34e0</run_address>
         <size>0xe</size>
         <input_file_ref idref="fl-12"/>
      </object_component>
      <object_component id="oc-290">
         <name>.text:TimerEnable</name>
         <load_address>0x34ee</load_address>
         <run_address>0x34ee</run_address>
         <size>0xe</size>
         <input_file_ref idref="fl-18"/>
      </object_component>
      <object_component id="oc-12">
         <name>.text:decompress:none</name>
         <load_address>0x34fc</load_address>
         <run_address>0x34fc</run_address>
         <size>0xe</size>
         <input_file_ref idref="fl-13d"/>
      </object_component>
      <object_component id="oc-215">
         <name>.text:SSIDataGet</name>
         <load_address>0x350a</load_address>
         <run_address>0x350a</run_address>
         <size>0xc</size>
         <input_file_ref idref="fl-16"/>
      </object_component>
      <object_component id="oc-1e">
         <name>.text:decompress:ZI</name>
         <load_address>0x3516</load_address>
         <run_address>0x3516</run_address>
         <size>0xc</size>
         <input_file_ref idref="fl-13f"/>
      </object_component>
      <object_component id="oc-2d">
         <name>.text</name>
         <load_address>0x3522</load_address>
         <run_address>0x3522</run_address>
         <size>0xc</size>
         <input_file_ref idref="fl-b"/>
      </object_component>
      <object_component id="oc-23f">
         <name>.text:I2CMasterEnable</name>
         <load_address>0x352e</load_address>
         <run_address>0x352e</run_address>
         <size>0xa</size>
         <input_file_ref idref="fl-14"/>
      </object_component>
      <object_component id="oc-20f">
         <name>.text:SSIDataPut</name>
         <load_address>0x3538</load_address>
         <run_address>0x3538</run_address>
         <size>0xa</size>
         <input_file_ref idref="fl-16"/>
      </object_component>
      <object_component id="oc-1fd">
         <name>.text:SSIEnable</name>
         <load_address>0x3542</load_address>
         <run_address>0x3542</run_address>
         <size>0xa</size>
         <input_file_ref idref="fl-16"/>
      </object_component>
      <object_component id="oc-296">
         <name>.text:TimerValueGet</name>
         <load_address>0x354c</load_address>
         <run_address>0x354c</run_address>
         <size>0xa</size>
         <input_file_ref idref="fl-18"/>
      </object_component>
      <object_component id="oc-192">
         <name>.text:I2CMasterBusBusy</name>
         <load_address>0x3556</load_address>
         <run_address>0x3556</run_address>
         <size>0x8</size>
         <input_file_ref idref="fl-14"/>
      </object_component>
      <object_component id="oc-17f">
         <name>.text:I2CMasterSlaveAddrSet</name>
         <load_address>0x355e</load_address>
         <run_address>0x355e</run_address>
         <size>0x8</size>
         <input_file_ref idref="fl-14"/>
      </object_component>
      <object_component id="oc-209">
         <name>.text:SSIBusy</name>
         <load_address>0x3566</load_address>
         <run_address>0x3566</run_address>
         <size>0x8</size>
         <input_file_ref idref="fl-16"/>
      </object_component>
      <object_component id="oc-12a">
         <name>.text:GPIOPinRead</name>
         <load_address>0x356e</load_address>
         <run_address>0x356e</run_address>
         <size>0x6</size>
         <input_file_ref idref="fl-13"/>
      </object_component>
      <object_component id="oc-157">
         <name>.text:GPIOPinWrite</name>
         <load_address>0x3574</load_address>
         <run_address>0x3574</run_address>
         <size>0x6</size>
         <input_file_ref idref="fl-13"/>
      </object_component>
      <object_component id="oc-1f1">
         <name>.text:SSIClockSourceSet</name>
         <load_address>0x357a</load_address>
         <run_address>0x357a</run_address>
         <size>0x6</size>
         <input_file_ref idref="fl-16"/>
      </object_component>
      <object_component id="oc-191">
         <name>.text:SysCtlDelay</name>
         <load_address>0x3580</load_address>
         <run_address>0x3580</run_address>
         <size>0x6</size>
         <input_file_ref idref="fl-17"/>
      </object_component>
      <object_component id="oc-18">
         <name>.text:decompress:rle24</name>
         <load_address>0x3586</load_address>
         <run_address>0x3586</run_address>
         <size>0x6</size>
         <input_file_ref idref="fl-13e"/>
      </object_component>
      <object_component id="oc-185">
         <name>.text:I2CMasterControl</name>
         <load_address>0x358c</load_address>
         <run_address>0x358c</run_address>
         <size>0x4</size>
         <input_file_ref idref="fl-14"/>
      </object_component>
      <object_component id="oc-198">
         <name>.text:I2CMasterDataGet</name>
         <load_address>0x3590</load_address>
         <run_address>0x3590</run_address>
         <size>0x4</size>
         <input_file_ref idref="fl-14"/>
      </object_component>
      <object_component id="oc-18b">
         <name>.text:I2CMasterDataPut</name>
         <load_address>0x3594</load_address>
         <run_address>0x3594</run_address>
         <size>0x4</size>
         <input_file_ref idref="fl-14"/>
      </object_component>
      <object_component id="oc-5b">
         <name>.text</name>
         <load_address>0x3598</load_address>
         <run_address>0x3598</run_address>
         <size>0x4</size>
         <input_file_ref idref="fl-158"/>
      </object_component>
      <object_component id="oc-220">
         <name>.const:.string:rgbOledFont0</name>
         <load_address>0x35a0</load_address>
         <run_address>0x35a0</run_address>
         <size>0x300</size>
         <input_file_ref idref="fl-2"/>
      </object_component>
      <object_component id="oc-273">
         <name>.const:.string:_ctypes_</name>
         <load_address>0x38a0</load_address>
         <run_address>0x38a0</run_address>
         <size>0x101</size>
         <input_file_ref idref="fl-170"/>
      </object_component>
      <object_component id="oc-236">
         <name>.const:g_pui32GPIOBaseAddrs</name>
         <load_address>0x39a4</load_address>
         <run_address>0x39a4</run_address>
         <size>0x90</size>
         <input_file_ref idref="fl-13"/>
      </object_component>
      <object_component id="oc-2cc">
         <name>.const</name>
         <load_address>0x3a38</load_address>
         <run_address>0x3a38</run_address>
         <size>0x80</size>
         <input_file_ref idref="fl-167"/>
      </object_component>
      <object_component id="oc-23b">
         <name>.const:g_pui32Xtals</name>
         <load_address>0x3ab8</load_address>
         <run_address>0x3ab8</run_address>
         <size>0x6c</size>
         <input_file_ref idref="fl-17"/>
      </object_component>
      <object_component id="oc-22d">
         <name>.const:.string:rgbFillPat</name>
         <load_address>0x3b24</load_address>
         <run_address>0x3b24</run_address>
         <size>0x40</size>
         <input_file_ref idref="fl-3"/>
      </object_component>
      <object_component id="oc-1aa">
         <name>.const:$P$T0$1</name>
         <load_address>0x3b64</load_address>
         <run_address>0x3b64</run_address>
         <size>0x31</size>
         <input_file_ref idref="fl-9"/>
      </object_component>
      <object_component id="oc-1ad">
         <name>.const:$P$T1$2</name>
         <load_address>0x3b95</load_address>
         <run_address>0x3b95</run_address>
         <size>0x31</size>
         <input_file_ref idref="fl-9"/>
      </object_component>
      <object_component id="oc-366">
         <name>.cinit..data.load</name>
         <load_address>0x3bc8</load_address>
         <run_address>0x3bc8</run_address>
         <size>0x77</size>
      </object_component>
      <object_component id="oc-364">
         <name>__TI_handler_table</name>
         <load_address>0x3c40</load_address>
         <run_address>0x3c40</run_address>
         <size>0xc</size>
      </object_component>
      <object_component id="oc-367">
         <name>.cinit..bss.load</name>
         <load_address>0x3c50</load_address>
         <run_address>0x3c50</run_address>
         <size>0x8</size>
      </object_component>
      <object_component id="oc-365">
         <name>__TI_cinit_table</name>
         <load_address>0x3c58</load_address>
         <run_address>0x3c58</run_address>
         <size>0x10</size>
      </object_component>
      <object_component id="oc-2a">
         <name>.sysmem</name>
         <uninitialized>true</uninitialized>
         <run_address>0x20000970</run_address>
         <size>0x8</size>
         <input_file_ref idref="fl-156"/>
      </object_component>
      <object_component id="oc-369">
         <name>.sysmem</name>
         <uninitialized>true</uninitialized>
         <run_address>0x20000970</run_address>
         <size>0x0</size>
      </object_component>
      <object_component id="oc-29">
         <name>.stack</name>
         <uninitialized>true</uninitialized>
         <run_address>0x200014c0</run_address>
         <size>0x0</size>
         <input_file_ref idref="fl-13b"/>
      </object_component>
      <object_component id="oc-368">
         <name>.stack</name>
         <uninitialized>true</uninitialized>
         <run_address>0x200014c0</run_address>
         <size>0x0</size>
      </object_component>
      <object_component id="oc-231">
         <name>.bss:rgbOledBmp</name>
         <uninitialized>true</uninitialized>
         <run_address>0x20001170</run_address>
         <size>0x200</size>
         <input_file_ref idref="fl-5"/>
      </object_component>
      <object_component id="oc-224">
         <name>.bss:rgbOledFontUser</name>
         <uninitialized>true</uninitialized>
         <run_address>0x20001370</run_address>
         <size>0x100</size>
         <input_file_ref idref="fl-6"/>
      </object_component>
      <object_component id="oc-266">
         <name>.common:xcoOledCur</name>
         <uninitialized>true</uninitialized>
         <run_address>0x200014ac</run_address>
         <size>0x4</size>
      </object_component>
      <object_component id="oc-267">
         <name>.common:ycoOledCur</name>
         <uninitialized>true</uninitialized>
         <run_address>0x200014b8</run_address>
         <size>0x4</size>
      </object_component>
      <object_component id="oc-268">
         <name>.common:pbOledCur</name>
         <uninitialized>true</uninitialized>
         <run_address>0x2000148c</run_address>
         <size>0x4</size>
      </object_component>
      <object_component id="oc-269">
         <name>.common:bnOledCur</name>
         <uninitialized>true</uninitialized>
         <run_address>0x20001470</run_address>
         <size>0x4</size>
      </object_component>
      <object_component id="oc-22b">
         <name>.common:clrOledCur</name>
         <uninitialized>true</uninitialized>
         <run_address>0x200014be</run_address>
         <size>0x1</size>
      </object_component>
      <object_component id="oc-22c">
         <name>.common:pbOledPatCur</name>
         <uninitialized>true</uninitialized>
         <run_address>0x20001498</run_address>
         <size>0x4</size>
      </object_component>
      <object_component id="oc-230">
         <name>.common:fOledCharUpdate</name>
         <uninitialized>true</uninitialized>
         <run_address>0x2000147c</run_address>
         <size>0x4</size>
      </object_component>
      <object_component id="oc-21b">
         <name>.common:dxcoOledFontCur</name>
         <uninitialized>true</uninitialized>
         <run_address>0x20001474</run_address>
         <size>0x4</size>
      </object_component>
      <object_component id="oc-21e">
         <name>.common:dycoOledFontCur</name>
         <uninitialized>true</uninitialized>
         <run_address>0x20001478</run_address>
         <size>0x4</size>
      </object_component>
      <object_component id="oc-21f">
         <name>.common:pbOledFontCur</name>
         <uninitialized>true</uninitialized>
         <run_address>0x20001490</run_address>
         <size>0x4</size>
      </object_component>
      <object_component id="oc-223">
         <name>.common:pbOledFontUser</name>
         <uninitialized>true</uninitialized>
         <run_address>0x20001494</run_address>
         <size>0x4</size>
      </object_component>
      <object_component id="oc-2a2">
         <name>.common:xchOledCur</name>
         <uninitialized>true</uninitialized>
         <run_address>0x200014a4</run_address>
         <size>0x4</size>
      </object_component>
      <object_component id="oc-2a3">
         <name>.common:ychOledCur</name>
         <uninitialized>true</uninitialized>
         <run_address>0x200014b0</run_address>
         <size>0x4</size>
      </object_component>
      <object_component id="oc-227">
         <name>.common:xchOledMax</name>
         <uninitialized>true</uninitialized>
         <run_address>0x200014a8</run_address>
         <size>0x4</size>
      </object_component>
      <object_component id="oc-22a">
         <name>.common:ychOledMax</name>
         <uninitialized>true</uninitialized>
         <run_address>0x200014b4</run_address>
         <size>0x4</size>
      </object_component>
      <object_component id="oc-26d">
         <name>.common:pfnDoRop</name>
         <uninitialized>true</uninitialized>
         <run_address>0x2000149c</run_address>
         <size>0x4</size>
      </object_component>
      <object_component id="oc-26a">
         <name>.common:modOledCur</name>
         <uninitialized>true</uninitialized>
         <run_address>0x20001488</run_address>
         <size>0x4</size>
      </object_component>
      <object_component id="oc-15d">
         <name>.common:chSwtCur</name>
         <uninitialized>true</uninitialized>
         <run_address>0x200014bc</run_address>
         <size>0x1</size>
      </object_component>
      <object_component id="oc-160">
         <name>.common:chSwtPrev</name>
         <uninitialized>true</uninitialized>
         <run_address>0x200014bd</run_address>
         <size>0x1</size>
      </object_component>
      <object_component id="oc-161">
         <name>.common:fClearOled</name>
         <uninitialized>true</uninitialized>
         <run_address>0x200014bf</run_address>
         <size>0x1</size>
      </object_component>
      <object_component id="oc-178">
         <name>.common:lBtn1</name>
         <uninitialized>true</uninitialized>
         <run_address>0x20001480</run_address>
         <size>0x4</size>
      </object_component>
      <object_component id="oc-19e">
         <name>.common:lBtn2</name>
         <uninitialized>true</uninitialized>
         <run_address>0x20001484</run_address>
         <size>0x4</size>
      </object_component>
      <object_component id="oc-179">
         <name>.common:ulAIN0</name>
         <uninitialized>true</uninitialized>
         <run_address>0x200014a0</run_address>
         <size>0x4</size>
      </object_component>
      <object_component id="oc-154">
         <name>.data</name>
         <load_address>0x20000900</load_address>
         <run_address>0x20000900</run_address>
         <size>0x4d</size>
         <input_file_ref idref="fl-9"/>
      </object_component>
      <object_component id="oc-151">
         <name>.data:line</name>
         <load_address>0x20000000</load_address>
         <run_address>0x20000000</run_address>
         <size>0x7d0</size>
         <input_file_ref idref="fl-9"/>
      </object_component>
      <object_component id="oc-af">
         <name>.data</name>
         <load_address>0x20000958</load_address>
         <run_address>0x20000958</run_address>
         <size>0x8</size>
         <input_file_ref idref="fl-142"/>
      </object_component>
      <object_component id="oc-73">
         <name>.data</name>
         <load_address>0x2000096c</load_address>
         <run_address>0x2000096c</run_address>
         <size>0x4</size>
         <input_file_ref idref="fl-15d"/>
      </object_component>
      <object_component id="oc-2c9">
         <name>.data</name>
         <load_address>0x20000880</load_address>
         <run_address>0x20000880</run_address>
         <size>0x80</size>
         <input_file_ref idref="fl-168"/>
      </object_component>
      <object_component id="oc-ac">
         <name>.data</name>
         <load_address>0x20000950</load_address>
         <run_address>0x20000950</run_address>
         <size>0x8</size>
         <input_file_ref idref="fl-16a"/>
      </object_component>
      <object_component id="oc-276">
         <name>.data</name>
         <load_address>0x20000968</load_address>
         <run_address>0x20000968</run_address>
         <size>0x4</size>
         <input_file_ref idref="fl-171"/>
      </object_component>
      <object_component id="oc-313">
         <name>.data</name>
         <load_address>0x20000960</load_address>
         <run_address>0x20000960</run_address>
         <size>0x8</size>
         <input_file_ref idref="fl-182"/>
      </object_component>
      <object_component id="oc-331">
         <name>.data:sigtable</name>
         <load_address>0x200007d0</load_address>
         <run_address>0x200007d0</run_address>
         <size>0xb0</size>
         <input_file_ref idref="fl-184"/>
      </object_component>
      <object_component id="oc-2ac">
         <name>.debug_info</name>
         <load_address>0x0</load_address>
         <run_address>0x0</run_address>
         <size>0xdc</size>
         <input_file_ref idref="fl-2"/>
      </object_component>
      <object_component id="oc-221">
         <name>.debug_info</name>
         <load_address>0xdc</load_address>
         <run_address>0xdc</run_address>
         <size>0xea</size>
         <input_file_ref idref="fl-2"/>
      </object_component>
      <object_component id="oc-7e">
         <name>.debug_info</name>
         <load_address>0x1c6</load_address>
         <run_address>0x1c6</run_address>
         <size>0x84</size>
         <input_file_ref idref="fl-2"/>
      </object_component>
      <object_component id="oc-2b3">
         <name>.debug_info</name>
         <load_address>0x24a</load_address>
         <run_address>0x24a</run_address>
         <size>0xd9</size>
         <input_file_ref idref="fl-3"/>
      </object_component>
      <object_component id="oc-22e">
         <name>.debug_info</name>
         <load_address>0x323</load_address>
         <run_address>0x323</run_address>
         <size>0xe5</size>
         <input_file_ref idref="fl-3"/>
      </object_component>
      <object_component id="oc-c3">
         <name>.debug_info</name>
         <load_address>0x408</load_address>
         <run_address>0x408</run_address>
         <size>0x8b</size>
         <input_file_ref idref="fl-4"/>
      </object_component>
      <object_component id="oc-83">
         <name>.debug_info</name>
         <load_address>0x493</load_address>
         <run_address>0x493</run_address>
         <size>0x18b</size>
         <input_file_ref idref="fl-4"/>
      </object_component>
      <object_component id="oc-21c">
         <name>.debug_info</name>
         <load_address>0x61e</load_address>
         <run_address>0x61e</run_address>
         <size>0x69c</size>
         <input_file_ref idref="fl-5"/>
      </object_component>
      <object_component id="oc-232">
         <name>.debug_info</name>
         <load_address>0xcba</load_address>
         <run_address>0xcba</run_address>
         <size>0xe7</size>
         <input_file_ref idref="fl-5"/>
      </object_component>
      <object_component id="oc-107">
         <name>.debug_info</name>
         <load_address>0xda1</load_address>
         <run_address>0xda1</run_address>
         <size>0xa21</size>
         <input_file_ref idref="fl-5"/>
      </object_component>
      <object_component id="oc-228">
         <name>.debug_info</name>
         <load_address>0x17c2</load_address>
         <run_address>0x17c2</run_address>
         <size>0x30f</size>
         <input_file_ref idref="fl-6"/>
      </object_component>
      <object_component id="oc-225">
         <name>.debug_info</name>
         <load_address>0x1ad1</load_address>
         <run_address>0x1ad1</run_address>
         <size>0xf5</size>
         <input_file_ref idref="fl-6"/>
      </object_component>
      <object_component id="oc-206">
         <name>.debug_info</name>
         <load_address>0x1bc6</load_address>
         <run_address>0x1bc6</run_address>
         <size>0x6f4</size>
         <input_file_ref idref="fl-6"/>
      </object_component>
      <object_component id="oc-26b">
         <name>.debug_info</name>
         <load_address>0x22ba</load_address>
         <run_address>0x22ba</run_address>
         <size>0x331</size>
         <input_file_ref idref="fl-7"/>
      </object_component>
      <object_component id="oc-1a7">
         <name>.debug_info</name>
         <load_address>0x25eb</load_address>
         <run_address>0x25eb</run_address>
         <size>0x18bb</size>
         <input_file_ref idref="fl-7"/>
      </object_component>
      <object_component id="oc-1e6">
         <name>.debug_info</name>
         <load_address>0x3ea6</load_address>
         <run_address>0x3ea6</run_address>
         <size>0x1d7</size>
         <input_file_ref idref="fl-8"/>
      </object_component>
      <object_component id="oc-15e">
         <name>.debug_info</name>
         <load_address>0x407d</load_address>
         <run_address>0x407d</run_address>
         <size>0x956</size>
         <input_file_ref idref="fl-9"/>
      </object_component>
      <object_component id="oc-155">
         <name>.debug_info</name>
         <load_address>0x49d3</load_address>
         <run_address>0x49d3</run_address>
         <size>0x27f</size>
         <input_file_ref idref="fl-9"/>
      </object_component>
      <object_component id="oc-152">
         <name>.debug_info</name>
         <load_address>0x4c52</load_address>
         <run_address>0x4c52</run_address>
         <size>0xd6</size>
         <input_file_ref idref="fl-9"/>
      </object_component>
      <object_component id="oc-1ab">
         <name>.debug_info</name>
         <load_address>0x4d28</load_address>
         <run_address>0x4d28</run_address>
         <size>0xdc</size>
         <input_file_ref idref="fl-9"/>
      </object_component>
      <object_component id="oc-1ae">
         <name>.debug_info</name>
         <load_address>0x4e04</load_address>
         <run_address>0x4e04</run_address>
         <size>0xdc</size>
         <input_file_ref idref="fl-9"/>
      </object_component>
      <object_component id="oc-a6">
         <name>.debug_info</name>
         <load_address>0x4ee0</load_address>
         <run_address>0x4ee0</run_address>
         <size>0x11ca</size>
         <input_file_ref idref="fl-9"/>
      </object_component>
      <object_component id="oc-35">
         <name>.debug_info</name>
         <load_address>0x60aa</load_address>
         <run_address>0x60aa</run_address>
         <size>0x115</size>
         <input_file_ref idref="fl-b"/>
      </object_component>
      <object_component id="oc-10">
         <name>.debug_info</name>
         <load_address>0x61bf</load_address>
         <run_address>0x61bf</run_address>
         <size>0xfa</size>
         <input_file_ref idref="fl-b"/>
      </object_component>
      <object_component id="oc-2e">
         <name>.debug_info</name>
         <load_address>0x62b9</load_address>
         <run_address>0x62b9</run_address>
         <size>0x276</size>
         <input_file_ref idref="fl-b"/>
      </object_component>
      <object_component id="oc-1e1">
         <name>.debug_info</name>
         <load_address>0x652f</load_address>
         <run_address>0x652f</run_address>
         <size>0x23d</size>
         <input_file_ref idref="fl-12"/>
      </object_component>
      <object_component id="oc-fc">
         <name>.debug_info</name>
         <load_address>0x676c</load_address>
         <run_address>0x676c</run_address>
         <size>0x333</size>
         <input_file_ref idref="fl-12"/>
      </object_component>
      <object_component id="oc-102">
         <name>.debug_info</name>
         <load_address>0x6a9f</load_address>
         <run_address>0x6a9f</run_address>
         <size>0x2a0</size>
         <input_file_ref idref="fl-12"/>
      </object_component>
      <object_component id="oc-13e">
         <name>.debug_info</name>
         <load_address>0x6d3f</load_address>
         <run_address>0x6d3f</run_address>
         <size>0x2ff</size>
         <input_file_ref idref="fl-12"/>
      </object_component>
      <object_component id="oc-f6">
         <name>.debug_info</name>
         <load_address>0x703e</load_address>
         <run_address>0x703e</run_address>
         <size>0x326</size>
         <input_file_ref idref="fl-12"/>
      </object_component>
      <object_component id="oc-132">
         <name>.debug_info</name>
         <load_address>0x7364</load_address>
         <run_address>0x7364</run_address>
         <size>0x2a4</size>
         <input_file_ref idref="fl-12"/>
      </object_component>
      <object_component id="oc-138">
         <name>.debug_info</name>
         <load_address>0x7608</load_address>
         <run_address>0x7608</run_address>
         <size>0x2e7</size>
         <input_file_ref idref="fl-12"/>
      </object_component>
      <object_component id="oc-1d6">
         <name>.debug_info</name>
         <load_address>0x78ef</load_address>
         <run_address>0x78ef</run_address>
         <size>0x230</size>
         <input_file_ref idref="fl-13"/>
      </object_component>
      <object_component id="oc-237">
         <name>.debug_info</name>
         <load_address>0x7b1f</load_address>
         <run_address>0x7b1f</run_address>
         <size>0x15b</size>
         <input_file_ref idref="fl-13"/>
      </object_component>
      <object_component id="oc-158">
         <name>.debug_info</name>
         <load_address>0x7c7a</load_address>
         <run_address>0x7c7a</run_address>
         <size>0x2a3</size>
         <input_file_ref idref="fl-13"/>
      </object_component>
      <object_component id="oc-1d8">
         <name>.debug_info</name>
         <load_address>0x7f1d</load_address>
         <run_address>0x7f1d</run_address>
         <size>0x2b3</size>
         <input_file_ref idref="fl-13"/>
      </object_component>
      <object_component id="oc-dd">
         <name>.debug_info</name>
         <load_address>0x81d0</load_address>
         <run_address>0x81d0</run_address>
         <size>0x316</size>
         <input_file_ref idref="fl-13"/>
      </object_component>
      <object_component id="oc-1ec">
         <name>.debug_info</name>
         <load_address>0x84e6</load_address>
         <run_address>0x84e6</run_address>
         <size>0x2a9</size>
         <input_file_ref idref="fl-13"/>
      </object_component>
      <object_component id="oc-119">
         <name>.debug_info</name>
         <load_address>0x878f</load_address>
         <run_address>0x878f</run_address>
         <size>0x2a9</size>
         <input_file_ref idref="fl-13"/>
      </object_component>
      <object_component id="oc-e9">
         <name>.debug_info</name>
         <load_address>0x8a38</load_address>
         <run_address>0x8a38</run_address>
         <size>0x2b7</size>
         <input_file_ref idref="fl-13"/>
      </object_component>
      <object_component id="oc-e3">
         <name>.debug_info</name>
         <load_address>0x8cef</load_address>
         <run_address>0x8cef</run_address>
         <size>0x2b5</size>
         <input_file_ref idref="fl-13"/>
      </object_component>
      <object_component id="oc-f1">
         <name>.debug_info</name>
         <load_address>0x8fa4</load_address>
         <run_address>0x8fa4</run_address>
         <size>0x2a9</size>
         <input_file_ref idref="fl-13"/>
      </object_component>
      <object_component id="oc-12d">
         <name>.debug_info</name>
         <load_address>0x924d</load_address>
         <run_address>0x924d</run_address>
         <size>0x27b</size>
         <input_file_ref idref="fl-13"/>
      </object_component>
      <object_component id="oc-115">
         <name>.debug_info</name>
         <load_address>0x94c8</load_address>
         <run_address>0x94c8</run_address>
         <size>0x280</size>
         <input_file_ref idref="fl-13"/>
      </object_component>
      <object_component id="oc-246">
         <name>.debug_info</name>
         <load_address>0x9748</load_address>
         <run_address>0x9748</run_address>
         <size>0x231</size>
         <input_file_ref idref="fl-14"/>
      </object_component>
      <object_component id="oc-181">
         <name>.debug_info</name>
         <load_address>0x9979</load_address>
         <run_address>0x9979</run_address>
         <size>0x2ce</size>
         <input_file_ref idref="fl-14"/>
      </object_component>
      <object_component id="oc-241">
         <name>.debug_info</name>
         <load_address>0x9c47</load_address>
         <run_address>0x9c47</run_address>
         <size>0x24e</size>
         <input_file_ref idref="fl-14"/>
      </object_component>
      <object_component id="oc-126">
         <name>.debug_info</name>
         <load_address>0x9e95</load_address>
         <run_address>0x9e95</run_address>
         <size>0x2e8</size>
         <input_file_ref idref="fl-14"/>
      </object_component>
      <object_component id="oc-18d">
         <name>.debug_info</name>
         <load_address>0xa17d</load_address>
         <run_address>0xa17d</run_address>
         <size>0x27e</size>
         <input_file_ref idref="fl-14"/>
      </object_component>
      <object_component id="oc-19a">
         <name>.debug_info</name>
         <load_address>0xa3fb</load_address>
         <run_address>0xa3fb</run_address>
         <size>0x254</size>
         <input_file_ref idref="fl-14"/>
      </object_component>
      <object_component id="oc-187">
         <name>.debug_info</name>
         <load_address>0xa64f</load_address>
         <run_address>0xa64f</run_address>
         <size>0x27e</size>
         <input_file_ref idref="fl-14"/>
      </object_component>
      <object_component id="oc-194">
         <name>.debug_info</name>
         <load_address>0xa8cd</load_address>
         <run_address>0xa8cd</run_address>
         <size>0x254</size>
         <input_file_ref idref="fl-14"/>
      </object_component>
      <object_component id="oc-29f">
         <name>.debug_info</name>
         <load_address>0xab21</load_address>
         <run_address>0xab21</run_address>
         <size>0x21c</size>
         <input_file_ref idref="fl-16"/>
      </object_component>
      <object_component id="oc-1fe">
         <name>.debug_info</name>
         <load_address>0xad3d</load_address>
         <run_address>0xad3d</run_address>
         <size>0x242</size>
         <input_file_ref idref="fl-16"/>
      </object_component>
      <object_component id="oc-210">
         <name>.debug_info</name>
         <load_address>0xaf7f</load_address>
         <run_address>0xaf7f</run_address>
         <size>0x276</size>
         <input_file_ref idref="fl-16"/>
      </object_component>
      <object_component id="oc-216">
         <name>.debug_info</name>
         <load_address>0xb1f5</load_address>
         <run_address>0xb1f5</run_address>
         <size>0x27a</size>
         <input_file_ref idref="fl-16"/>
      </object_component>
      <object_component id="oc-1f9">
         <name>.debug_info</name>
         <load_address>0xb46f</load_address>
         <run_address>0xb46f</run_address>
         <size>0x3d9</size>
         <input_file_ref idref="fl-16"/>
      </object_component>
      <object_component id="oc-1f2">
         <name>.debug_info</name>
         <load_address>0xb848</load_address>
         <run_address>0xb848</run_address>
         <size>0x28c</size>
         <input_file_ref idref="fl-16"/>
      </object_component>
      <object_component id="oc-20a">
         <name>.debug_info</name>
         <load_address>0xbad4</load_address>
         <run_address>0xbad4</run_address>
         <size>0x242</size>
         <input_file_ref idref="fl-16"/>
      </object_component>
      <object_component id="oc-1d4">
         <name>.debug_info</name>
         <load_address>0xbd16</load_address>
         <run_address>0xbd16</run_address>
         <size>0x27f</size>
         <input_file_ref idref="fl-17"/>
      </object_component>
      <object_component id="oc-23c">
         <name>.debug_info</name>
         <load_address>0xbf95</load_address>
         <run_address>0xbf95</run_address>
         <size>0x14d</size>
         <input_file_ref idref="fl-17"/>
      </object_component>
      <object_component id="oc-d7">
         <name>.debug_info</name>
         <load_address>0xc0e2</load_address>
         <run_address>0xc0e2</run_address>
         <size>0x27d</size>
         <input_file_ref idref="fl-17"/>
      </object_component>
      <object_component id="oc-10d">
         <name>.debug_info</name>
         <load_address>0xc35f</load_address>
         <run_address>0xc35f</run_address>
         <size>0x2db</size>
         <input_file_ref idref="fl-17"/>
      </object_component>
      <object_component id="oc-11f">
         <name>.debug_info</name>
         <load_address>0xc63a</load_address>
         <run_address>0xc63a</run_address>
         <size>0x2b5</size>
         <input_file_ref idref="fl-17"/>
      </object_component>
      <object_component id="oc-280">
         <name>.debug_info</name>
         <load_address>0xc8ef</load_address>
         <run_address>0xc8ef</run_address>
         <size>0x5f</size>
         <input_file_ref idref="fl-17"/>
      </object_component>
      <object_component id="oc-2da">
         <name>.debug_info</name>
         <load_address>0xc94e</load_address>
         <run_address>0xc94e</run_address>
         <size>0x228</size>
         <input_file_ref idref="fl-18"/>
      </object_component>
      <object_component id="oc-297">
         <name>.debug_info</name>
         <load_address>0xcb76</load_address>
         <run_address>0xcb76</run_address>
         <size>0x28a</size>
         <input_file_ref idref="fl-18"/>
      </object_component>
      <object_component id="oc-292">
         <name>.debug_info</name>
         <load_address>0xce00</load_address>
         <run_address>0xce00</run_address>
         <size>0x27f</size>
         <input_file_ref idref="fl-18"/>
      </object_component>
      <object_component id="oc-28b">
         <name>.debug_info</name>
         <load_address>0xd07f</load_address>
         <run_address>0xd07f</run_address>
         <size>0x28c</size>
         <input_file_ref idref="fl-18"/>
      </object_component>
      <object_component id="oc-26">
         <name>.debug_info</name>
         <load_address>0xd30b</load_address>
         <run_address>0xd30b</run_address>
         <size>0x134</size>
         <input_file_ref idref="fl-13b"/>
      </object_component>
      <object_component id="oc-41">
         <name>.debug_info</name>
         <load_address>0xd43f</load_address>
         <run_address>0xd43f</run_address>
         <size>0x121</size>
         <input_file_ref idref="fl-13d"/>
      </object_component>
      <object_component id="oc-13">
         <name>.debug_info</name>
         <load_address>0xd560</load_address>
         <run_address>0xd560</run_address>
         <size>0x1c0</size>
         <input_file_ref idref="fl-13d"/>
      </object_component>
      <object_component id="oc-3c">
         <name>.debug_info</name>
         <load_address>0xd720</load_address>
         <run_address>0xd720</run_address>
         <size>0x46</size>
         <input_file_ref idref="fl-13d"/>
      </object_component>
      <object_component id="oc-89">
         <name>.debug_info</name>
         <load_address>0xd766</load_address>
         <run_address>0xd766</run_address>
         <size>0x2c</size>
         <input_file_ref idref="fl-13d"/>
      </object_component>
      <object_component id="oc-49">
         <name>.debug_info</name>
         <load_address>0xd792</load_address>
         <run_address>0xd792</run_address>
         <size>0x115</size>
         <input_file_ref idref="fl-13e"/>
      </object_component>
      <object_component id="oc-45">
         <name>.debug_info</name>
         <load_address>0xd8a7</load_address>
         <run_address>0xd8a7</run_address>
         <size>0x228</size>
         <input_file_ref idref="fl-13e"/>
      </object_component>
      <object_component id="oc-1a">
         <name>.debug_info</name>
         <load_address>0xdacf</load_address>
         <run_address>0xdacf</run_address>
         <size>0x192</size>
         <input_file_ref idref="fl-13e"/>
      </object_component>
      <object_component id="oc-4a">
         <name>.debug_info</name>
         <load_address>0xdc61</load_address>
         <run_address>0xdc61</run_address>
         <size>0x39</size>
         <input_file_ref idref="fl-13e"/>
      </object_component>
      <object_component id="oc-93">
         <name>.debug_info</name>
         <load_address>0xdc9a</load_address>
         <run_address>0xdc9a</run_address>
         <size>0x2c</size>
         <input_file_ref idref="fl-13e"/>
      </object_component>
      <object_component id="oc-5a">
         <name>.debug_info</name>
         <load_address>0xdcc6</load_address>
         <run_address>0xdcc6</run_address>
         <size>0x110</size>
         <input_file_ref idref="fl-13f"/>
      </object_component>
      <object_component id="oc-22">
         <name>.debug_info</name>
         <load_address>0xddd6</load_address>
         <run_address>0xddd6</run_address>
         <size>0x18b</size>
         <input_file_ref idref="fl-13f"/>
      </object_component>
      <object_component id="oc-55">
         <name>.debug_info</name>
         <load_address>0xdf61</load_address>
         <run_address>0xdf61</run_address>
         <size>0x46</size>
         <input_file_ref idref="fl-13f"/>
      </object_component>
      <object_component id="oc-173">
         <name>.debug_info</name>
         <load_address>0xdfa7</load_address>
         <run_address>0xdfa7</run_address>
         <size>0x11b</size>
         <input_file_ref idref="fl-140"/>
      </object_component>
      <object_component id="oc-b3">
         <name>.debug_info</name>
         <load_address>0xe0c2</load_address>
         <run_address>0xe0c2</run_address>
         <size>0x172</size>
         <input_file_ref idref="fl-142"/>
      </object_component>
      <object_component id="oc-b0">
         <name>.debug_info</name>
         <load_address>0xe234</load_address>
         <run_address>0xe234</run_address>
         <size>0x117</size>
         <input_file_ref idref="fl-142"/>
      </object_component>
      <object_component id="oc-71">
         <name>.debug_info</name>
         <load_address>0xe34b</load_address>
         <run_address>0xe34b</run_address>
         <size>0x1ee</size>
         <input_file_ref idref="fl-142"/>
      </object_component>
      <object_component id="oc-163">
         <name>.debug_info</name>
         <load_address>0xe539</load_address>
         <run_address>0xe539</run_address>
         <size>0x129</size>
         <input_file_ref idref="fl-144"/>
      </object_component>
      <object_component id="oc-14f">
         <name>.debug_info</name>
         <load_address>0xe662</load_address>
         <run_address>0xe662</run_address>
         <size>0x105</size>
         <input_file_ref idref="fl-145"/>
      </object_component>
      <object_component id="oc-14a">
         <name>.debug_info</name>
         <load_address>0xe767</load_address>
         <run_address>0xe767</run_address>
         <size>0x107</size>
         <input_file_ref idref="fl-145"/>
      </object_component>
      <object_component id="oc-170">
         <name>.debug_info</name>
         <load_address>0xe86e</load_address>
         <run_address>0xe86e</run_address>
         <size>0x117</size>
         <input_file_ref idref="fl-147"/>
      </object_component>
      <object_component id="oc-1a0">
         <name>.debug_info</name>
         <load_address>0xe985</load_address>
         <run_address>0xe985</run_address>
         <size>0x10b</size>
         <input_file_ref idref="fl-148"/>
      </object_component>
      <object_component id="oc-17b">
         <name>.debug_info</name>
         <load_address>0xea90</load_address>
         <run_address>0xea90</run_address>
         <size>0x112</size>
         <input_file_ref idref="fl-149"/>
      </object_component>
      <object_component id="oc-b9">
         <name>.debug_info</name>
         <load_address>0xeba2</load_address>
         <run_address>0xeba2</run_address>
         <size>0x2c</size>
         <input_file_ref idref="fl-14c"/>
      </object_component>
      <object_component id="oc-144">
         <name>.debug_info</name>
         <load_address>0xebce</load_address>
         <run_address>0xebce</run_address>
         <size>0x109</size>
         <input_file_ref idref="fl-151"/>
      </object_component>
      <object_component id="oc-38">
         <name>.debug_info</name>
         <load_address>0xecd7</load_address>
         <run_address>0xecd7</run_address>
         <size>0xf6</size>
         <input_file_ref idref="fl-155"/>
      </object_component>
      <object_component id="oc-79">
         <name>.debug_info</name>
         <load_address>0xedcd</load_address>
         <run_address>0xedcd</run_address>
         <size>0x203</size>
         <input_file_ref idref="fl-156"/>
      </object_component>
      <object_component id="oc-2b">
         <name>.debug_info</name>
         <load_address>0xefd0</load_address>
         <run_address>0xefd0</run_address>
         <size>0xe2</size>
         <input_file_ref idref="fl-156"/>
      </object_component>
      <object_component id="oc-be">
         <name>.debug_info</name>
         <load_address>0xf0b2</load_address>
         <run_address>0xf0b2</run_address>
         <size>0x62</size>
         <input_file_ref idref="fl-156"/>
      </object_component>
      <object_component id="oc-51">
         <name>.debug_info</name>
         <load_address>0xf114</load_address>
         <run_address>0xf114</run_address>
         <size>0x124</size>
         <input_file_ref idref="fl-157"/>
      </object_component>
      <object_component id="oc-5f">
         <name>.debug_info</name>
         <load_address>0xf238</load_address>
         <run_address>0xf238</run_address>
         <size>0x129</size>
         <input_file_ref idref="fl-158"/>
      </object_component>
      <object_component id="oc-16b">
         <name>.debug_info</name>
         <load_address>0xf361</load_address>
         <run_address>0xf361</run_address>
         <size>0x11b</size>
         <input_file_ref idref="fl-15b"/>
      </object_component>
      <object_component id="oc-74">
         <name>.debug_info</name>
         <load_address>0xf47c</load_address>
         <run_address>0xf47c</run_address>
         <size>0xea</size>
         <input_file_ref idref="fl-15d"/>
      </object_component>
      <object_component id="oc-27a">
         <name>.debug_info</name>
         <load_address>0xf566</load_address>
         <run_address>0xf566</run_address>
         <size>0x125</size>
         <input_file_ref idref="fl-162"/>
      </object_component>
      <object_component id="oc-1b2">
         <name>.debug_info</name>
         <load_address>0xf68b</load_address>
         <run_address>0xf68b</run_address>
         <size>0x248</size>
         <input_file_ref idref="fl-162"/>
      </object_component>
      <object_component id="oc-317">
         <name>.debug_info</name>
         <load_address>0xf8d3</load_address>
         <run_address>0xf8d3</run_address>
         <size>0x164</size>
         <input_file_ref idref="fl-166"/>
      </object_component>
      <object_component id="oc-2fa">
         <name>.debug_info</name>
         <load_address>0xfa37</load_address>
         <run_address>0xfa37</run_address>
         <size>0x86</size>
         <input_file_ref idref="fl-166"/>
      </object_component>
      <object_component id="oc-301">
         <name>.debug_info</name>
         <load_address>0xfabd</load_address>
         <run_address>0xfabd</run_address>
         <size>0x1a8</size>
         <input_file_ref idref="fl-167"/>
      </object_component>
      <object_component id="oc-2cd">
         <name>.debug_info</name>
         <load_address>0xfc65</load_address>
         <run_address>0xfc65</run_address>
         <size>0x13d</size>
         <input_file_ref idref="fl-167"/>
      </object_component>
      <object_component id="oc-258">
         <name>.debug_info</name>
         <load_address>0xfda2</load_address>
[...]
      </symbol>
      <symbol id="sm-288">
         <name>szAIN</name>
         <value>0x20000900</value>
         <object_component_ref idref="oc-154"/>
      </symbol>
      <symbol id="sm-289">
         <name>Accel_int</name>
         <value>0x8b9</value>
         <object_component_ref idref="oc-a4"/>
      </symbol>
      <symbol id="sm-28a">
         <name>penDown</name>
         <value>0x20000938</value>
         <object_component_ref idref="oc-154"/>
      </symbol>
      <symbol id="sm-28b">
         <name>checkSwitches</name>
         <value>0xa25</value>
         <object_component_ref idref="oc-a4"/>
      </symbol>
      <symbol id="sm-28c">
         <name>lineSize</name>
         <value>0x2000092c</value>
         <object_component_ref idref="oc-154"/>
      </symbol>
      <symbol id="sm-28d">
         <name>yc</name>
         <value>0x20000934</value>
         <object_component_ref idref="oc-154"/>
      </symbol>
      <symbol id="sm-28e">
         <name>xc</name>
         <value>0x20000930</value>
         <object_component_ref idref="oc-154"/>
      </symbol>
      <symbol id="sm-28f">
         <name>Accel_read</name>
         <value>0x909</value>
         <object_component_ref idref="oc-a4"/>
      </symbol>
      <symbol id="sm-290">
         <name>line</name>
         <value>0x20000000</value>
         <object_component_ref idref="oc-151"/>
      </symbol>
      <symbol id="sm-291">
         <name>cMSB</name>
         <value>0x20000906</value>
         <object_component_ref idref="oc-154"/>
      </symbol>
      <symbol id="sm-292">
         <name>szAnalog</name>
         <value>0x20000909</value>
         <object_component_ref idref="oc-154"/>
      </symbol>
      <symbol id="sm-293">
         <name>freehand</name>
         <value>0x2000093c</value>
         <object_component_ref idref="oc-154"/>
      </symbol>
      <symbol id="sm-294">
         <name>main</name>
         <value>0x26d</value>
         <object_component_ref idref="oc-a4"/>
      </symbol>
      <symbol id="sm-295">
         <name>undo</name>
         <value>0x20000948</value>
         <object_component_ref idref="oc-154"/>
      </symbol>
      <symbol id="sm-296">
         <name>cLSB</name>
         <value>0x20000908</value>
         <object_component_ref idref="oc-154"/>
      </symbol>
      <symbol id="sm-297">
         <name>getAngle</name>
         <value>0xd1d</value>
         <object_component_ref idref="oc-a4"/>
      </symbol>
      <symbol id="sm-298">
         <name>szDemo2</name>
         <value>0x2000091e</value>
         <object_component_ref idref="oc-154"/>
      </symbol>
      <symbol id="sm-299">
         <name>szDemo1</name>
         <value>0x20000912</value>
         <object_component_ref idref="oc-154"/>
      </symbol>
      <symbol id="sm-29a">
         <name>velY</name>
         <value>0x20000944</value>
         <object_component_ref idref="oc-154"/>
      </symbol>
      <symbol id="sm-29b">
         <name>velX</name>
         <value>0x20000940</value>
         <object_component_ref idref="oc-154"/>
      </symbol>
      <symbol id="sm-29c">
         <name>ui8PinData</name>
         <value>0x2000094c</value>
         <object_component_ref idref="oc-154"/>
      </symbol>
      <symbol id="sm-29d">
         <name>drawArrow</name>
         <value>0xa85</value>
         <object_component_ref idref="oc-a4"/>
      </symbol>
      <symbol id="sm-2ba">
         <name>ResetISR</name>
         <value>0x3523</value>
         <object_component_ref idref="oc-2d"/>
      </symbol>
      <symbol id="sm-2bb">
         <name>g_pfnVectors</name>
         <value>0x0</value>
         <object_component_ref idref="oc-f"/>
      </symbol>
      <symbol id="sm-2f9">
         <name>ADCProcessorTrigger</name>
         <value>0x343b</value>
         <object_component_ref idref="oc-130"/>
      </symbol>
      <symbol id="sm-2fa">
         <name>ADCSequenceEnable</name>
         <value>0x34e1</value>
         <object_component_ref idref="oc-100"/>
      </symbol>
      <symbol id="sm-2fb">
         <name>ADCSequenceConfigure</name>
         <value>0x3221</value>
         <object_component_ref idref="oc-f4"/>
      </symbol>
      <symbol id="sm-2fc">
         <name>ADCSequenceStepConfigure</name>
         <value>0x2d57</value>
         <object_component_ref idref="oc-fa"/>
      </symbol>
      <symbol id="sm-2fd">
         <name>ADCIntStatus</name>
         <value>0x3335</value>
         <object_component_ref idref="oc-136"/>
      </symbol>
      <symbol id="sm-2fe">
         <name>ADCSequenceDataGet</name>
         <value>0x33e9</value>
         <object_component_ref idref="oc-13c"/>
      </symbol>
      <symbol id="sm-360">
         <name>GPIOPinConfigure</name>
         <value>0x307d</value>
         <object_component_ref idref="oc-112"/>
      </symbol>
      <symbol id="sm-361">
         <name>GPIOPinTypeI2C</name>
         <value>0x34bd</value>
         <object_component_ref idref="oc-118"/>
      </symbol>
      <symbol id="sm-362">
         <name>GPIOPinTypeADC</name>
         <value>0x3499</value>
         <object_component_ref idref="oc-ee"/>
      </symbol>
      <symbol id="sm-363">
         <name>GPIOPinTypeGPIOInput</name>
         <value>0x34ab</value>
         <object_component_ref idref="oc-e2"/>
      </symbol>
      <symbol id="sm-364">
         <name>GPIOPinTypeGPIOOutput</name>
         <value>0x3453</value>
         <object_component_ref idref="oc-e8"/>
      </symbol>
      <symbol id="sm-365">
         <name>GPIOPinRead</name>
         <value>0x356f</value>
         <object_component_ref idref="oc-12a"/>
      </symbol>
      <symbol id="sm-366">
         <name>GPIODirModeSet</name>
         <value>0x33bf</value>
         <object_component_ref idref="oc-1d7"/>
      </symbol>
      <symbol id="sm-367">
         <name>GPIOPinWrite</name>
         <value>0x3575</value>
         <object_component_ref idref="oc-157"/>
      </symbol>
      <symbol id="sm-368">
         <name>GPIOPadConfigSet</name>
         <value>0x25b9</value>
         <object_component_ref idref="oc-dc"/>
      </symbol>
      <symbol id="sm-369">
         <name>GPIOPinTypeSSI</name>
         <value>0x34cf</value>
         <object_component_ref idref="oc-1eb"/>
      </symbol>
      <symbol id="sm-3ab">
         <name>I2CMasterBusBusy</name>
         <value>0x3557</value>
         <object_component_ref idref="oc-192"/>
      </symbol>
      <symbol id="sm-3ac">
         <name>I2CMasterDataPut</name>
         <value>0x3595</value>
         <object_component_ref idref="oc-18b"/>
      </symbol>
      <symbol id="sm-3ad">
         <name>I2CMasterInitExpClk</name>
         <value>0x30c5</value>
         <object_component_ref idref="oc-124"/>
      </symbol>
      <symbol id="sm-3ae">
         <name>I2CMasterSlaveAddrSet</name>
         <value>0x355f</value>
         <object_component_ref idref="oc-17f"/>
      </symbol>
      <symbol id="sm-3af">
         <name>I2CMasterDataGet</name>
         <value>0x3591</value>
         <object_component_ref idref="oc-198"/>
      </symbol>
      <symbol id="sm-3b0">
         <name>I2CMasterControl</name>
         <value>0x358d</value>
         <object_component_ref idref="oc-185"/>
      </symbol>
      <symbol id="sm-3b1">
         <name>I2CMasterEnable</name>
         <value>0x352f</value>
         <object_component_ref idref="oc-23f"/>
      </symbol>
      <symbol id="sm-3ea">
         <name>SSIDataPut</name>
         <value>0x3539</value>
         <object_component_ref idref="oc-20f"/>
      </symbol>
      <symbol id="sm-3eb">
         <name>SSIDataGet</name>
         <value>0x350b</value>
         <object_component_ref idref="oc-215"/>
      </symbol>
      <symbol id="sm-3ec">
         <name>SSIConfigSetExpClk</name>
         <value>0x325f</value>
         <object_component_ref idref="oc-1f7"/>
      </symbol>
      <symbol id="sm-3ed">
         <name>SSIEnable</name>
         <value>0x3543</value>
         <object_component_ref idref="oc-1fd"/>
      </symbol>
      <symbol id="sm-3ee">
         <name>SSIClockSourceSet</name>
         <value>0x357b</value>
         <object_component_ref idref="oc-1f1"/>
      </symbol>
      <symbol id="sm-3ef">
         <name>SSIBusy</name>
         <value>0x3567</value>
         <object_component_ref idref="oc-209"/>
      </symbol>
      <symbol id="sm-440">
         <name>SysCtlClockSet</name>
         <value>0x2a01</value>
         <object_component_ref idref="oc-10c"/>
      </symbol>
      <symbol id="sm-441">
         <name>SysCtlDelay</name>
         <value>0x3581</value>
         <object_component_ref idref="oc-191"/>
      </symbol>
      <symbol id="sm-442">
         <name>SysCtlPeripheralEnable</name>
         <value>0x329d</value>
         <object_component_ref idref="oc-d6"/>
      </symbol>
      <symbol id="sm-443">
         <name>SysCtlClockGet</name>
         <value>0x27f9</value>
         <object_component_ref idref="oc-11e"/>
      </symbol>
      <symbol id="sm-467">
         <name>TimerEnable</name>
         <value>0x34ef</value>
         <object_component_ref idref="oc-290"/>
      </symbol>
      <symbol id="sm-468">
         <name>TimerValueGet</name>
         <value>0x354d</value>
         <object_component_ref idref="oc-296"/>
      </symbol>
      <symbol id="sm-469">
         <name>TimerConfigure</name>
         <value>0x2f25</value>
         <object_component_ref idref="oc-28a"/>
      </symbol>
      <symbol id="sm-47c">
         <name>_c_int00</name>
         <value>0x2fe1</value>
         <object_component_ref idref="oc-24"/>
      </symbol>
      <symbol id="sm-47d">
         <name>__stack</name>
         <value>0x200014c0</value>
         <object_component_ref idref="oc-29"/>
      </symbol>
      <symbol id="sm-495">
         <name>__TI_decompress_none</name>
         <value>0x34fd</value>
         <object_component_ref idref="oc-12"/>
      </symbol>
      <symbol id="sm-4bd">
         <name>__TI_decompress_rle24</name>
         <value>0x3587</value>
         <object_component_ref idref="oc-18"/>
      </symbol>
      <symbol id="sm-4cf">
         <name>__TI_zero_init</name>
         <value>0x3517</value>
         <object_component_ref idref="oc-1e"/>
      </symbol>
      <symbol id="sm-4d9">
         <name>cos</name>
         <value>0x3407</value>
         <object_component_ref idref="oc-172"/>
      </symbol>
      <symbol id="sm-4f9">
         <name>C$$EXIT</name>
         <value>0x319d</value>
         <object_component_ref idref="oc-6d"/>
      </symbol>
      <symbol id="sm-4fa">
         <name>abort</name>
         <value>0x31a1</value>
         <object_component_ref idref="oc-6d"/>
      </symbol>
      <symbol id="sm-4fb">
         <name>exit</name>
         <value>0x31a9</value>
         <object_component_ref idref="oc-6d"/>
      </symbol>
      <symbol id="sm-4fc">
         <name>__TI_dtors_ptr</name>
         <value>0x2000095c</value>
         <object_component_ref idref="oc-af"/>
      </symbol>
      <symbol id="sm-4fd">
         <name>__TI_cleanup_ptr</name>
         <value>0x20000958</value>
         <object_component_ref idref="oc-af"/>
      </symbol>
      <symbol id="sm-522">
         <name>__aeabi_dsub</name>
         <value>0x2159</value>
         <object_component_ref idref="oc-162"/>
      </symbol>
      <symbol id="sm-523">
         <name>__aeabi_dadd</name>
         <value>0x2163</value>
         <object_component_ref idref="oc-162"/>
      </symbol>
      <symbol id="sm-54a">
         <name>__aeabi_cdcmpeq</name>
         <value>0x2c4b</value>
         <object_component_ref idref="oc-14c"/>
      </symbol>
      <symbol id="sm-54b">
         <name>__aeabi_cdcmple</name>
         <value>0x2c4b</value>
         <object_component_ref idref="oc-14c"/>
      </symbol>
      <symbol id="sm-54c">
         <name>__aeabi_cdrcmple</name>
         <value>0x2cd1</value>
         <object_component_ref idref="oc-147"/>
      </symbol>
      <symbol id="sm-570">
         <name>__aeabi_dmul</name>
         <value>0x2905</value>
         <object_component_ref idref="oc-16d"/>
      </symbol>
      <symbol id="sm-57e">
         <name>__aeabi_d2iz</name>
         <value>0x310d</value>
         <object_component_ref idref="oc-19f"/>
      </symbol>
      <symbol id="sm-58b">
         <name>__aeabi_d2f</name>
         <value>0x3155</value>
         <object_component_ref idref="oc-17a"/>
      </symbol>
      <symbol id="sm-5a3">
         <name>__aeabi_i2d</name>
         <value>0x3363</value>
         <object_component_ref idref="oc-142"/>
      </symbol>
      <symbol id="sm-5c5">
         <name>memcpy</name>
         <value>0x2baf</value>
         <object_component_ref idref="oc-36"/>
      </symbol>
      <symbol id="sm-5c6">
         <name>__aeabi_memcpy</name>
         <value>0x2baf</value>
         <object_component_ref idref="oc-36"/>
      </symbol>
      <symbol id="sm-5c7">
         <name>__aeabi_memcpy8</name>
         <value>0x2baf</value>
         <object_component_ref idref="oc-36"/>
      </symbol>
      <symbol id="sm-5c8">
         <name>__aeabi_memcpy4</name>
         <value>0x2baf</value>
         <object_component_ref idref="oc-36"/>
      </symbol>
      <symbol id="sm-5db">
         <name>_sys_memory</name>
         <value>0x20000970</value>
         <object_component_ref idref="oc-2a"/>
      </symbol>
      <symbol id="sm-5ea">
         <name>__aeabi_memset</name>
         <value>0x2dd3</value>
         <object_component_ref idref="oc-4f"/>
      </symbol>
      <symbol id="sm-5eb">
         <name>memset</name>
         <value>0x2dd9</value>
         <object_component_ref idref="oc-4f"/>
      </symbol>
      <symbol id="sm-5ec">
         <name>__aeabi_memset8</name>
         <value>0x2dd3</value>
         <object_component_ref idref="oc-4f"/>
      </symbol>
      <symbol id="sm-5ed">
         <name>__aeabi_memset4</name>
         <value>0x2dd3</value>
         <object_component_ref idref="oc-4f"/>
      </symbol>
      <symbol id="sm-5ee">
         <name>__aeabi_memclr8</name>
         <value>0x2dd1</value>
         <object_component_ref idref="oc-4f"/>
      </symbol>
      <symbol id="sm-5ef">
         <name>__aeabi_memclr4</name>
         <value>0x2dd1</value>
         <object_component_ref idref="oc-4f"/>
      </symbol>
      <symbol id="sm-5f0">
         <name>__aeabi_memclr</name>
         <value>0x2dd1</value>
         <object_component_ref idref="oc-4f"/>
      </symbol>
      <symbol id="sm-5fa">
         <name>_system_pre_init</name>
         <value>0x3599</value>
         <object_component_ref idref="oc-5b"/>
      </symbol>
      <symbol id="sm-606">
         <name>sin</name>
         <value>0x3421</value>
         <object_component_ref idref="oc-167"/>
      </symbol>
      <symbol id="sm-60f">
         <name>main_func_sp</name>
         <value>0x2000096c</value>
         <object_component_ref idref="oc-73"/>
      </symbol>
      <symbol id="sm-638">
         <name>strtol</name>
         <value>0x2485</value>
         <object_component_ref idref="oc-1b0"/>
      </symbol>
      <symbol id="sm-680">
         <name>_Sin</name>
         <value>0x1cc1</value>
         <object_component_ref idref="oc-256"/>
      </symbol>
      <symbol id="sm-690">
         <name>_Rteps</name>
         <value>0x200008e0</value>
         <object_component_ref idref="oc-2c9"/>
      </symbol>
      <symbol id="sm-691">
         <name>_Zero</name>
         <value>0x200008f8</value>
         <object_component_ref idref="oc-2c9"/>
      </symbol>
      <symbol id="sm-692">
         <name>_Hugeval</name>
         <value>0x200008a0</value>
         <object_component_ref idref="oc-2c9"/>
      </symbol>
      <symbol id="sm-693">
         <name>_Snan</name>
         <value>0x200008d0</value>
         <object_component_ref idref="oc-2c9"/>
      </symbol>
      <symbol id="sm-694">
         <name>_Nan</name>
         <value>0x200008c0</value>
         <object_component_ref idref="oc-2c9"/>
      </symbol>
      <symbol id="sm-695">
         <name>_Inf</name>
         <value>0x200008b0</value>
         <object_component_ref idref="oc-2c9"/>
      </symbol>
      <symbol id="sm-696">
         <name>_Xbig</name>
         <value>0x200008f0</value>
         <object_component_ref idref="oc-2c9"/>
      </symbol>
      <symbol id="sm-697">
         <name>_Eps</name>
         <value>0x20000890</value>
         <object_component_ref idref="oc-2c9"/>
      </symbol>
      <symbol id="sm-698">
         <name>_Denorm</name>
         <value>0x20000880</value>
         <object_component_ref idref="oc-2c9"/>
      </symbol>
      <symbol id="sm-6b2">
         <name>_nop</name>
         <value>0x3493</value>
         <object_component_ref idref="oc-1be"/>
      </symbol>
      <symbol id="sm-6b3">
         <name>_lock</name>
         <value>0x20000950</value>
         <object_component_ref idref="oc-ac"/>
      </symbol>
      <symbol id="sm-6b4">
         <name>_unlock</name>
         <value>0x20000954</value>
         <object_component_ref idref="oc-ac"/>
      </symbol>
      <symbol id="sm-6b5">
         <name>_register_lock</name>
         <value>0x348b</value>
         <object_component_ref idref="oc-1be"/>
      </symbol>
      <symbol id="sm-6b6">
         <name>_register_unlock</name>
         <value>0x3485</value>
         <object_component_ref idref="oc-1be"/>
      </symbol>
      <symbol id="sm-6cc">
         <name>_args_main</name>
         <value>0x346d</value>
         <object_component_ref idref="oc-67"/>
      </symbol>
      <symbol id="sm-6f3">
         <name>__TI_auto_init</name>
         <value>0x2e4d</value>
         <object_component_ref idref="oc-61"/>
      </symbol>
      <symbol id="sm-70d">
         <name>copy_in</name>
         <value>0x3031</value>
         <object_component_ref idref="oc-9c"/>
      </symbol>
      <symbol id="sm-718">
         <name>_ctypes_</name>
         <value>0x38a0</value>
         <object_component_ref idref="oc-273"/>
      </symbol>
      <symbol id="sm-720">
         <name>_Errno</name>
         <value>0x20000968</value>
         <object_component_ref idref="oc-276"/>
      </symbol>
      <symbol id="sm-744">
         <name>fmod</name>
         <value>0x2311</value>
         <object_component_ref idref="oc-2bd"/>
      </symbol>
      <symbol id="sm-774">
         <name>_Dnorm</name>
         <value>0x2af1</value>
         <object_component_ref idref="oc-2e3"/>
      </symbol>
      <symbol id="sm-790">
         <name>_Dscale</name>
         <value>0x26e9</value>
         <object_component_ref idref="oc-2e9"/>
      </symbol>
      <symbol id="sm-7a0">
         <name>_Feraise</name>
         <value>0x3305</value>
         <object_component_ref idref="oc-2c3"/>
      </symbol>
      <symbol id="sm-7bf">
         <name>feraiseexcept</name>
         <value>0x32d1</value>
         <object_component_ref idref="oc-2f1"/>
      </symbol>
      <symbol id="sm-7c0">
         <name>_Tls_setup__Fenv</name>
         <value>0x20000964</value>
         <object_component_ref idref="oc-313"/>
      </symbol>
      <symbol id="sm-7c1">
         <name>_Fenv</name>
         <value>0x20000960</value>
         <object_component_ref idref="oc-313"/>
      </symbol>
      <symbol id="sm-7d5">
         <name>raise</name>
         <value>0x3391</value>
         <object_component_ref idref="oc-30d"/>
      </symbol>
      <symbol id="sm-7ef">
         <name>signal</name>
         <value>0x31e1</value>
         <object_component_ref idref="oc-31e"/>
      </symbol>
      <symbol id="sm-7f0">
         <name>__TI_static_base__</name>
         <value>0x0</value>
      </symbol>
      <symbol id="sm-7f3">
         <name>SHT$$INIT_ARRAY$$Limit</name>
         <value>0x0</value>
      </symbol>
      <symbol id="sm-7f4">
         <name>SHT$$INIT_ARRAY$$Base</name>
         <value>0x0</value>
      </symbol>
   </symbol_table>
   <title>Link successful</title>
</link_info>
